Component: ARM Compiler 5.06 update 3 (build 300) Tool: armlink [4d35c9]

==============================================================================

Section Cross References

    robarmsermain.o(.text) refers to _printf_pad.o(.text) for _printf_pre_padding
    robarmsermain.o(.text) refers to _printf_percent.o(.ARM.Collect$$_printf_percent$$00000000) for _printf_percent
    robarmsermain.o(.text) refers to _printf_u.o(.ARM.Collect$$_printf_percent$$0000000A) for _printf_u
    robarmsermain.o(.text) refers to _printf_dec.o(.text) for _printf_int_dec
    robarmsermain.o(.text) refers to max_ii_configurator.o(.text) for doMaxIIconfig
    robarmsermain.o(.text) refers to terminal.o(.text) for TRMinit
    robarmsermain.o(.text) refers to anxs20ser.o(.text) for anxS20init
    robarmsermain.o(.text) refers to noretval__2printf.o(.text) for __2printf
    robarmsermain.o(.text) refers to fflush_locked.o(.text) for fflush
    robarmsermain.o(.text) refers to getc.o(.text) for getc
    robarmsermain.o(.text) refers to robarmsermain.o(.conststring) for .conststring
    robarmsermain.o(.text) refers to stdio_streams.o(.bss) for __stdout
    robarmsermain.o(.text) refers to stdio_streams.o(.bss) for __stdin
    robarmsermain.o(.text) refers to robarmsermain.o(.data) for arm_servo
    terminal.o(.text) refers to _printf_percent.o(.ARM.Collect$$_printf_percent$$00000000) for _printf_percent
    terminal.o(.text) refers to _printf_d.o(.ARM.Collect$$_printf_percent$$00000009) for _printf_d
    terminal.o(.text) refers to _printf_dec.o(.text) for _printf_int_dec
    terminal.o(.text) refers to rt_cmsis.o(i.osMessageCreate) for osMessageCreate
    terminal.o(.text) refers to rt_cmsis.o(i.osSemaphoreCreate) for osSemaphoreCreate
    terminal.o(.text) refers to rt_cmsis.o(i.osThreadYield) for osThreadYield
    terminal.o(.text) refers to noretval__2printf.o(.text) for __2printf
    terminal.o(.text) refers to rt_cmsis.o(i.osMessagePut) for osMessagePut
    terminal.o(.text) refers to rt_cmsis.o(i.osMessageGet) for osMessageGet
    terminal.o(.text) refers to terminal.o(.constdata) for os_messageQ_def_STDINmsgQ
    terminal.o(.text) refers to terminal.o(.data) for STDINmsgQ
    terminal.o(.constdata) refers to terminal.o(.bss) for os_messageQ_q_STDINmsgQ
    terminal.o(.constdata) refers to terminal.o(.data) for os_semaphore_cb_STDOUTsem
    anxs20ser.o(.text) refers to _printf_percent.o(.ARM.Collect$$_printf_percent$$00000000) for _printf_percent
    anxs20ser.o(.text) refers to _printf_d.o(.ARM.Collect$$_printf_percent$$00000009) for _printf_d
    anxs20ser.o(.text) refers to _printf_dec.o(.text) for _printf_int_dec
    anxs20ser.o(.text) refers to rt_cmsis.o(i.osMessageCreate) for osMessageCreate
    anxs20ser.o(.text) refers to rt_cmsis.o(i.osThreadYield) for osThreadYield
    anxs20ser.o(.text) refers to rt_cmsis.o(i.osMessagePut) for osMessagePut
    anxs20ser.o(.text) refers to rt_cmsis.o(i.osMessageGet) for osMessageGet
    anxs20ser.o(.text) refers to rt_memcpy_w.o(.text) for __aeabi_memcpy4
    anxs20ser.o(.text) refers to noretval__2printf.o(.text) for __2printf
    anxs20ser.o(.text) refers to anxs20ser.o(.constdata) for os_messageQ_def_anxS20MsgQ
    anxs20ser.o(.text) refers to anxs20ser.o(.data) for anxS20MsgQ
    anxs20ser.o(.constdata) refers to anxs20ser.o(.bss) for os_messageQ_q_anxS20MsgQ
    rtx_conf_cm.o(.emb_text) refers to rt_cmsis.o(i.osKernelInitialize) for osKernelInitialize
    rtx_conf_cm.o(.emb_text) refers to rt_cmsis.o(i.osThreadCreate) for osThreadCreate
    rtx_conf_cm.o(.emb_text) refers to rt_cmsis.o(i.osKernelStart) for osKernelStart
    rtx_conf_cm.o(.emb_text) refers to exit.o(.text) for exit
    rtx_conf_cm.o(.emb_text) refers to rtx_conf_cm.o(.data) for os_thread_def_main
    rtx_conf_cm.o(.text) refers to rt_task.o(i.rt_tsk_self) for rt_tsk_self
    rtx_conf_cm.o(.text) refers to rt_mutex.o(i.rt_mut_init) for rt_mut_init
    rtx_conf_cm.o(.text) refers to rt_cmsis.o(.data) for os_running
    rtx_conf_cm.o(.text) refers to rtx_conf_cm.o(.bss) for .bss
    rtx_conf_cm.o(.text) refers to libspace.o(.bss) for __libspace_start
    rtx_conf_cm.o(.text) refers to rtx_conf_cm.o(.data) for .data
    rtx_conf_cm.o(.text) refers to rt_mutex.o(i.rt_mut_wait) for rt_mut_wait
    rtx_conf_cm.o(.text) refers to rt_mutex.o(i.rt_mut_release) for rt_mut_release
    rtx_conf_cm.o(.constdata) refers to rtx_conf_cm.o(.bss) for os_messageQ_q_osTimerMessageQ
    rtx_conf_cm.o(.data) refers to robarmsermain.o(.text) for main
    retarget_io.o(.text) refers to strcmpv7m.o(.text) for strcmp
    retarget_io.o(.text) refers to terminal.o(.text) for stdout_putchar
    startup_lpc17xx.o(STACK) refers (Special) to heapauxi.o(.text) for __use_two_region_memory
    startup_lpc17xx.o(HEAP) refers (Special) to heapauxi.o(.text) for __use_two_region_memory
    startup_lpc17xx.o(RESET) refers (Special) to heapauxi.o(.text) for __use_two_region_memory
[...]
    .ARM.Collect$$rtexit$$00000000           0x00000182   Section        2  rtexit.o(.ARM.Collect$$rtexit$$00000000)
    .ARM.Collect$$rtexit$$00000002           0x00000184   Section        0  rtexit2.o(.ARM.Collect$$rtexit$$00000002)
    .ARM.Collect$$rtexit$$00000003           0x00000184   Section        4  rtexit2.o(.ARM.Collect$$rtexit$$00000003)
    .ARM.Collect$$rtexit$$00000004           0x00000188   Section        6  rtexit2.o(.ARM.Collect$$rtexit$$00000004)
    .emb_text                                0x00000190   Section       28  rtx_conf_cm.o(.emb_text)
    .emb_text                                0x000001ac   Section      304  hal_cm3.o(.emb_text)
    .emb_text                                0x000002dc   Section        0  maybetermalloc1.o(.emb_text)
    .text                                    0x000002dc   Section        8  libspace.o(.text)
    .text                                    0x000002e4   Section        0  noretval__2printf.o(.text)
    .ARM.__at_0x02FC                         0x000002fc   Section        4  startup_lpc17xx.o(.ARM.__at_0x02FC)
    .text                                    0x00000300   Section        0  robarmsermain.o(.text)
    .text                                    0x00000478   Section        0  terminal.o(.text)
    .text                                    0x00000610   Section        0  anxs20ser.o(.text)
    .text                                    0x000008e0   Section        0  rtx_conf_cm.o(.text)
    __tagsym$$used                           0x00000949   Number         0  rtx_conf_cm.o(.text)
    __tagsym$$used                           0x0000095f   Number         0  rtx_conf_cm.o(.text)
    .text                                    0x0000098c   Section        0  retarget_io.o(.text)
    .text                                    0x00000b20   Section       64  startup_lpc17xx.o(.text)
    .text                                    0x00000b60   Section        0  system_lpc17xx.o(.text)
    .text                                    0x00000e54   Section        0  max_ii_configurator.o(.text)
    .text                                    0x00000f6c   Section      238  lludivv7m.o(.text)
    .text                                    0x0000105a   Section        0  _printf_pad.o(.text)
    .text                                    0x000010a8   Section        0  _printf_dec.o(.text)
    .text                                    0x00001120   Section        0  __printf_flags_wp.o(.text)
    .text                                    0x00001258   Section        0  getc.o(.text)
    .text                                    0x0000125c   Section        0  fflush_locked.o(.text)
    .text                                    0x000012ec   Section        0  exit.o(.text)
    .text                                    0x000012fe   Section      100  rt_memcpy_w.o(.text)
    .text                                    0x00001364   Section      128  strcmpv7m.o(.text)
    .text                                    0x000013e4   Section        0  heapauxi.o(.text)
    .text                                    0x000013ea   Section        0  _printf_intcommon.o(.text)
    .text                                    0x0000149c   Section        0  fseek.o(.text)
    .text                                    0x00001594   Section        0  stdio.o(.text)
    .text                                    0x00001684   Section        0  fgetc_locked.o(.text)
    .text                                    0x000016a4   Section        0  initio_locked.o(.text)
    .text                                    0x0000186c   Section        0  h1_free_mt.o(.text)
    .text                                    0x000018e4   Section        0  _printf_char_common.o(.text)
    _printf_input_char                       0x000018e5   Thumb Code    10  _printf_char_common.o(.text)
    .text                                    0x00001914   Section        0  filbuf.o(.text)
    .text                                    0x00001b4e   Section        0  ftell.o(.text)
    .text                                    0x00001b90   Section        0  fclose.o(.text)
    .text                                    0x00001bdc   Section        0  setvbuf_locked.o(.text)
    .text                                    0x00001c44   Section        0  fopen_locked.o(.text)
    _freopen_locked                          0x00001c45   Thumb Code   174  fopen_locked.o(.text)
    .text                                    0x00001d88   Section        0  defsig_rtred_outer.o(.text)
    .text                                    0x00001d96   Section       78  rt_memclr_w.o(.text)
    .text                                    0x00001de4   Section        0  sys_exit.o(.text)
    .text                                    0x00001df0   Section       74  sys_stackheap_outer.o(.text)
    .text                                    0x00001e3a   Section       10  rt_heap_descriptor_twolibspace.o(.text)
    .text                                    0x00001e44   Section        4  rt_errno_addr_twolibspace.o(.text)
    .text                                    0x00001e48   Section        0  hguard.o(.text)
    .text                                    0x00001e4c   Section        0  init_alloc.o(.text)
    .text                                    0x00001ed6   Section        0  h1_alloc_mt.o(.text)
    Heap1_SizeAdjust                         0x00001ed7   Thumb Code     8  h1_alloc_mt.o(.text)
    .text                                    0x00001f74   Section        0  flsbuf.o(.text)
    .text                                    0x0000214c   Section        0  flushlinebuffered_locked.o(.text)
    .text                                    0x000021a8   Section        0  defsig_exit.o(.text)
    .text                                    0x000021b4   Section        0  defsig_rtred_inner.o(.text)
    .text                                    0x000021e8   Section        2  use_no_semi.o(.text)
    .text                                    0x000021ea   Section        0  h1_init_mt.o(.text)
    .text                                    0x000021ea   Section        0  indicate_semi.o(.text)
    .text                                    0x000021fc   Section        0  h1_extend_mt.o(.text)
    .text                                    0x0000223c   Section        0  _printf_char_file_locked.o(.text)
    .text                                    0x0000227c   Section        0  defsig_general.o(.text)
    .text                                    0x000022ae   Section        0  defsig_rtmem_outer.o(.text)
    .text                                    0x000022bc   Section        0  sys_wrch.o(.text)
    .text                                    0x000022cc   Section        0  defsig_rtmem_inner.o(.text)
    SVC_TABLE                                0x0000231c   Section        4  svc_table.o(SVC_TABLE)
    i._init_box                              0x00002320   Section        0  rt_membox.o(i._init_box)
    i._is_digit                              0x00002366   Section        0  __printf_wp.o(i._is_digit)
    i.dbg_init                               0x00002374   Section        0  hal_cm.o(i.dbg_init)
    i.dbg_task_notify                        0x000023a4   Section        0  hal_cm.o(i.dbg_task_notify)
    i.dbg_task_switch                        0x000023c4   Section        0  hal_cm.o(i.dbg_task_switch)
    i.fgetc                                  0x000023d4   Section        0  fgetc.o(i.fgetc)
    i.fputc                                  0x000023ec   Section        0  fputc.o(i.fputc)
    i.isrMessageGet                          0x00002406   Section        0  rt_cmsis.o(i.isrMessageGet)
    i.isrMessagePut                          0x00002430   Section        0  rt_cmsis.o(i.isrMessagePut)
    i.isr_mbx_receive                        0x0000245c   Section        0  rt_mailbox.o(i.isr_mbx_receive)
    i.isr_mbx_send                           0x000024ae   Section        0  rt_mailbox.o(i.isr_mbx_send)
    i.osKernelInitialize                     0x000024bc   Section        0  rt_cmsis.o(i.osKernelInitialize)
    i.osKernelStart                          0x000024e0   Section        0  rt_cmsis.o(i.osKernelStart)
    i.osMessageCreate                        0x0000254c   Section        0  rt_cmsis.o(i.osMessageCreate)
    i.osMessageGet                           0x0000257c   Section        0  rt_cmsis.o(i.osMessageGet)
    i.osMessagePut                           0x00002594   Section        0  rt_cmsis.o(i.osMessagePut)
    i.osSemaphoreCreate                      0x000025ac   Section        0  rt_cmsis.o(i.osSemaphoreCreate)
    i.osThreadCreate                         0x000025dc   Section        0  rt_cmsis.o(i.osThreadCreate)
    i.osThreadExit                           0x0000260c   Section        0  rt_cmsis.o(i.osThreadExit)
    i.osThreadYield                          0x00002624   Section        0  rt_cmsis.o(i.osThreadYield)
    i.os_tick_init                           0x0000263c   Section        0  rt_system.o(i.os_tick_init)
    i.os_tick_irqack                         0x00002664   Section        0  rt_system.o(i.os_tick_irqack)
    i.rt_alloc_box                           0x00002666   Section        0  rt_membox.o(i.rt_alloc_box)
    i.rt_alloc_mem                           0x00002680   Section        0  rt_memory.o(i.rt_alloc_mem)
    i.rt_block                               0x000026c0   Section        0  rt_task.o(i.rt_block)
    i.rt_chk_robin                           0x000026f8   Section        0  rt_robin.o(i.rt_chk_robin)
    i.rt_dec_dly                             0x00002740   Section        0  rt_list.o(i.rt_dec_dly)
    i.rt_dispatch                            0x000027b0   Section        0  rt_task.o(i.rt_dispatch)
    i.rt_evt_psh                             0x000027f4   Section        0  rt_event.o(i.rt_evt_psh)
    i.rt_free_box                            0x00002844   Section        0  rt_membox.o(i.rt_free_box)
    i.rt_free_mem                            0x00002870   Section        0  rt_memory.o(i.rt_free_mem)
    i.rt_get_first                           0x00002898   Section        0  rt_list.o(i.rt_get_first)
    i.rt_get_same_rdy_prio                   0x000028c0   Section        0  rt_list.o(i.rt_get_same_rdy_prio)
    i.rt_init_context                        0x000028e4   Section        0  rt_task.o(i.rt_init_context)
    rt_init_context                          0x000028e5   Thumb Code    66  rt_task.o(i.rt_init_context)
    i.rt_init_mem                            0x0000292c   Section        0  rt_memory.o(i.rt_init_mem)
    i.rt_init_robin                          0x00002948   Section        0  rt_robin.o(i.rt_init_robin)
    i.rt_init_stack                          0x00002960   Section        0  hal_cm.o(i.rt_init_stack)
    i.rt_mbx_check                           0x000029e0   Section        0  rt_mailbox.o(i.rt_mbx_check)
    i.rt_mbx_init                            0x000029e8   Section        0  rt_mailbox.o(i.rt_mbx_init)
    i.rt_mbx_psh                             0x00002a04   Section        0  rt_mailbox.o(i.rt_mbx_psh)
    i.rt_mbx_send                            0x00002af4   Section        0  rt_mailbox.o(i.rt_mbx_send)
    i.rt_mbx_wait                            0x00002b8c   Section        0  rt_mailbox.o(i.rt_mbx_wait)
    i.rt_ms2tick                             0x00002c40   Section        0  rt_cmsis.o(i.rt_ms2tick)
    rt_ms2tick                               0x00002c41   Thumb Code    58  rt_cmsis.o(i.rt_ms2tick)
    i.rt_mut_init                            0x00002c84   Section        0  rt_mutex.o(i.rt_mut_init)
    i.rt_mut_release                         0x00002c94   Section        0  rt_mutex.o(i.rt_mut_release)
    i.rt_mut_wait                            0x00002d6c   Section        0  rt_mutex.o(i.rt_mut_wait)
    i.rt_pop_req                             0x00002dd4   Section        0  rt_system.o(i.rt_pop_req)
    i.rt_psh_req                             0x00002e50   Section        0  rt_system.o(i.rt_psh_req)
    i.rt_psq_enq                             0x00002e70   Section        0  rt_list.o(i.rt_psq_enq)
    i.rt_put_dly                             0x00002ecc   Section        0  rt_list.o(i.rt_put_dly)
    i.rt_put_prio                            0x00002f14   Section        0  rt_list.o(i.rt_put_prio)
    i.rt_put_rdy_first                       0x00002f4c   Section        0  rt_list.o(i.rt_put_rdy_first)
    i.rt_resort_prio                         0x00002f60   Section        0  rt_list.o(i.rt_resort_prio)
    i.rt_ret_val                             0x00002f94   Section        0  hal_cm.o(i.rt_ret_val)
    i.rt_ret_val2                            0x00002f9a   Section        0  hal_cm.o(i.rt_ret_val2)
    i.rt_rmv_dly                             0x00002fa2   Section        0  rt_list.o(i.rt_rmv_dly)
    i.rt_rmv_list                            0x00002fcc   Section        0  rt_list.o(i.rt_rmv_list)
    i.rt_sem_init                            0x00002ffc   Section        0  rt_semaphore.o(i.rt_sem_init)
    i.rt_sem_psh                             0x00003008   Section        0  rt_semaphore.o(i.rt_sem_psh)
    i.rt_stk_check                           0x0000303c   Section        0  rt_system.o(i.rt_stk_check)
    i.rt_switch_req                          0x00003060   Section        0  rt_task.o(i.rt_switch_req)
    i.rt_sys_init                            0x00003088   Section        0  rt_task.o(i.rt_sys_init)
    i.rt_sys_start                           0x00003154   Section        0  rt_task.o(i.rt_sys_start)
    i.rt_systick                             0x000031cc   Section        0  rt_system.o(i.rt_systick)
    i.rt_tid2ptcb                            0x0000320c   Section        0  rt_cmsis.o(i.rt_tid2ptcb)
    rt_tid2ptcb                              0x0000320d   Thumb Code    18  rt_cmsis.o(i.rt_tid2ptcb)
    i.rt_timer_insert                        0x00003220   Section        0  rt_cmsis.o(i.rt_timer_insert)
    rt_timer_insert                          0x00003221   Thumb Code    48  rt_cmsis.o(i.rt_timer_insert)
    i.rt_tsk_create                          0x00003254   Section        0  rt_task.o(i.rt_tsk_create)
    i.rt_tsk_delete                          0x000032dc   Section        0  rt_task.o(i.rt_tsk_delete)
    i.rt_tsk_pass                            0x00003458   Section        0  rt_task.o(i.rt_tsk_pass)
    i.rt_tsk_prio                            0x00003488   Section        0  rt_task.o(i.rt_tsk_prio)
    i.rt_tsk_self                            0x00003504   Section        0  rt_task.o(i.rt_tsk_self)
    i.svcKernelInitialize                    0x00003514   Section        0  rt_cmsis.o(i.svcKernelInitialize)
    i.svcKernelStart                         0x00003584   Section        0  rt_cmsis.o(i.svcKernelStart)
    i.svcMessageCreate                       0x000035cc   Section        0  rt_cmsis.o(i.svcMessageCreate)
    i.svcMessageGet                          0x000035f0   Section        0  rt_cmsis.o(i.svcMessageGet)
    i.svcMessagePut                          0x0000362a   Section        0  rt_cmsis.o(i.svcMessagePut)
    i.svcSemaphoreCreate                     0x00003660   Section        0  rt_cmsis.o(i.svcSemaphoreCreate)
    i.svcThreadCreate                        0x00003684   Section        0  rt_cmsis.o(i.svcThreadCreate)
    i.svcThreadGetId                         0x000036f4   Section        0  rt_cmsis.o(i.svcThreadGetId)
    i.svcThreadTerminate                     0x00003710   Section        0  rt_cmsis.o(i.svcThreadTerminate)
    i.svcThreadYield                         0x00003748   Section        0  rt_cmsis.o(i.svcThreadYield)
    i.sysTimerTick                           0x00003754   Section        0  rt_cmsis.o(i.sysTimerTick)
    .constdata                               0x000037b0   Section       16  terminal.o(.constdata)
    .constdata                               0x000037c0   Section       76  anxs20ser.o(.constdata)
    .constdata                               0x0000380c   Section       70  rtx_conf_cm.o(.constdata)
    __tagsym$$used                           0x00003828   Number         0  rtx_conf_cm.o(.constdata)
    __tagsym$$used                           0x0000382c   Number         0  rtx_conf_cm.o(.constdata)
    __tagsym$$used                           0x00003830   Number         0  rtx_conf_cm.o(.constdata)
    __tagsym$$used                           0x00003834   Number         0  rtx_conf_cm.o(.constdata)
    .constdata                               0x00003852   Section       23  retarget_io.o(.constdata)
    .constdata                               0x00003869   Section       17  __printf_flags_wp.o(.constdata)
    maptable                                 0x00003869   Data          17  __printf_flags_wp.o(.constdata)
    .conststring                             0x0000387c   Section      161  robarmsermain.o(.conststring)
    .data                                    0x10000000   Section       60  robarmsermain.o(.data)
    .data                                    0x1000003c   Section       28  terminal.o(.data)
    .data                                    0x10000058   Section        4  anxs20ser.o(.data)
    .data                                    0x1000005c   Section       36  rtx_conf_cm.o(.data)
    nr_mutex                                 0x1000006c   Data           4  rtx_conf_cm.o(.data)
    .data                                    0x10000080   Section        4  system_lpc17xx.o(.data)
    .data                                    0x10000084   Section        8  rt_cmsis.o(.data)
    .data                                    0x1000008c   Section        8  rt_task.o(.data)
    .data                                    0x10000094   Section        8  rt_system.o(.data)
    os_lock                                  0x10000094   Data           1  rt_system.o(.data)
    os_psh_flag                              0x10000095   Data           1  rt_system.o(.data)
    pend_flags                               0x10000096   Data           1  rt_system.o(.data)
    .data                                    0x1000009c   Section        4  rt_time.o(.data)
    .data                                    0x100000a0   Section        8  rt_robin.o(.data)
    .data                                    0x100000a8   Section        1  hal_cm.o(.data)
    .data                                    0x100000ac   Section        4  stdio_streams.o(.data)
    .data                                    0x100000b0   Section        4  stdio_streams.o(.data)
    .data                                    0x100000b4   Section        4  stdio_streams.o(.data)
    .data                                    0x100000b8   Section        4  streamlock.o(.data)
    .bss                                     0x100000bc   Section       48  terminal.o(.bss)
    .bss                                     0x100000ec   Section       36  anxs20ser.o(.bss)
    .bss                                     0x10000110   Section     3516  rtx_conf_cm.o(.bss)
    std_libspace                             0x10000ccc   Data         384  rtx_conf_cm.o(.bss)
    std_libmutex                             0x10000e4c   Data         128  rtx_conf_cm.o(.bss)
    .bss                                     0x10000ecc   Section       52  rt_task.o(.bss)
    .bss                                     0x10000f00   Section       48  rt_list.o(.bss)
    .bss                                     0x10000f30   Section       96  libspace.o(.bss)
    .bss                                     0x10000f90   Section       84  stdio_streams.o(.bss)
    .bss                                     0x10000fe4   Section       84  stdio_streams.o(.bss)
    .bss                                     0x10001038   Section       84  stdio_streams.o(.bss)
    HEAP                                     0x10001090   Section      512  startup_lpc17xx.o(HEAP)
    Heap_Mem                                 0x10001090   Data         512  startup_lpc17xx.o(HEAP)
    STACK                                    0x10001290   Section      512  startup_lpc17xx.o(STACK)
    Stack_Mem                                0x10001290   Data         512  startup_lpc17xx.o(STACK)
    __initial_sp                             0x10001490   Data           0  startup_lpc17xx.o(STACK)

    Global Symbols

    Symbol Name                              Value     Ov Type        Size  Object(Section)

    BuildAttributes$$THM_ISAv4$P$D$K$B$S$PE$A:L22UL41UL21$X:L11$S22US41US21$IEEE1$IW$USESV6$~STKCKD$USESV7$~SHL$OTIME$ROPI$EBA8$UX$STANDARDLIB$REQ8$PRES8$EABIv2 0x00000000   Number         0  anon$$obj.o ABSOLUTE
    __ARM_use_no_argv                        0x00000000   Number         0  robarmsermain.o ABSOLUTE
    __Vectors                                0x00000000   Data           4  startup_lpc17xx.o(RESET)
    _printf_flags                            0x00000000   Number         0  printf_stubs.o ABSOLUTE
    _printf_return_value                     0x00000000   Number         0  printf_stubs.o ABSOLUTE
    _printf_sizespec                         0x00000000   Number         0  printf_stubs.o ABSOLUTE
    _printf_widthprec                        0x00000000   Number         0  printf_stubs.o ABSOLUTE
    __ARM_exceptions_init                     - Undefined Weak Reference
    __alloca_initialize                       - Undefined Weak Reference
    __arm_preinit_                            - Undefined Weak Reference
    __cpp_initialize__aeabi_                  - Undefined Weak Reference
    __cxa_finalize                            - Undefined Weak Reference
    __rt_locale                               - Undefined Weak Reference
    __sigvec_lookup                           - Undefined Weak Reference
    __user_heap_extent                        - Undefined Weak Reference
    _atexit_init                              - Undefined Weak Reference
    _call_atexit_fns                          - Undefined Weak Reference
    _clock_init                               - Undefined Weak Reference
    _fp_trap_init                             - Undefined Weak Reference
    _fp_trap_shutdown                         - Undefined Weak Reference
    _get_lc_collate                           - Undefined Weak Reference
    _get_lc_ctype                             - Undefined Weak Reference
    _get_lc_monetary                          - Undefined Weak Reference
    _get_lc_numeric                           - Undefined Weak Reference
    _get_lc_time                              - Undefined Weak Reference
    _getenv_init                              - Undefined Weak Reference
    _handle_redirection                       - Undefined Weak Reference
    _mutex_free                               - Undefined Weak Reference
    _printf_truncate_signed                   - Undefined Weak Reference
    _printf_truncate_unsigned                 - Undefined Weak Reference
    _rand_init                                - Undefined Weak Reference
    _signal_finish                            - Undefined Weak Reference
    _signal_init                              - Undefined Weak Reference
    __main                                   0x000000cd   Thumb Code     8  __main.o(!!!main)
    __scatterload                            0x000000d5   Thumb Code     0  __scatter.o(!!!scatter)
    __scatterload_rt2                        0x000000d5   Thumb Code    44  __scatter.o(!!!scatter)
    __scatterload_rt2_thumb_only             0x000000d5   Thumb Code     0  __scatter.o(!!!scatter)
    __scatterload_null                       0x000000e3   Thumb Code     0  __scatter.o(!!!scatter)
    __scatterload_copy                       0x00000109   Thumb Code    26  __scatter_copy.o(!!handler_copy)
    __scatterload_zeroinit                   0x00000125   Thumb Code    28  __scatter_zi.o(!!handler_zi)
    _printf_d                                0x00000141   Thumb Code     0  _printf_d.o(.ARM.Collect$$_printf_percent$$00000009)
    _printf_percent                          0x00000141   Thumb Code     0  _printf_percent.o(.ARM.Collect$$_printf_percent$$00000000)
    _printf_u                                0x00000147   Thumb Code     0  _printf_u.o(.ARM.Collect$$_printf_percent$$0000000A)
    _printf_percent_end                      0x0000014d   Thumb Code     0  _printf_percent_end.o(.ARM.Collect$$_printf_percent$$00000017)
    __rt_lib_init                            0x00000151   Thumb Code     0  libinit.o(.ARM.Collect$$libinit$$00000000)
    __rt_lib_init_fp_1                       0x00000153   Thumb Code     0  libinit2.o(.ARM.Collect$$libinit$$00000002)
    __rt_lib_init_heap_2                     0x00000153   Thumb Code     0  libinit2.o(.ARM.Collect$$libinit$$00000005)
    __rt_lib_init_preinit_1                  0x00000153   Thumb Code     0  libinit2.o(.ARM.Collect$$libinit$$00000004)
    __rt_lib_init_atexit_1                   0x0000015b   Thumb Code     0  libinit2.o(.ARM.Collect$$libinit$$0000001B)
    __rt_lib_init_clock_1                    0x0000015b   Thumb Code     0  libinit2.o(.ARM.Collect$$libinit$$00000021)
    __rt_lib_init_fp_trap_1                  0x0000015b   Thumb Code     0  libinit2.o(.ARM.Collect$$libinit$$0000001F)
    __rt_lib_init_getenv_1                   0x0000015b   Thumb Code     0  libinit2.o(.ARM.Collect$$libinit$$00000023)
    __rt_lib_init_heap_1                     0x0000015b   Thumb Code     0  libinit2.o(.ARM.Collect$$libinit$$0000000A)
    __rt_lib_init_lc_collate_1               0x0000015b   Thumb Code     0  libinit2.o(.ARM.Collect$$libinit$$00000011)
    __rt_lib_init_lc_ctype_1                 0x0000015b   Thumb Code     0  libinit2.o(.ARM.Collect$$libinit$$00000013)
    __rt_lib_init_lc_monetary_1              0x0000015b   Thumb Code     0  libinit2.o(.ARM.Collect$$libinit$$00000015)
    __rt_lib_init_lc_numeric_1               0x0000015b   Thumb Code     0  libinit2.o(.ARM.Collect$$libinit$$00000017)
    __rt_lib_init_lc_time_1                  0x0000015b   Thumb Code     0  libinit2.o(.ARM.Collect$$libinit$$00000019)
    __rt_lib_init_rand_1                     0x0000015b   Thumb Code     0  libinit2.o(.ARM.Collect$$libinit$$0000000E)
    __rt_lib_init_signal_1                   0x0000015b   Thumb Code     0  libinit2.o(.ARM.Collect$$libinit$$0000001D)
    __rt_lib_init_stdio_2                    0x0000015b   Thumb Code     0  libinit2.o(.ARM.Collect$$libinit$$00000024)
    __rt_lib_init_user_alloc_1               0x0000015b   Thumb Code     0  libinit2.o(.ARM.Collect$$libinit$$0000000C)
    __rt_lib_init_alloca_1                   0x0000015f   Thumb Code     0  libinit2.o(.ARM.Collect$$libinit$$0000002E)
    __rt_lib_init_argv_1                     0x0000015f   Thumb Code     0  libinit2.o(.ARM.Collect$$libinit$$0000002C)
    __rt_lib_init_cpp_1                      0x0000015f   Thumb Code     0  libinit2.o(.ARM.Collect$$libinit$$00000032)
    __rt_lib_init_exceptions_1               0x0000015f   Thumb Code     0  libinit2.o(.ARM.Collect$$libinit$$00000030)
    __rt_lib_init_return                     0x0000015f   Thumb Code     0  libinit2.o(.ARM.Collect$$libinit$$00000033)
    __rt_lib_init_stdio_1                    0x0000015f   Thumb Code     0  libinit2.o(.ARM.Collect$$libinit$$00000025)
    __rt_lib_shutdown                        0x00000161   Thumb Code     0  libshutdown.o(.ARM.Collect$$libshutdown$$00000000)
    __rt_lib_shutdown_cpp_1                  0x00000163   Thumb Code     0  libshutdown2.o(.ARM.Collect$$libshutdown$$00000002)
    __rt_lib_shutdown_stdio_2                0x00000163   Thumb Code     0  libshutdown2.o(.ARM.Collect$$libshutdown$$00000003)
    __rt_lib_shutdown_fp_trap_1              0x00000167   Thumb Code     0  libshutdown2.o(.ARM.Collect$$libshutdown$$00000007)
    __rt_lib_shutdown_heap_1                 0x00000167   Thumb Code     0  libshutdown2.o(.ARM.Collect$$libshutdown$$0000000F)
    __rt_lib_shutdown_return                 0x00000167   Thumb Code     0  libshutdown2.o(.ARM.Collect$$libshutdown$$00000010)
    __rt_lib_shutdown_signal_1               0x00000167   Thumb Code     0  libshutdown2.o(.ARM.Collect$$libshutdown$$0000000A)
    __rt_lib_shutdown_stdio_1                0x00000167   Thumb Code     0  libshutdown2.o(.ARM.Collect$$libshutdown$$00000004)
    __rt_lib_shutdown_user_alloc_1           0x00000167   Thumb Code     0  libshutdown2.o(.ARM.Collect$$libshutdown$$0000000C)
    __rt_entry                               0x00000169   Thumb Code     0  __rtentry.o(.ARM.Collect$$rtentry$$00000000)
    __rt_entry_presh_1                       0x00000169   Thumb Code     0  __rtentry2.o(.ARM.Collect$$rtentry$$00000002)
    __rt_entry_sh                            0x00000169   Thumb Code     0  __rtentry4.o(.ARM.Collect$$rtentry$$00000004)
    __rt_entry_li                            0x0000016f   Thumb Code     0  __rtentry2.o(.ARM.Collect$$rtentry$$0000000A)
    __rt_entry_postsh_1                      0x0000016f   Thumb Code     0  __rtentry2.o(.ARM.Collect$$rtentry$$00000009)
    __rt_entry_postli_1                      0x00000173   Thumb Code     0  __rtentry2.o(.ARM.Collect$$rtentry$$0000000B)
    __rt_entry_main                          0x0000017b   Thumb Code     0  __rtentry2.o(.ARM.Collect$$rtentry$$0000000D)
    __rt_exit                                0x00000183   Thumb Code     0  rtexit.o(.ARM.Collect$$rtexit$$00000000)
    __rt_exit_ls                             0x00000185   Thumb Code     0  rtexit2.o(.ARM.Collect$$rtexit$$00000003)
    __rt_exit_prels_1                        0x00000185   Thumb Code     0  rtexit2.o(.ARM.Collect$$rtexit$$00000002)
    __rt_exit_exit                           0x00000189   Thumb Code     0  rtexit2.o(.ARM.Collect$$rtexit$$00000004)
    _platform_post_lib_init                  0x00000191   Thumb Code    24  rtx_conf_cm.o(.emb_text)
    rt_set_PSP                               0x000001ad   Thumb Code     6  hal_cm3.o(.emb_text)
    rt_get_PSP                               0x000001b3   Thumb Code     6  hal_cm3.o(.emb_text)
    os_set_env                               0x000001b9   Thumb Code    24  hal_cm3.o(.emb_text)
    _alloc_box                               0x000001d5   Thumb Code    28  hal_cm3.o(.emb_text)
    _free_box                                0x000001f5   Thumb Code    28  hal_cm3.o(.emb_text)
    SVC_Handler                              0x00000215   Thumb Code   108  hal_cm3.o(.emb_text)
    PendSV_Handler                           0x0000028d   Thumb Code    56  hal_cm3.o(.emb_text)
    SysTick_Handler                          0x000002c9   Thumb Code     8  hal_cm3.o(.emb_text)
    OS_Tick_Handler                          0x000002d1   Thumb Code    12  hal_cm3.o(.emb_text)
    __user_libspace                          0x000002dd   Thumb Code     8  libspace.o(.text)
    __user_perproc_libspace                  0x000002dd   Thumb Code     0  libspace.o(.text)
    _maybe_terminate_alloc                   0x000002dd   Thumb Code     0  maybetermalloc1.o(.emb_text)
    __2printf                                0x000002e5   Thumb Code    20  noretval__2printf.o(.text)
    main                                     0x00000301   Thumb Code   348  robarmsermain.o(.text)
    TRMinit                                  0x00000479   Thumb Code   180  terminal.o(.text)
    __RL_RTX_VER                             0x00000480   Number         0  rt_system.o ABSOLUTE
    stdout_putchar                           0x0000052d   Thumb Code    86  terminal.o(.text)
    TRMclearDisplay                          0x00000583   Thumb Code    10  terminal.o(.text)
    TRMsetPos                                0x0000058d   Thumb Code    18  terminal.o(.text)
    UART0_IRQHandler                         0x0000059f   Thumb Code    20  terminal.o(.text)
    stdin_getchar                            0x000005b3   Thumb Code    30  terminal.o(.text)
    anxS20init                               0x00000611   Thumb Code   172  anxs20ser.o(.text)
    anxS20sendchar                           0x000006bd   Thumb Code    84  anxs20ser.o(.text)
    UART1_IRQHandler                         0x00000711   Thumb Code    20  anxs20ser.o(.text)
    anxS20getAck                             0x00000725   Thumb Code    40  anxs20ser.o(.text)
    anxS20GetByte                            0x0000074d   Thumb Code   102  anxs20ser.o(.text)
    anxS20setservopos                        0x000007b3   Thumb Code   118  anxs20ser.o(.text)
    anxS20setservospeed                      0x00000829   Thumb Code    78  anxs20ser.o(.text)
    servotimeUpdate                          0x00000877   Thumb Code    68  anxs20ser.o(.text)
    os_idle_demon                            0x000008e1   Thumb Code     4  rtx_conf_cm.o(.text)
    os_error                                 0x000008e5   Thumb Code    34  rtx_conf_cm.o(.text)
    __user_perthread_libspace                0x00000907   Thumb Code    32  rtx_conf_cm.o(.text)
    _mutex_initialize                        0x00000927   Thumb Code    34  rtx_conf_cm.o(.text)
    _mutex_acquire                           0x00000949   Thumb Code    22  rtx_conf_cm.o(.text)
    _mutex_release                           0x0000095f   Thumb Code    18  rtx_conf_cm.o(.text)
    _sys_open                                0x0000098d   Thumb Code    80  retarget_io.o(.text)
    _sys_close                               0x000009dd   Thumb Code    38  retarget_io.o(.text)
    _sys_write                               0x00000a03   Thumb Code    70  retarget_io.o(.text)
    _sys_read                                0x00000a49   Thumb Code    76  retarget_io.o(.text)
    _sys_istty                               0x00000a95   Thumb Code    36  retarget_io.o(.text)
    _sys_seek                                0x00000ab9   Thumb Code    44  retarget_io.o(.text)
    _sys_flen                                0x00000ae5   Thumb Code    36  retarget_io.o(.text)
    Reset_Handler                            0x00000b21   Thumb Code     8  startup_lpc17xx.o(.text)
    NMI_Handler                              0x00000b29   Thumb Code     2  startup_lpc17xx.o(.text)
    HardFault_Handler                        0x00000b2b   Thumb Code     2  startup_lpc17xx.o(.text)
    MemManage_Handler                        0x00000b2d   Thumb Code     2  startup_lpc17xx.o(.text)
    BusFault_Handler                         0x00000b2f   Thumb Code     2  startup_lpc17xx.o(.text)
    UsageFault_Handler                       0x00000b31   Thumb Code     2  startup_lpc17xx.o(.text)
    DebugMon_Handler                         0x00000b35   Thumb Code     2  startup_lpc17xx.o(.text)
    ADC_IRQHandler                           0x00000b3b   Thumb Code     0  startup_lpc17xx.o(.text)
    BOD_IRQHandler                           0x00000b3b   Thumb Code     0  startup_lpc17xx.o(.text)
    CANActivity_IRQHandler                   0x00000b3b   Thumb Code     0  startup_lpc17xx.o(.text)
    CAN_IRQHandler                           0x00000b3b   Thumb Code     0  startup_lpc17xx.o(.text)
    DMA_IRQHandler                           0x00000b3b   Thumb Code     0  startup_lpc17xx.o(.text)
    EINT0_IRQHandler                         0x00000b3b   Thumb Code     0  startup_lpc17xx.o(.text)
    EINT1_IRQHandler                         0x00000b3b   Thumb Code     0  startup_lpc17xx.o(.text)
    EINT2_IRQHandler                         0x00000b3b   Thumb Code     0  startup_lpc17xx.o(.text)
    EINT3_IRQHandler                         0x00000b3b   Thumb Code     0  startup_lpc17xx.o(.text)
    ENET_IRQHandler                          0x00000b3b   Thumb Code     0  startup_lpc17xx.o(.text)
    I2C0_IRQHandler                          0x00000b3b   Thumb Code     0  startup_lpc17xx.o(.text)
    I2C1_IRQHandler                          0x00000b3b   Thumb Code     0  startup_lpc17xx.o(.text)
    I2C2_IRQHandler                          0x00000b3b   Thumb Code     0  startup_lpc17xx.o(.text)
    I2S_IRQHandler                           0x00000b3b   Thumb Code     0  startup_lpc17xx.o(.text)
    MCPWM_IRQHandler                         0x00000b3b   Thumb Code     0  startup_lpc17xx.o(.text)
    PLL0_IRQHandler                          0x00000b3b   Thumb Code     0  startup_lpc17xx.o(.text)
    PLL1_IRQHandler                          0x00000b3b   Thumb Code     0  startup_lpc17xx.o(.text)
    PWM1_IRQHandler                          0x00000b3b   Thumb Code     0  startup_lpc17xx.o(.text)
    QEI_IRQHandler                           0x00000b3b   Thumb Code     0  startup_lpc17xx.o(.text)
    RIT_IRQHandler                           0x00000b3b   Thumb Code     0  startup_lpc17xx.o(.text)
    RTC_IRQHandler                           0x00000b3b   Thumb Code     0  startup_lpc17xx.o(.text)
    SPI_IRQHandler                           0x00000b3b   Thumb Code     0  startup_lpc17xx.o(.text)
    SSP0_IRQHandler                          0x00000b3b   Thumb Code     0  startup_lpc17xx.o(.text)
    SSP1_IRQHandler                          0x00000b3b   Thumb Code     0  startup_lpc17xx.o(.text)
    TIMER0_IRQHandler                        0x00000b3b   Thumb Code     0  startup_lpc17xx.o(.text)
    TIMER1_IRQHandler                        0x00000b3b   Thumb Code     0  startup_lpc17xx.o(.text)
    TIMER2_IRQHandler                        0x00000b3b   Thumb Code     0  startup_lpc17xx.o(.text)
    TIMER3_IRQHandler                        0x00000b3b   Thumb Code     0  startup_lpc17xx.o(.text)
    UART2_IRQHandler                         0x00000b3b   Thumb Code     0  startup_lpc17xx.o(.text)
    UART3_IRQHandler                         0x00000b3b   Thumb Code     0  startup_lpc17xx.o(.text)
    USBActivity_IRQHandler                   0x00000b3b   Thumb Code     0  startup_lpc17xx.o(.text)
    USB_IRQHandler                           0x00000b3b   Thumb Code     0  startup_lpc17xx.o(.text)
    WDT_IRQHandler                           0x00000b3b   Thumb Code     0  startup_lpc17xx.o(.text)
    __user_initial_stackheap                 0x00000b3d   Thumb Code     0  startup_lpc17xx.o(.text)
    SystemCoreClockUpdate                    0x00000b61   Thumb Code   408  system_lpc17xx.o(.text)
    SystemInit                               0x00000cf9   Thumb Code   318  system_lpc17xx.o(.text)
    doMaxIIconfig                            0x00000e55   Thumb Code   268  max_ii_configurator.o(.text)
    __aeabi_uldivmod                         0x00000f6d   Thumb Code     0  lludivv7m.o(.text)
    _ll_udiv                                 0x00000f6d   Thumb Code   238  lludivv7m.o(.text)
    _printf_pre_padding                      0x0000105b   Thumb Code    44  _printf_pad.o(.text)
    _printf_post_padding                     0x00001087   Thumb Code    34  _printf_pad.o(.text)
    _printf_int_dec                          0x000010a9   Thumb Code   104  _printf_dec.o(.text)
    __printf                                 0x00001121   Thumb Code   308  __printf_flags_wp.o(.text)
    getc                                     0x00001259   Thumb Code     4  getc.o(.text)
    _do_fflush                               0x0000125d   Thumb Code    74  fflush_locked.o(.text)
    fflush                                   0x000012a7   Thumb Code    60  fflush_locked.o(.text)
    exit                                     0x000012ed   Thumb Code    18  exit.o(.text)
    __aeabi_memcpy4                          0x000012ff   Thumb Code     0  rt_memcpy_w.o(.text)
    __aeabi_memcpy8                          0x000012ff   Thumb Code     0  rt_memcpy_w.o(.text)
    __rt_memcpy_w                            0x000012ff   Thumb Code   100  rt_memcpy_w.o(.text)
    _memcpy_lastbytes_aligned                0x00001347   Thumb Code     0  rt_memcpy_w.o(.text)
    strcmp                                   0x00001365   Thumb Code   128  strcmpv7m.o(.text)
    __use_two_region_memory                  0x000013e5   Thumb Code     2  heapauxi.o(.text)
    __rt_heap_escrow                         0x000013e7   Thumb Code     2  heapauxi.o(.text)
    __rt_heap_expand                         0x000013e9   Thumb Code     2  heapauxi.o(.text)
    _printf_int_common                       0x000013eb   Thumb Code   178  _printf_intcommon.o(.text)
    _fseek                                   0x0000149d   Thumb Code   242  fseek.o(.text)
    fseek                                    0x0000149d   Thumb Code     0  fseek.o(.text)
    _seterr                                  0x00001595   Thumb Code    20  stdio.o(.text)
    _writebuf                                0x000015a9   Thumb Code    84  stdio.o(.text)
    _fflush                                  0x000015fd   Thumb Code    70  stdio.o(.text)
    _deferredlazyseek                        0x00001643   Thumb Code    60  stdio.o(.text)
    fgetc                                    0x00001685   Thumb Code    32  fgetc_locked.o(.text)
    _initio                                  0x000016a5   Thumb Code   240  initio_locked.o(.text)
    _terminateio                             0x00001795   Thumb Code   168  initio_locked.o(.text)
    _free_internal                           0x0000186d   Thumb Code    98  h1_free_mt.o(.text)
    free                                     0x000018cf   Thumb Code    20  h1_free_mt.o(.text)
    _printf_char_common                      0x000018ef   Thumb Code    32  _printf_char_common.o(.text)
    _readbuf                                 0x00001915   Thumb Code    54  filbuf.o(.text)
    _seteof                                  0x0000194b   Thumb Code    40  filbuf.o(.text)
    __filbuf                                 0x00001973   Thumb Code   476  filbuf.o(.text)
    __filbuf_byte                            0x00001973   Thumb Code     0  filbuf.o(.text)
    __filbuf_wide                            0x00001973   Thumb Code     0  filbuf.o(.text)
    _ftell_internal                          0x00001b4f   Thumb Code    66  ftell.o(.text)
    ftell                                    0x00001b4f   Thumb Code     0  ftell.o(.text)
    _fclose_internal                         0x00001b91   Thumb Code    76  fclose.o(.text)
    fclose                                   0x00001b91   Thumb Code     0  fclose.o(.text)
    setvbuf                                  0x00001bdd   Thumb Code   104  setvbuf_locked.o(.text)
    freopen                                  0x00001cf3   Thumb Code    42  fopen_locked.o(.text)
    _fopen$locked                            0x00001d1d   Thumb Code   100  fopen_locked.o(.text)
    __rt_SIGRTRED                            0x00001d89   Thumb Code    14  defsig_rtred_outer.o(.text)
    __aeabi_memclr4                          0x00001d97   Thumb Code     0  rt_memclr_w.o(.text)
    __aeabi_memclr8                          0x00001d97   Thumb Code     0  rt_memclr_w.o(.text)
    __rt_memclr_w                            0x00001d97   Thumb Code    78  rt_memclr_w.o(.text)
    _memset_w                                0x00001d9b   Thumb Code     0  rt_memclr_w.o(.text)
    _sys_exit                                0x00001de5   Thumb Code     8  sys_exit.o(.text)
    __user_setup_stackheap                   0x00001df1   Thumb Code    74  sys_stackheap_outer.o(.text)
    __rt_heap_descriptor                     0x00001e3b   Thumb Code    10  rt_heap_descriptor_twolibspace.o(.text)
    __aeabi_errno_addr                       0x00001e45   Thumb Code     4  rt_errno_addr_twolibspace.o(.text)
    __errno$twolibspace                      0x00001e45   Thumb Code     0  rt_errno_addr_twolibspace.o(.text)
    __rt_errno_addr$twolibspace              0x00001e45   Thumb Code     0  rt_errno_addr_twolibspace.o(.text)
    __use_no_heap                            0x00001e49   Thumb Code     2  hguard.o(.text)
    __heap$guard                             0x00001e4b   Thumb Code     2  hguard.o(.text)
    _terminate_user_alloc                    0x00001e4d   Thumb Code     2  init_alloc.o(.text)
    _init_user_alloc                         0x00001e4f   Thumb Code     2  init_alloc.o(.text)
    __Heap_Full                              0x00001e51   Thumb Code    34  init_alloc.o(.text)
    __Heap_Broken                            0x00001e73   Thumb Code     6  init_alloc.o(.text)
    _init_alloc                              0x00001e79   Thumb Code    94  init_alloc.o(.text)
    _malloc_internal                         0x00001edf   Thumb Code   130  h1_alloc_mt.o(.text)
    malloc                                   0x00001f61   Thumb Code    20  h1_alloc_mt.o(.text)
    __flsbuf                                 0x00001f75   Thumb Code   470  flsbuf.o(.text)
    __flsbuf_byte                            0x00001f75   Thumb Code     0  flsbuf.o(.text)
    __flsbuf_wide                            0x00001f75   Thumb Code     0  flsbuf.o(.text)
    _flushlinebuffered                       0x0000214d   Thumb Code    84  flushlinebuffered_locked.o(.text)
    __sig_exit                               0x000021a9   Thumb Code    10  defsig_exit.o(.text)
    __rt_SIGRTRED_inner                      0x000021b5   Thumb Code    14  defsig_rtred_inner.o(.text)
    __I$use$semihosting                      0x000021e9   Thumb Code     0  use_no_semi.o(.text)
    __use_no_semihosting_swi                 0x000021e9   Thumb Code     2  use_no_semi.o(.text)
    __Heap_Initialize                        0x000021eb   Thumb Code    14  h1_init_mt.o(.text)
    __semihosting_library_function           0x000021eb   Thumb Code     0  indicate_semi.o(.text)
    __Heap_DescSize                          0x000021f9   Thumb Code     4  h1_init_mt.o(.text)
    __Heap_ProvideMemory                     0x000021fd   Thumb Code    62  h1_extend_mt.o(.text)
    _printf_char_file                        0x0000223d   Thumb Code    58  _printf_char_file_locked.o(.text)
    __default_signal_display                 0x0000227d   Thumb Code    50  defsig_general.o(.text)
    __rt_SIGRTMEM                            0x000022af   Thumb Code    14  defsig_rtmem_outer.o(.text)
    _ttywrch                                 0x000022bd   Thumb Code    14  sys_wrch.o(.text)
    __rt_SIGRTMEM_inner                      0x000022cd   Thumb Code    22  defsig_rtmem_inner.o(.text)
    SVC_Count                                0x0000231c   Data           4  svc_table.o(SVC_TABLE)
    SVC_Table                                0x00002320   Data           0  svc_table.o(SVC_TABLE)
    _init_box                                0x00002321   Thumb Code    70  rt_membox.o(i._init_box)
    _is_digit                                0x00002367   Thumb Code    14  __printf_wp.o(i._is_digit)
    dbg_init                                 0x00002375   Thumb Code    34  hal_cm.o(i.dbg_init)
    dbg_task_notify                          0x000023a5   Thumb Code    32  hal_cm.o(i.dbg_task_notify)
    dbg_task_switch                          0x000023c5   Thumb Code    16  hal_cm.o(i.dbg_task_switch)
    _fgetc$unlocked                          0x000023d5   Thumb Code    24  fgetc.o(i.fgetc)
    _fputc$unlocked                          0x000023ed   Thumb Code    26  fputc.o(i.fputc)
    isrMessageGet                            0x00002407   Thumb Code    42  rt_cmsis.o(i.isrMessageGet)
    isrMessagePut                            0x00002431   Thumb Code    44  rt_cmsis.o(i.isrMessagePut)
    isr_mbx_receive                          0x0000245d   Thumb Code    82  rt_mailbox.o(i.isr_mbx_receive)
    isr_mbx_send                             0x000024af   Thumb Code    14  rt_mailbox.o(i.isr_mbx_send)
    osKernelInitialize                       0x000024bd   Thumb Code    30  rt_cmsis.o(i.osKernelInitialize)
    osKernelStart                            0x000024e1   Thumb Code    98  rt_cmsis.o(i.osKernelStart)
    osMessageCreate                          0x0000254d   Thumb Code    38  rt_cmsis.o(i.osMessageCreate)
    osMessageGet                             0x0000257d   Thumb Code    18  rt_cmsis.o(i.osMessageGet)
    osMessagePut                             0x00002595   Thumb Code    18  rt_cmsis.o(i.osMessagePut)
    osSemaphoreCreate                        0x000025ad   Thumb Code    38  rt_cmsis.o(i.osSemaphoreCreate)
    osThreadCreate                           0x000025dd   Thumb Code    38  rt_cmsis.o(i.osThreadCreate)
    osThreadExit                             0x0000260d   Thumb Code    14  rt_cmsis.o(i.osThreadExit)
    osThreadYield                            0x00002625   Thumb Code    18  rt_cmsis.o(i.osThreadYield)
    os_tick_init                             0x0000263d   Thumb Code    32  rt_system.o(i.os_tick_init)
    os_tick_irqack                           0x00002665   Thumb Code     2  rt_system.o(i.os_tick_irqack)
    rt_alloc_box                             0x00002667   Thumb Code    26  rt_membox.o(i.rt_alloc_box)
    rt_alloc_mem                             0x00002681   Thumb Code    62  rt_memory.o(i.rt_alloc_mem)
    rt_block                                 0x000026c1   Thumb Code    48  rt_task.o(i.rt_block)
    rt_chk_robin                             0x000026f9   Thumb Code    60  rt_robin.o(i.rt_chk_robin)
    rt_dec_dly                               0x00002741   Thumb Code   102  rt_list.o(i.rt_dec_dly)
    rt_dispatch                              0x000027b1   Thumb Code    60  rt_task.o(i.rt_dispatch)
    rt_evt_psh                               0x000027f5   Thumb Code    76  rt_event.o(i.rt_evt_psh)
    rt_free_box                              0x00002845   Thumb Code    44  rt_membox.o(i.rt_free_box)
    rt_free_mem                              0x00002871   Thumb Code    40  rt_memory.o(i.rt_free_mem)
    rt_get_first                             0x00002899   Thumb Code    40  rt_list.o(i.rt_get_first)
    rt_get_same_rdy_prio                     0x000028c1   Thumb Code    26  rt_list.o(i.rt_get_same_rdy_prio)
    rt_init_mem                              0x0000292d   Thumb Code    26  rt_memory.o(i.rt_init_mem)
    rt_init_robin                            0x00002949   Thumb Code    14  rt_robin.o(i.rt_init_robin)
    rt_init_stack                            0x00002961   Thumb Code   118  hal_cm.o(i.rt_init_stack)
    rt_mbx_check                             0x000029e1   Thumb Code     8  rt_mailbox.o(i.rt_mbx_check)
    rt_mbx_init                              0x000029e9   Thumb Code    26  rt_mailbox.o(i.rt_mbx_init)
    rt_mbx_psh                               0x00002a05   Thumb Code   236  rt_mailbox.o(i.rt_mbx_psh)
    rt_mbx_send                              0x00002af5   Thumb Code   148  rt_mailbox.o(i.rt_mbx_send)
    rt_mbx_wait                              0x00002b8d   Thumb Code   174  rt_mailbox.o(i.rt_mbx_wait)
    rt_mut_init                              0x00002c85   Thumb Code    16  rt_mutex.o(i.rt_mut_init)
    rt_mut_release                           0x00002c95   Thumb Code   208  rt_mutex.o(i.rt_mut_release)
    rt_mut_wait                              0x00002d6d   Thumb Code   100  rt_mutex.o(i.rt_mut_wait)
    rt_pop_req                               0x00002dd5   Thumb Code   112  rt_system.o(i.rt_pop_req)
    rt_psh_req                               0x00002e51   Thumb Code    22  rt_system.o(i.rt_psh_req)
    rt_psq_enq                               0x00002e71   Thumb Code    88  rt_list.o(i.rt_psq_enq)
    rt_put_dly                               0x00002ecd   Thumb Code    68  rt_list.o(i.rt_put_dly)
    rt_put_prio                              0x00002f15   Thumb Code    54  rt_list.o(i.rt_put_prio)
    rt_put_rdy_first                         0x00002f4d   Thumb Code    14  rt_list.o(i.rt_put_rdy_first)
    rt_resort_prio                           0x00002f61   Thumb Code    46  rt_list.o(i.rt_resort_prio)
    rt_ret_val                               0x00002f95   Thumb Code     6  hal_cm.o(i.rt_ret_val)
    rt_ret_val2                              0x00002f9b   Thumb Code     8  hal_cm.o(i.rt_ret_val2)
    rt_rmv_dly                               0x00002fa3   Thumb Code    40  rt_list.o(i.rt_rmv_dly)
    rt_rmv_list                              0x00002fcd   Thumb Code    44  rt_list.o(i.rt_rmv_list)
    rt_sem_init                              0x00002ffd   Thumb Code    12  rt_semaphore.o(i.rt_sem_init)
    rt_sem_psh                               0x00003009   Thumb Code    48  rt_semaphore.o(i.rt_sem_psh)
    rt_stk_check                             0x0000303d   Thumb Code    28  rt_system.o(i.rt_stk_check)
    rt_switch_req                            0x00003061   Thumb Code    30  rt_task.o(i.rt_switch_req)
    rt_sys_init                              0x00003089   Thumb Code   138  rt_task.o(i.rt_sys_init)
    rt_sys_start                             0x00003155   Thumb Code   110  rt_task.o(i.rt_sys_start)
    rt_systick                               0x000031cd   Thumb Code    50  rt_system.o(i.rt_systick)
    rt_tsk_create                            0x00003255   Thumb Code   118  rt_task.o(i.rt_tsk_create)
    rt_tsk_delete                            0x000032dd   Thumb Code   352  rt_task.o(i.rt_tsk_delete)
    rt_tsk_pass                              0x00003459   Thumb Code    38  rt_task.o(i.rt_tsk_pass)
    rt_tsk_prio                              0x00003489   Thumb Code   108  rt_task.o(i.rt_tsk_prio)
    rt_tsk_self                              0x00003505   Thumb Code    12  rt_task.o(i.rt_tsk_self)
    svcKernelInitialize                      0x00003515   Thumb Code    80  rt_cmsis.o(i.svcKernelInitialize)
    svcKernelStart                           0x00003585   Thumb Code    62  rt_cmsis.o(i.svcKernelStart)
    svcMessageCreate                         0x000035cd   Thumb Code    36  rt_cmsis.o(i.svcMessageCreate)
    svcMessageGet                            0x000035f1   Thumb Code    58  rt_cmsis.o(i.svcMessageGet)
    svcMessagePut                            0x0000362b   Thumb Code    54  rt_cmsis.o(i.svcMessagePut)
    svcSemaphoreCreate                       0x00003661   Thumb Code    36  rt_cmsis.o(i.svcSemaphoreCreate)
    svcThreadCreate                          0x00003685   Thumb Code   100  rt_cmsis.o(i.svcThreadCreate)
    svcThreadGetId                           0x000036f5   Thumb Code    22  rt_cmsis.o(i.svcThreadGetId)
    svcThreadTerminate                       0x00003711   Thumb Code    50  rt_cmsis.o(i.svcThreadTerminate)
    svcThreadYield                           0x00003749   Thumb Code    10  rt_cmsis.o(i.svcThreadYield)
    sysTimerTick                             0x00003755   Thumb Code    84  rt_cmsis.o(i.sysTimerTick)
    os_messageQ_def_STDINmsgQ                0x000037b0   Data           8  terminal.o(.constdata)
    os_semaphore_def_STDOUTsem               0x000037b8   Data           4  terminal.o(.constdata)
    os_semaphore_def_STDINsem                0x000037bc   Data           4  terminal.o(.constdata)
    os_messageQ_def_anxS20MsgQ               0x000037c0   Data           8  anxs20ser.o(.constdata)
    os_maxtaskrun                            0x0000380c   Data           2  rtx_conf_cm.o(.constdata)
    os_stackinfo                             0x00003810   Data           4  rtx_conf_cm.o(.constdata)
    os_rrobin                                0x00003814   Data           4  rtx_conf_cm.o(.constdata)
    os_tickfreq                              0x00003818   Data           4  rtx_conf_cm.o(.constdata)
    os_tickus_i                              0x0000381c   Data           2  rtx_conf_cm.o(.constdata)
    os_tickus_f                              0x0000381e   Data           2  rtx_conf_cm.o(.constdata)
    os_trv                                   0x00003820   Data           4  rtx_conf_cm.o(.constdata)
    os_flags                                 0x00003824   Data           1  rtx_conf_cm.o(.constdata)
    CMSIS_RTOS_API_Version                   0x00003828   Data           4  rtx_conf_cm.o(.constdata)
    CMSIS_RTOS_RTX_Version                   0x0000382c   Data           4  rtx_conf_cm.o(.constdata)
    os_clockrate                             0x00003830   Data           4  rtx_conf_cm.o(.constdata)
    os_timernum                              0x00003834   Data           4  rtx_conf_cm.o(.constdata)
    mp_tcb_size                              0x00003838   Data           2  rtx_conf_cm.o(.constdata)
    mp_stk_size                              0x0000383c   Data           4  rtx_conf_cm.o(.constdata)
    os_stack_sz                              0x00003840   Data           4  rtx_conf_cm.o(.constdata)
    os_fifo_size                             0x00003844   Data           1  rtx_conf_cm.o(.constdata)
    os_messageQ_def_osTimerMessageQ          0x00003848   Data           8  rtx_conf_cm.o(.constdata)
    mp_tmr_size                              0x00003850   Data           2  rtx_conf_cm.o(.constdata)
    __stdin_name                             0x00003852   Data           7  retarget_io.o(.constdata)
    __stdout_name                            0x00003859   Data           8  retarget_io.o(.constdata)
    __stderr_name                            0x00003861   Data           8  retarget_io.o(.constdata)
    Region$$Table$$Base                      0x00003920   Number         0  anon$$obj.o(Region$$Table)
    Region$$Table$$Limit                     0x00003940   Number         0  anon$$obj.o(Region$$Table)
    arm_servo                                0x10000000   Data          60  robarmsermain.o(.data)
    STDINmsgQ                                0x1000003c   Data           4  terminal.o(.data)
    os_semaphore_cb_STDOUTsem                0x10000040   Data           8  terminal.o(.data)
    STDOUTsem                                0x10000048   Data           4  terminal.o(.data)
    os_semaphore_cb_STDINsem                 0x1000004c   Data           8  terminal.o(.data)
    STDINsem                                 0x10000054   Data           4  terminal.o(.data)
    anxS20MsgQ                               0x10000058   Data           4  anxs20ser.o(.data)
    osThreadId_osTimerThread                 0x1000005c   Data           4  rtx_conf_cm.o(.data)
    osMessageQId_osTimerMessageQ             0x10000060   Data           4  rtx_conf_cm.o(.data)
    os_tmr                                   0x10000064   Data           4  rtx_conf_cm.o(.data)
    m_tmr                                    0x10000068   Data           4  rtx_conf_cm.o(.data)
    os_thread_def_main                       0x10000070   Data          16  rtx_conf_cm.o(.data)
    SystemCoreClock                          0x10000080   Data           4  system_lpc17xx.o(.data)
    os_initialized                           0x10000084   Data           1  rt_cmsis.o(.data)
    os_running                               0x10000085   Data           1  rt_cmsis.o(.data)
    os_timer_head                            0x10000088   Data           4  rt_cmsis.o(.data)
    os_tsk                                   0x1000008c   Data           8  rt_task.o(.data)
    os_tick_irqn                             0x10000098   Data           4  rt_system.o(.data)
    os_time                                  0x1000009c   Data           4  rt_time.o(.data)
    os_robin                                 0x100000a0   Data           8  rt_robin.o(.data)
    dbg_msg                                  0x100000a8   Data           1  hal_cm.o(.data)
    __aeabi_stdin                            0x100000ac   Data           4  stdio_streams.o(.data)
    __aeabi_stdout                           0x100000b0   Data           4  stdio_streams.o(.data)
    __aeabi_stderr                           0x100000b4   Data           4  stdio_streams.o(.data)
    _stream_list_lock                        0x100000b8   Data           4  streamlock.o(.data)
    os_messageQ_q_STDINmsgQ                  0x100000bc   Data          48  terminal.o(.bss)
    os_messageQ_q_anxS20MsgQ                 0x100000ec   Data          36  anxs20ser.o(.bss)
    mp_tcb                                   0x10000110   Data         220  rtx_conf_cm.o(.bss)
    mp_stk                                   0x100001f0   Data        2064  rtx_conf_cm.o(.bss)
    os_stack_mem                             0x10000a00   Data         536  rtx_conf_cm.o(.bss)
    os_fifo                                  0x10000c18   Data         132  rtx_conf_cm.o(.bss)
    os_active_TCB                            0x10000c9c   Data          16  rtx_conf_cm.o(.bss)
    os_thread_def_osTimerThread              0x10000cac   Data          16  rtx_conf_cm.o(.bss)
    os_messageQ_q_osTimerMessageQ            0x10000cbc   Data          16  rtx_conf_cm.o(.bss)
    os_idle_TCB                              0x10000ecc   Data          52  rt_task.o(.bss)
    os_rdy                                   0x10000f00   Data          24  rt_list.o(.bss)
    os_dly                                   0x10000f18   Data          24  rt_list.o(.bss)
    __libspace_start                         0x10000f30   Data          96  libspace.o(.bss)
    __stdin                                  0x10000f90   Data          84  stdio_streams.o(.bss)
    __temporary_stack_top$libspace           0x10000f90   Data           0  libspace.o(.bss)
    __stdout                                 0x10000fe4   Data          84  stdio_streams.o(.bss)
    __stderr                                 0x10001038   Data          84  stdio_streams.o(.bss)



==============================================================================

Memory Map of the image

  Image Entry point : 0x000000cd

  Load Region LR_IROM1 (Base: 0x00000000, Size: 0x000039fc, Max: 0x00080000, ABSOLUTE)

    Execution Region ER_IROM1 (Base: 0x00000000, Size: 0x00003940, Max: 0x00080000, ABSOLUTE)

    Base Addr    Size         Type   Attr      Idx    E Section Name        Object

    0x00000000   0x000000cc   Data   RO          211    RESET               startup_lpc17xx.o
    0x000000cc   0x00000008   Code   RO         1563  * !!!main             c_w.l(__main.o)
    0x000000d4   0x00000034   Code   RO         1923    !!!scatter          c_w.l(__scatter.o)
    0x00000108   0x0000001a   Code   RO         1925    !!handler_copy      c_w.l(__scatter_copy.o)
    0x00000122   0x00000002   PAD
    0x00000124   0x0000001c   Code   RO         1927    !!handler_zi        c_w.l(__scatter_zi.o)
    0x00000140   0x00000000   Code   RO         1542    .ARM.Collect$$_printf_percent$$00000000  c_w.l(_printf_percent.o)
    0x00000140   0x00000006   Code   RO         1540    .ARM.Collect$$_printf_percent$$00000009  c_w.l(_printf_d.o)
    0x00000146   0x00000006   Code   RO         1541    .ARM.Collect$$_printf_percent$$0000000A  c_w.l(_printf_u.o)
    0x0000014c   0x00000004   Code   RO         1576    .ARM.Collect$$_printf_percent$$00000017  c_w.l(_printf_percent_end.o)
    0x00000150   0x00000002   Code   RO         1841    .ARM.Collect$$libinit$$00000000  c_w.l(libinit.o)
    0x00000152   0x00000000   Code   RO         1705    .ARM.Collect$$libinit$$00000002  c_w.l(libinit2.o)
    0x00000152   0x00000000   Code   RO         1707    .ARM.Collect$$libinit$$00000004  c_w.l(libinit2.o)
    0x00000152   0x00000008   Code   RO         1708    .ARM.Collect$$libinit$$00000005  c_w.l(libinit2.o)
    0x0000015a   0x00000000   Code   RO         1710    .ARM.Collect$$libinit$$0000000A  c_w.l(libinit2.o)
    0x0000015a   0x00000000   Code   RO         1712    .ARM.Collect$$libinit$$0000000C  c_w.l(libinit2.o)
    0x0000015a   0x00000000   Code   RO         1714    .ARM.Collect$$libinit$$0000000E  c_w.l(libinit2.o)
    0x0000015a   0x00000000   Code   RO         1717    .ARM.Collect$$libinit$$00000011  c_w.l(libinit2.o)
    0x0000015a   0x00000000   Code   RO         1719    .ARM.Collect$$libinit$$00000013  c_w.l(libinit2.o)
    0x0000015a   0x00000000   Code   RO         1721    .ARM.Collect$$libinit$$00000015  c_w.l(libinit2.o)
    0x0000015a   0x00000000   Code   RO         1723    .ARM.Collect$$libinit$$00000017  c_w.l(libinit2.o)
    0x0000015a   0x00000000   Code   RO         1725    .ARM.Collect$$libinit$$00000019  c_w.l(libinit2.o)
    0x0000015a   0x00000000   Code   RO         1727    .ARM.Collect$$libinit$$0000001B  c_w.l(libinit2.o)
    0x0000015a   0x00000000   Code   RO         1729    .ARM.Collect$$libinit$$0000001D  c_w.l(libinit2.o)
    0x0000015a   0x00000000   Code   RO         1731    .ARM.Collect$$libinit$$0000001F  c_w.l(libinit2.o)
    0x0000015a   0x00000000   Code   RO         1733    .ARM.Collect$$libinit$$00000021  c_w.l(libinit2.o)
    0x0000015a   0x00000000   Code   RO         1735    .ARM.Collect$$libinit$$00000023  c_w.l(libinit2.o)
    0x0000015a   0x00000004   Code   RO         1736    .ARM.Collect$$libinit$$00000024  c_w.l(libinit2.o)
    0x0000015e   0x00000000   Code   RO         1737    .ARM.Collect$$libinit$$00000025  c_w.l(libinit2.o)
    0x0000015e   0x00000000   Code   RO         1741    .ARM.Collect$$libinit$$0000002C  c_w.l(libinit2.o)
    0x0000015e   0x00000000   Code   RO         1743    .ARM.Collect$$libinit$$0000002E  c_w.l(libinit2.o)
    0x0000015e   0x00000000   Code   RO         1745    .ARM.Collect$$libinit$$00000030  c_w.l(libinit2.o)
    0x0000015e   0x00000000   Code   RO         1747    .ARM.Collect$$libinit$$00000032  c_w.l(libinit2.o)
    0x0000015e   0x00000002   Code   RO         1748    .ARM.Collect$$libinit$$00000033  c_w.l(libinit2.o)
    0x00000160   0x00000002   Code   RO         1842    .ARM.Collect$$libshutdown$$00000000  c_w.l(libshutdown.o)
    0x00000162   0x00000000   Code   RO         1750    .ARM.Collect$$libshutdown$$00000002  c_w.l(libshutdown2.o)
    0x00000162   0x00000004   Code   RO         1751    .ARM.Collect$$libshutdown$$00000003  c_w.l(libshutdown2.o)
    0x00000166   0x00000000   Code   RO         1752    .ARM.Collect$$libshutdown$$00000004  c_w.l(libshutdown2.o)
    0x00000166   0x00000000   Code   RO         1755    .ARM.Collect$$libshutdown$$00000007  c_w.l(libshutdown2.o)
    0x00000166   0x00000000   Code   RO         1758    .ARM.Collect$$libshutdown$$0000000A  c_w.l(libshutdown2.o)
    0x00000166   0x00000000   Code   RO         1760    .ARM.Collect$$libshutdown$$0000000C  c_w.l(libshutdown2.o)
    0x00000166   0x00000000   Code   RO         1763    .ARM.Collect$$libshutdown$$0000000F  c_w.l(libshutdown2.o)
    0x00000166   0x00000002   Code   RO         1764    .ARM.Collect$$libshutdown$$00000010  c_w.l(libshutdown2.o)
    0x00000168   0x00000000   Code   RO         1565    .ARM.Collect$$rtentry$$00000000  c_w.l(__rtentry.o)
    0x00000168   0x00000000   Code   RO         1593    .ARM.Collect$$rtentry$$00000002  c_w.l(__rtentry2.o)
    0x00000168   0x00000006   Code   RO         1605    .ARM.Collect$$rtentry$$00000004  c_w.l(__rtentry4.o)
    0x0000016e   0x00000000   Code   RO         1595    .ARM.Collect$$rtentry$$00000009  c_w.l(__rtentry2.o)
    0x0000016e   0x00000004   Code   RO         1596    .ARM.Collect$$rtentry$$0000000A  c_w.l(__rtentry2.o)
    0x00000172   0x00000008   Code   RO         1597    .ARM.Collect$$rtentry$$0000000B  c_w.l(__rtentry2.o)
    0x0000017a   0x00000008   Code   RO         1599    .ARM.Collect$$rtentry$$0000000D  c_w.l(__rtentry2.o)
    0x00000182   0x00000002   Code   RO         1566    .ARM.Collect$$rtexit$$00000000  c_w.l(rtexit.o)
    0x00000184   0x00000000   Code   RO         1608    .ARM.Collect$$rtexit$$00000002  c_w.l(rtexit2.o)
    0x00000184   0x00000004   Code   RO         1609    .ARM.Collect$$rtexit$$00000003  c_w.l(rtexit2.o)
    0x00000188   0x00000006   Code   RO         1610    .ARM.Collect$$rtexit$$00000004  c_w.l(rtexit2.o)
    0x0000018e   0x00000002   PAD
    0x00000190   0x0000001c   Code   RO          147    .emb_text           rtx_conf_cm.o
    0x000001ac   0x00000130   Code   RO         1490    .emb_text           RTX_CM3.lib(hal_cm3.o)
    0x000002dc   0x00000000   Code   RO         1850    .emb_text           c_w.l(maybetermalloc1.o)
    0x000002dc   0x00000008   Code   RO         1505    .text               c_w.l(libspace.o)
    0x000002e4   0x00000018   Code   RO         1512    .text               c_w.l(noretval__2printf.o)
    0x000002fc   0x00000004   Code   RO          212    .ARM.__at_0x02FC    startup_lpc17xx.o
    0x00000300   0x00000178   Code   RO            4    .text               robarmsermain.o
    0x00000478   0x00000198   Code   RO           78    .text               terminal.o
    0x00000610   0x000002d0   Code   RO          121    .text               anxs20ser.o
    0x000008e0   0x000000ac   Code   RO          148    .text               rtx_conf_cm.o
    0x0000098c   0x00000194   Code   RO          175    .text               retarget_io.o
    0x00000b20   0x00000040   Code   RO          213    .text               startup_lpc17xx.o
    0x00000b60   0x000002f4   Code   RO          222    .text               system_lpc17xx.o
    0x00000e54   0x00000118   Code   RO          994    .text               max_II_configurator.lib(max_ii_configurator.o)
    0x00000f6c   0x000000ee   Code   RO         1508    .text               c_w.l(lludivv7m.o)
    0x0000105a   0x0000004e   Code   RO         1516    .text               c_w.l(_printf_pad.o)
    0x000010a8   0x00000078   Code   RO         1518    .text               c_w.l(_printf_dec.o)
    0x00001120   0x00000138   Code   RO         1532    .text               c_w.l(__printf_flags_wp.o)
    0x00001258   0x00000004   Code   RO         1545    .text               c_w.l(getc.o)
    0x0000125c   0x00000090   Code   RO         1553    .text               c_w.l(fflush_locked.o)
    0x000012ec   0x00000012   Code   RO         1555    .text               c_w.l(exit.o)
    0x000012fe   0x00000064   Code   RO         1557    .text               c_w.l(rt_memcpy_w.o)
    0x00001362   0x00000002   PAD
    0x00001364   0x00000080   Code   RO         1559    .text               c_w.l(strcmpv7m.o)
    0x000013e4   0x00000006   Code   RO         1561    .text               c_w.l(heapauxi.o)
    0x000013ea   0x000000b2   Code   RO         1572    .text               c_w.l(_printf_intcommon.o)
    0x0000149c   0x000000f8   Code   RO         1581    .text               c_w.l(fseek.o)
    0x00001594   0x000000f0   Code   RO         1583    .text               c_w.l(stdio.o)
    0x00001684   0x00000020   Code   RO         1588    .text               c_w.l(fgetc_locked.o)
    0x000016a4   0x000001c8   Code   RO         1590    .text               c_w.l(initio_locked.o)
    0x0000186c   0x00000076   Code   RO         1620    .text               c_w.l(h1_free_mt.o)
    0x000018e2   0x00000002   PAD
    0x000018e4   0x00000030   Code   RO         1672    .text               c_w.l(_printf_char_common.o)
    0x00001914   0x0000023a   Code   RO         1676    .text               c_w.l(filbuf.o)
    0x00001b4e   0x00000042   Code   RO         1682    .text               c_w.l(ftell.o)
    0x00001b90   0x0000004c   Code   RO         1688    .text               c_w.l(fclose.o)
    0x00001bdc   0x00000068   Code   RO         1694    .text               c_w.l(setvbuf_locked.o)
    0x00001c44   0x00000144   Code   RO         1696    .text               c_w.l(fopen_locked.o)
    0x00001d88   0x0000000e   Code   RO         1698    .text               c_w.l(defsig_rtred_outer.o)
    0x00001d96   0x0000004e   Code   RO         1702    .text               c_w.l(rt_memclr_w.o)
    0x00001de4   0x0000000c   Code   RO         1767    .text               c_w.l(sys_exit.o)
    0x00001df0   0x0000004a   Code   RO         1769    .text               c_w.l(sys_stackheap_outer.o)
    0x00001e3a   0x0000000a   Code   RO         1778    .text               c_w.l(rt_heap_descriptor_twolibspace.o)
    0x00001e44   0x00000004   Code   RO         1785    .text               c_w.l(rt_errno_addr_twolibspace.o)
    0x00001e48   0x00000004   Code   RO         1787    .text               c_w.l(hguard.o)
    0x00001e4c   0x0000008a   Code   RO         1789    .text               c_w.l(init_alloc.o)
    0x00001ed6   0x0000009e   Code   RO         1797    .text               c_w.l(h1_alloc_mt.o)
    0x00001f74   0x000001d6   Code   RO         1811    .text               c_w.l(flsbuf.o)
    0x0000214a   0x00000002   PAD
    0x0000214c   0x0000005c   Code   RO         1823    .text               c_w.l(flushlinebuffered_locked.o)
    0x000021a8   0x0000000a   Code   RO         1825    .text               c_w.l(defsig_exit.o)
    0x000021b2   0x00000002   PAD
    0x000021b4   0x00000034   Code   RO         1831    .text               c_w.l(defsig_rtred_inner.o)
    0x000021e8   0x00000002   Code   RO         1847    .text               c_w.l(use_no_semi.o)
    0x000021ea   0x00000000   Code   RO         1849    .text               c_w.l(indicate_semi.o)
    0x000021ea   0x00000012   Code   RO         1856    .text               c_w.l(h1_init_mt.o)
    0x000021fc   0x0000003e   Code   RO         1858    .text               c_w.l(h1_extend_mt.o)
    0x0000223a   0x00000002   PAD
    0x0000223c   0x00000040   Code   RO         1860    .text               c_w.l(_printf_char_file_locked.o)
    0x0000227c   0x00000032   Code   RO         1868    .text               c_w.l(defsig_general.o)
    0x000022ae   0x0000000e   Code   RO         1872    .text               c_w.l(defsig_rtmem_outer.o)
    0x000022bc   0x0000000e   Code   RO         1889    .text               c_w.l(sys_wrch.o)
    0x000022ca   0x00000002   PAD
    0x000022cc   0x00000050   Code   RO         1901    .text               c_w.l(defsig_rtmem_inner.o)
    0x0000231c   0x00000004   Code   RO         1500    SVC_TABLE           RTX_CM3.lib(svc_table.o)
    0x00002320   0x00000046   Code   RO         1389    i._init_box         RTX_CM3.lib(rt_membox.o)
    0x00002366   0x0000000e   Code   RO         1530    i._is_digit         c_w.l(__printf_wp.o)
    0x00002374   0x00000030   Code   RO         1442    i.dbg_init          RTX_CM3.lib(hal_cm.o)
    0x000023a4   0x00000020   Code   RO         1443    i.dbg_task_notify   RTX_CM3.lib(hal_cm.o)
    0x000023c4   0x00000010   Code   RO         1444    i.dbg_task_switch   RTX_CM3.lib(hal_cm.o)
    0x000023d4   0x00000018   Code   RO         1578    i.fgetc             c_w.l(fgetc.o)
    0x000023ec   0x0000001a   Code   RO         1679    i.fputc             c_w.l(fputc.o)
    0x00002406   0x0000002a   Code   RO          252    i.isrMessageGet     RTX_CM3.lib(rt_cmsis.o)
    0x00002430   0x0000002c   Code   RO          253    i.isrMessagePut     RTX_CM3.lib(rt_cmsis.o)
    0x0000245c   0x00000052   Code   RO         1244    i.isr_mbx_receive   RTX_CM3.lib(rt_mailbox.o)
    0x000024ae   0x0000000e   Code   RO         1245    i.isr_mbx_send      RTX_CM3.lib(rt_mailbox.o)
    0x000024bc   0x00000024   Code   RO          257    i.osKernelInitialize  RTX_CM3.lib(rt_cmsis.o)
    0x000024e0   0x0000006c   Code   RO          259    i.osKernelStart     RTX_CM3.lib(rt_cmsis.o)
    0x0000254c   0x00000030   Code   RO          267    i.osMessageCreate   RTX_CM3.lib(rt_cmsis.o)
    0x0000257c   0x00000018   Code   RO          268    i.osMessageGet      RTX_CM3.lib(rt_cmsis.o)
    0x00002594   0x00000018   Code   RO          269    i.osMessagePut      RTX_CM3.lib(rt_cmsis.o)
    0x000025ac   0x00000030   Code   RO          278    i.osSemaphoreCreate  RTX_CM3.lib(rt_cmsis.o)
    0x000025dc   0x00000030   Code   RO          285    i.osThreadCreate    RTX_CM3.lib(rt_cmsis.o)
    0x0000260c   0x00000018   Code   RO          286    i.osThreadExit      RTX_CM3.lib(rt_cmsis.o)
    0x00002624   0x00000018   Code   RO          291    i.osThreadYield     RTX_CM3.lib(rt_cmsis.o)
    0x0000263c   0x00000028   Code   RO         1036    i.os_tick_init      RTX_CM3.lib(rt_system.o)
    0x00002664   0x00000002   Code   RO         1037    i.os_tick_irqack    RTX_CM3.lib(rt_system.o)
    0x00002666   0x0000001a   Code   RO         1390    i.rt_alloc_box      RTX_CM3.lib(rt_membox.o)
    0x00002680   0x0000003e   Code   RO         1418    i.rt_alloc_mem      RTX_CM3.lib(rt_memory.o)
    0x000026be   0x00000002   PAD
    0x000026c0   0x00000038   Code   RO          874    i.rt_block          RTX_CM3.lib(rt_task.o)
    0x000026f8   0x00000048   Code   RO         1367    i.rt_chk_robin      RTX_CM3.lib(rt_robin.o)
    0x00002740   0x00000070   Code   RO         1168    i.rt_dec_dly        RTX_CM3.lib(rt_list.o)
    0x000027b0   0x00000044   Code   RO          875    i.rt_dispatch       RTX_CM3.lib(rt_task.o)
    0x000027f4   0x00000050   Code   RO         1129    i.rt_evt_psh        RTX_CM3.lib(rt_event.o)
    0x00002844   0x0000002c   Code   RO         1391    i.rt_free_box       RTX_CM3.lib(rt_membox.o)
    0x00002870   0x00000028   Code   RO         1419    i.rt_free_mem       RTX_CM3.lib(rt_memory.o)
    0x00002898   0x00000028   Code   RO         1169    i.rt_get_first      RTX_CM3.lib(rt_list.o)
    0x000028c0   0x00000024   Code   RO         1170    i.rt_get_same_rdy_prio  RTX_CM3.lib(rt_list.o)
    0x000028e4   0x00000048   Code   RO          876    i.rt_init_context   RTX_CM3.lib(rt_task.o)
    0x0000292c   0x0000001a   Code   RO         1420    i.rt_init_mem       RTX_CM3.lib(rt_memory.o)
    0x00002946   0x00000002   PAD
    0x00002948   0x00000018   Code   RO         1368    i.rt_init_robin     RTX_CM3.lib(rt_robin.o)
    0x00002960   0x00000080   Code   RO         1445    i.rt_init_stack     RTX_CM3.lib(hal_cm.o)
    0x000029e0   0x00000008   Code   RO         1246    i.rt_mbx_check      RTX_CM3.lib(rt_mailbox.o)
    0x000029e8   0x0000001a   Code   RO         1247    i.rt_mbx_init       RTX_CM3.lib(rt_mailbox.o)
    0x00002a02   0x00000002   PAD
    0x00002a04   0x000000f0   Code   RO         1248    i.rt_mbx_psh        RTX_CM3.lib(rt_mailbox.o)
    0x00002af4   0x00000098   Code   RO         1249    i.rt_mbx_send       RTX_CM3.lib(rt_mailbox.o)
    0x00002b8c   0x000000b4   Code   RO         1250    i.rt_mbx_wait       RTX_CM3.lib(rt_mailbox.o)
    0x00002c40   0x00000044   Code   RO          303    i.rt_ms2tick        RTX_CM3.lib(rt_cmsis.o)
    0x00002c84   0x00000010   Code   RO          959    i.rt_mut_init       RTX_CM3.lib(rt_mutex.o)
    0x00002c94   0x000000d8   Code   RO          960    i.rt_mut_release    RTX_CM3.lib(rt_mutex.o)
    0x00002d6c   0x00000068   Code   RO          961    i.rt_mut_wait       RTX_CM3.lib(rt_mutex.o)
    0x00002dd4   0x0000007c   Code   RO         1040    i.rt_pop_req        RTX_CM3.lib(rt_system.o)
    0x00002e50   0x00000020   Code   RO         1041    i.rt_psh_req        RTX_CM3.lib(rt_system.o)
    0x00002e70   0x0000005c   Code   RO         1171    i.rt_psq_enq        RTX_CM3.lib(rt_list.o)
    0x00002ecc   0x00000048   Code   RO         1172    i.rt_put_dly        RTX_CM3.lib(rt_list.o)
    0x00002f14   0x00000036   Code   RO         1173    i.rt_put_prio       RTX_CM3.lib(rt_list.o)
    0x00002f4a   0x00000002   PAD
    0x00002f4c   0x00000014   Code   RO         1174    i.rt_put_rdy_first  RTX_CM3.lib(rt_list.o)
    0x00002f60   0x00000034   Code   RO         1175    i.rt_resort_prio    RTX_CM3.lib(rt_list.o)
    0x00002f94   0x00000006   Code   RO         1446    i.rt_ret_val        RTX_CM3.lib(hal_cm.o)
    0x00002f9a   0x00000008   Code   RO         1447    i.rt_ret_val2       RTX_CM3.lib(hal_cm.o)
    0x00002fa2   0x00000028   Code   RO         1176    i.rt_rmv_dly        RTX_CM3.lib(rt_list.o)
    0x00002fca   0x00000002   PAD
    0x00002fcc   0x00000030   Code   RO         1177    i.rt_rmv_list       RTX_CM3.lib(rt_list.o)
    0x00002ffc   0x0000000c   Code   RO         1294    i.rt_sem_init       RTX_CM3.lib(rt_semaphore.o)
    0x00003008   0x00000034   Code   RO         1295    i.rt_sem_psh        RTX_CM3.lib(rt_semaphore.o)
    0x0000303c   0x00000024   Code   RO         1043    i.rt_stk_check      RTX_CM3.lib(rt_system.o)
    0x00003060   0x00000028   Code   RO          877    i.rt_switch_req     RTX_CM3.lib(rt_task.o)
    0x00003088   0x000000cc   Code   RO          878    i.rt_sys_init       RTX_CM3.lib(rt_task.o)
    0x00003154   0x00000078   Code   RO          879    i.rt_sys_start      RTX_CM3.lib(rt_task.o)
    0x000031cc   0x00000040   Code   RO         1045    i.rt_systick        RTX_CM3.lib(rt_system.o)
    0x0000320c   0x00000012   Code   RO          304    i.rt_tid2ptcb       RTX_CM3.lib(rt_cmsis.o)
    0x0000321e   0x00000002   PAD
    0x00003220   0x00000034   Code   RO          305    i.rt_timer_insert   RTX_CM3.lib(rt_cmsis.o)
    0x00003254   0x00000088   Code   RO          880    i.rt_tsk_create     RTX_CM3.lib(rt_task.o)
    0x000032dc   0x0000017c   Code   RO          881    i.rt_tsk_delete     RTX_CM3.lib(rt_task.o)
    0x00003458   0x00000030   Code   RO          882    i.rt_tsk_pass       RTX_CM3.lib(rt_task.o)
    0x00003488   0x0000007c   Code   RO          883    i.rt_tsk_prio       RTX_CM3.lib(rt_task.o)
    0x00003504   0x00000010   Code   RO          884    i.rt_tsk_self       RTX_CM3.lib(rt_task.o)
    0x00003514   0x00000070   Code   RO          308    i.svcKernelInitialize  RTX_CM3.lib(rt_cmsis.o)
    0x00003584   0x00000048   Code   RO          310    i.svcKernelStart    RTX_CM3.lib(rt_cmsis.o)
    0x000035cc   0x00000024   Code   RO          313    i.svcMessageCreate  RTX_CM3.lib(rt_cmsis.o)
    0x000035f0   0x0000003a   Code   RO          314    i.svcMessageGet     RTX_CM3.lib(rt_cmsis.o)
    0x0000362a   0x00000036   Code   RO          315    i.svcMessagePut     RTX_CM3.lib(rt_cmsis.o)
    0x00003660   0x00000024   Code   RO          321    i.svcSemaphoreCreate  RTX_CM3.lib(rt_cmsis.o)
    0x00003684   0x00000070   Code   RO          328    i.svcThreadCreate   RTX_CM3.lib(rt_cmsis.o)
    0x000036f4   0x0000001c   Code   RO          329    i.svcThreadGetId    RTX_CM3.lib(rt_cmsis.o)
    0x00003710   0x00000038   Code   RO          332    i.svcThreadTerminate  RTX_CM3.lib(rt_cmsis.o)
    0x00003748   0x0000000a   Code   RO          333    i.svcThreadYield    RTX_CM3.lib(rt_cmsis.o)
    0x00003752   0x00000002   PAD
    0x00003754   0x0000005c   Code   RO          343    i.sysTimerTick      RTX_CM3.lib(rt_cmsis.o)
    0x000037b0   0x00000010   Data   RO           80    .constdata          terminal.o
    0x000037c0   0x0000004c   Data   RO          123    .constdata          anxs20ser.o
    0x0000380c   0x00000046   Data   RO          150    .constdata          rtx_conf_cm.o
    0x00003852   0x00000017   Data   RO          176    .constdata          retarget_io.o
    0x00003869   0x00000011   Data   RO         1533    .constdata          c_w.l(__printf_flags_wp.o)
    0x0000387a   0x00000002   PAD
    0x0000387c   0x000000a1   Data   RO            5    .conststring        robarmsermain.o
    0x0000391d   0x00000003   PAD
    0x00003920   0x00000020   Data   RO         1921    Region$$Table       anon$$obj.o


    Execution Region RW_IRAM1 (Base: 0x10000000, Size: 0x00001490, Max: 0x00008000, ABSOLUTE)

    Base Addr    Size         Type   Attr      Idx    E Section Name        Object

    0x10000000   0x0000003c   Data   RW            6    .data               robarmsermain.o
    0x1000003c   0x0000001c   Data   RW           81    .data               terminal.o
    0x10000058   0x00000004   Data   RW          124    .data               anxs20ser.o
    0x1000005c   0x00000024   Data   RW          151    .data               rtx_conf_cm.o
    0x10000080   0x00000004   Data   RW          223    .data               system_lpc17xx.o
    0x10000084   0x00000008   Data   RW          346    .data               RTX_CM3.lib(rt_cmsis.o)
    0x1000008c   0x00000008   Data   RW          886    .data               RTX_CM3.lib(rt_task.o)
    0x10000094   0x00000008   Data   RW         1048    .data               RTX_CM3.lib(rt_system.o)
    0x1000009c   0x00000004   Data   RW         1338    .data               RTX_CM3.lib(rt_time.o)
    0x100000a0   0x00000008   Data   RW         1369    .data               RTX_CM3.lib(rt_robin.o)
    0x100000a8   0x00000001   Data   RW         1448    .data               RTX_CM3.lib(hal_cm.o)
    0x100000a9   0x00000003   PAD
    0x100000ac   0x00000004   Data   RW         1550    .data               c_w.l(stdio_streams.o)
    0x100000b0   0x00000004   Data   RW         1551    .data               c_w.l(stdio_streams.o)
    0x100000b4   0x00000004   Data   RW         1552    .data               c_w.l(stdio_streams.o)
    0x100000b8   0x00000004   Data   RW         1585    .data               c_w.l(streamlock.o)
    0x100000bc   0x00000030   Zero   RW           79    .bss                terminal.o
    0x100000ec   0x00000024   Zero   RW          122    .bss                anxs20ser.o
    0x10000110   0x00000dbc   Zero   RW          149    .bss                rtx_conf_cm.o
    0x10000ecc   0x00000034   Zero   RW          885    .bss                RTX_CM3.lib(rt_task.o)
    0x10000f00   0x00000030   Zero   RW         1178    .bss                RTX_CM3.lib(rt_list.o)
    0x10000f30   0x00000060   Zero   RW         1506    .bss                c_w.l(libspace.o)
    0x10000f90   0x00000054   Zero   RW         1547    .bss                c_w.l(stdio_streams.o)
    0x10000fe4   0x00000054   Zero   RW         1548    .bss                c_w.l(stdio_streams.o)
    0x10001038   0x00000054   Zero   RW         1549    .bss                c_w.l(stdio_streams.o)
    0x1000108c   0x00000004   PAD
    0x10001090   0x00000200   Zero   RW          210    HEAP                startup_lpc17xx.o
    0x10001290   0x00000200   Zero   RW          209    STACK               startup_lpc17xx.o


==============================================================================

Image component sizes


      Code (inc. data)   RO Data    RW Data    ZI Data      Debug   Object Name

       720         38         76          4         36       4623   anxs20ser.o
       404         24         23          0          0       3898   retarget_io.o
       376         58        161         60          0      28081   robarmsermain.o
       200         34         70         36       3516       9137   rtx_conf_cm.o
        68         30        204          0       1024       1332   startup_lpc17xx.o
       756         30          0          4          0       1413   system_lpc17xx.o
       408         64         16         28         48      27222   terminal.o

    ----------------------------------------------------------------------
      2932        278        585        132       4624      75706   Object Totals
         0          0         32          0          0          0   (incl. Generated)
         0          0          3          0          0          0   (incl. Padding)

    ----------------------------------------------------------------------

      Code (inc. data)   RO Data    RW Data    ZI Data      Debug   Library Member Name

       238         24          0          1          0       3256   hal_cm.o
       304         36          0          0          0        760   hal_cm3.o
      1274        162          0          8          0      33614   rt_cmsis.o
        80          4          0          0          0        653   rt_event.o
       566         44          0          0         48       8696   rt_list.o
       702         14          0          0          0       4727   rt_mailbox.o
       140          0          0          0          0       1901   rt_membox.o
       128          0          0          0          0       2275   rt_memory.o
       336         12          0          0          0       2057   rt_mutex.o
        96         22          0          8          0       1134   rt_robin.o
        64          4          0          0          0       1067   rt_semaphore.o
       298         52          0          8          0       6151   rt_system.o
      1264        184          0          8         52      10035   rt_task.o
         0          0          0          4          0        206   rt_time.o
         4          4          0          0          0        200   svc_table.o
         8          0          0          0          0         68   __main.o
       312          4         17          0          0         92   __printf_flags_wp.o
        14          0          0          0          0         68   __printf_wp.o
         0          0          0          0          0          0   __rtentry.o
        20          0          0          0          0          0   __rtentry2.o
         6          0          0          0          0          0   __rtentry4.o
        52          8          0          0          0          0   __scatter.o
        26          0          0          0          0          0   __scatter_copy.o
        28          0          0          0          0          0   __scatter_zi.o
        48          6          0          0          0         96   _printf_char_common.o
        64          6          0          0          0         84   _printf_char_file_locked.o
         6          0          0          0          0          0   _printf_d.o
       120         16          0          0          0         92   _printf_dec.o
       178          0          0          0          0         88   _printf_intcommon.o
        78          0          0          0          0        108   _printf_pad.o
         0          0          0          0          0          0   _printf_percent.o
         4          0          0          0          0          0   _printf_percent_end.o
         6          0          0          0          0          0   _printf_u.o
        10          0          0          0          0         68   defsig_exit.o
        50          0          0          0          0         88   defsig_general.o
        80         58          0          0          0         76   defsig_rtmem_inner.o
        14          0          0          0          0         80   defsig_rtmem_outer.o
        52         38          0          0          0         76   defsig_rtred_inner.o
        14          0          0          0          0         80   defsig_rtred_outer.o
        18          0          0          0          0         80   exit.o
        76          0          0          0          0         88   fclose.o
       144         10          0          0          0        128   fflush_locked.o
        24          0          0          0          0         68   fgetc.o
        32          0          0          0          0         80   fgetc_locked.o
       570          0          0          0          0        132   filbuf.o
       470          0          0          0          0         88   flsbuf.o
        92          8          0          0          0         88   flushlinebuffered_locked.o
       324          8          0          0          0        152   fopen_locked.o
        26          0          0          0          0         68   fputc.o
       248          6          0          0          0         84   fseek.o
        66          0          0          0          0         76   ftell.o
         4          0          0          0          0         68   getc.o
       158          0          0          0          0        128   h1_alloc_mt.o
        62          0          0          0          0         80   h1_extend_mt.o
       118          0          0          0          0        108   h1_free_mt.o
        18          0          0          0          0         84   h1_init_mt.o
         6          0          0          0          0        152   heapauxi.o
         4          0          0          0          0        136   hguard.o
         0          0          0          0          0          0   indicate_semi.o
       138          0          0          0          0        168   init_alloc.o
       456         48          0          0          0        116   initio_locked.o
         2          0          0          0          0          0   libinit.o
        14          0          0          0          0          0   libinit2.o
         2          0          0          0          0          0   libshutdown.o
         6          0          0          0          0          0   libshutdown2.o
         8          4          0          0         96         68   libspace.o
       238          0          0          0          0        100   lludivv7m.o
         0          0          0          0          0          0   maybetermalloc1.o
        24          4          0          0          0         84   noretval__2printf.o
         4          0          0          0          0         68   rt_errno_addr_twolibspace.o
        10          0          0          0          0         76   rt_heap_descriptor_twolibspace.o
        78          0          0          0          0         80   rt_memclr_w.o
       100          0          0          0          0         80   rt_memcpy_w.o
         2          0          0          0          0          0   rtexit.o
        10          0          0          0          0          0   rtexit2.o
       104          0          0          0          0         88   setvbuf_locked.o
       240          6          0          0          0        156   stdio.o
         0          0          0         12        252          0   stdio_streams.o
       128          0          0          0          0         68   strcmpv7m.o
         0          0          0          4          0          0   streamlock.o
        12          4          0          0          0         68   sys_exit.o
        74          0          0          0          0         80   sys_stackheap_outer.o
        14          0          0          0          0         76   sys_wrch.o
         2          0          0          0          0         68   use_no_semi.o
       280         12          0          0          0       3484   max_ii_configurator.o

    ----------------------------------------------------------------------
     11120        808         19         56        452      84712   Library Totals
        30          0          2          3          4          0   (incl. Padding)

    ----------------------------------------------------------------------

      Code (inc. data)   RO Data    RW Data    ZI Data      Debug   Library Name

      5494        562          0         37        100      76732   RTX_CM3.lib
      5316        234         17         16        348       4496   c_w.l
       280         12          0          0          0       3484   max_II_configurator.lib

    ----------------------------------------------------------------------
     11120        808         19         56        452      84712   Library Totals

    ----------------------------------------------------------------------

==============================================================================


      Code (inc. data)   RO Data    RW Data    ZI Data      Debug   

     14052       1086        604        188       5076     153706   Grand Totals
     14052       1086        604        188       5076     153706   ELF Image Totals
     14052       1086        604        188          0          0   ROM Totals

==============================================================================

    Total RO  Size (Code + RO Data)                14656 (  14.31kB)
    Total RW  Size (RW Data + ZI Data)              5264 (   5.14kB)
    Total ROM Size (Code + RO Data + RW Data)      14844 (  14.50kB)

==============================================================================

