Component: ARM Compiler 5.06 update 3 (build 300) Tool: armlink [4d35c9]

==============================================================================

Section Cross References

    robterminal.o(.text) refers to max_ii_configurator.o(.text) for doMaxIIconfig
    robterminal.o(.text) refers to terminal.o(.text) for TRMinit
    robterminal.o(.text) refers to getc.o(.text) for getc
    robterminal.o(.text) refers to putc.o(.text) for putc
    robterminal.o(.text) refers to fflush_locked.o(.text) for fflush
    robterminal.o(.text) refers to stdio_streams.o(.bss) for __stdin
    robterminal.o(.text) refers to stdio_streams.o(.bss) for __stdout
    terminal.o(.text) refers to _printf_percent.o(.ARM.Collect$$_printf_percent$$00000000) for _printf_percent
    terminal.o(.text) refers to _printf_d.o(.ARM.Collect$$_printf_percent$$00000009) for _printf_d
    terminal.o(.text) refers to _printf_dec.o(.text) for _printf_int_dec
    terminal.o(.text) refers to rt_cmsis.o(i.osMessageCreate) for osMessageCreate
    terminal.o(.text) refers to rt_cmsis.o(i.osSemaphoreCreate) for osSemaphoreCreate
    terminal.o(.text) refers to rt_cmsis.o(i.osThreadYield) for osThreadYield
    terminal.o(.text) refers to noretval__2printf.o(.text) for __2printf
    terminal.o(.text) refers to rt_cmsis.o(i.osMessagePut) for osMessagePut
    terminal.o(.text) refers to rt_cmsis.o(i.osMessageGet) for osMessageGet
    terminal.o(.text) refers to terminal.o(.constdata) for os_messageQ_def_STDINmsgQ
    terminal.o(.text) refers to terminal.o(.data) for STDINmsgQ
    terminal.o(.constdata) refers to terminal.o(.bss) for os_messageQ_q_STDINmsgQ
    terminal.o(.constdata) refers to terminal.o(.data) for os_semaphore_cb_STDOUTsem
    rtx_conf_cm.o(.emb_text) refers to rt_cmsis.o(i.osKernelInitialize) for osKernelInitialize
    rtx_conf_cm.o(.emb_text) refers to rt_cmsis.o(i.osThreadCreate) for osThreadCreate
    rtx_conf_cm.o(.emb_text) refers to rt_cmsis.o(i.osKernelStart) for osKernelStart
    rtx_conf_cm.o(.emb_text) refers to exit.o(.text) for exit
    rtx_conf_cm.o(.emb_text) refers to rtx_conf_cm.o(.data) for os_thread_def_main
    rtx_conf_cm.o(.text) refers to rt_task.o(i.rt_tsk_self) for rt_tsk_self
    rtx_conf_cm.o(.text) refers to rt_mutex.o(i.rt_mut_init) for rt_mut_init
    rtx_conf_cm.o(.text) refers to rt_cmsis.o(.data) for os_running
    rtx_conf_cm.o(.text) refers to rtx_conf_cm.o(.bss) for .bss
    rtx_conf_cm.o(.text) refers to libspace.o(.bss) for __libspace_start
    rtx_conf_cm.o(.text) refers to rtx_conf_cm.o(.data) for .data
    rtx_conf_cm.o(.text) refers to rt_mutex.o(i.rt_mut_wait) for rt_mut_wait
    rtx_conf_cm.o(.text) refers to rt_mutex.o(i.rt_mut_release) for rt_mut_release
    rtx_conf_cm.o(.constdata) refers to rtx_conf_cm.o(.bss) for os_messageQ_q_osTimerMessageQ
    rtx_conf_cm.o(.data) refers to robterminal.o(.text) for main
    retarget_io.o(.text) refers to strcmpv7m.o(.text) for strcmp
    retarget_io.o(.text) refers to terminal.o(.text) for stdout_putchar
    startup_lpc17xx.o(STACK) refers (Special) to heapauxi.o(.text) for __use_two_region_memory
    startup_lpc17xx.o(HEAP) refers (Special) to heapauxi.o(.text) for __use_two_region_memory
    startup_lpc17xx.o(RESET) refers (Special) to heapauxi.o(.text) for __use_two_region_memory
    startup_lpc17xx.o(RESET) refers to startup_lpc17xx.o(STACK) for __initial_sp
    startup_lpc17xx.o(RESET) refers to startup_lpc17xx.o(.text) for Reset_Handler
    startup_lpc17xx.o(RESET) refers to hal_cm3.o(.emb_text) for SVC_Handler
    startup_lpc17xx.o(RESET) refers to terminal.o(.text) for UART0_IRQHandler
    startup_lpc17xx.o(.ARM.__at_0x02FC) refers (Special) to heapauxi.o(.text) for __use_two_region_memory
    startup_lpc17xx.o(.text) refers (Special) to heapauxi.o(.text) for __use_two_region_memory
    startup_lpc17xx.o(.text) refers to system_lpc17xx.o(.text) for SystemInit
    startup_lpc17xx.o(.text) refers to __main.o(!!!main) for __main
    startup_lpc17xx.o(.text) refers to startup_lpc17xx.o(HEAP) for Heap_Mem
    startup_lpc17xx.o(.text) refers to startup_lpc17xx.o(STACK) for Stack_Mem
    system_lpc17xx.o(.text) refers to lludivv7m.o(.text) for __aeabi_uldivmod
    system_lpc17xx.o(.text) refers to system_lpc17xx.o(.data) for SystemCoreClock
    rt_cmsis.o(i.isrMessageGet) refers to rt_mailbox.o(i.isr_mbx_receive) for isr_mbx_receive
    rt_cmsis.o(i.isrMessagePut) refers to rt_mailbox.o(i.rt_mbx_check) for rt_mbx_check
    rt_cmsis.o(i.isrMessagePut) refers to rt_mailbox.o(i.isr_mbx_send) for isr_mbx_send
    rt_cmsis.o(i.isrSemaphoreRelease) refers to rt_cmsis.o(i.rt_id2obj) for rt_id2obj
    rt_cmsis.o(i.isrSemaphoreRelease) refers to rt_semaphore.o(i.isr_sem_send) for isr_sem_send
    rt_cmsis.o(i.isrSignalSet) refers to rt_cmsis.o(i.rt_tid2ptcb) for rt_tid2ptcb
    rt_cmsis.o(i.isrSignalSet) refers to rt_event.o(i.isr_evt_set) for isr_evt_set
    rt_cmsis.o(i.osDelay) refers to rt_cmsis.o(i.svcDelay) for svcDelay
[...]
    .ARM.Collect$$libinit$$00000011          0x00000154   Section        0  libinit2.o(.ARM.Collect$$libinit$$00000011)
    .ARM.Collect$$libinit$$00000013          0x00000154   Section        0  libinit2.o(.ARM.Collect$$libinit$$00000013)
    .ARM.Collect$$libinit$$00000015          0x00000154   Section        0  libinit2.o(.ARM.Collect$$libinit$$00000015)
    .ARM.Collect$$libinit$$00000017          0x00000154   Section        0  libinit2.o(.ARM.Collect$$libinit$$00000017)
    .ARM.Collect$$libinit$$00000019          0x00000154   Section        0  libinit2.o(.ARM.Collect$$libinit$$00000019)
    .ARM.Collect$$libinit$$0000001B          0x00000154   Section        0  libinit2.o(.ARM.Collect$$libinit$$0000001B)
    .ARM.Collect$$libinit$$0000001D          0x00000154   Section        0  libinit2.o(.ARM.Collect$$libinit$$0000001D)
    .ARM.Collect$$libinit$$0000001F          0x00000154   Section        0  libinit2.o(.ARM.Collect$$libinit$$0000001F)
    .ARM.Collect$$libinit$$00000021          0x00000154   Section        0  libinit2.o(.ARM.Collect$$libinit$$00000021)
    .ARM.Collect$$libinit$$00000023          0x00000154   Section        0  libinit2.o(.ARM.Collect$$libinit$$00000023)
    .ARM.Collect$$libinit$$00000024          0x00000154   Section        4  libinit2.o(.ARM.Collect$$libinit$$00000024)
    .ARM.Collect$$libinit$$00000025          0x00000158   Section        0  libinit2.o(.ARM.Collect$$libinit$$00000025)
    .ARM.Collect$$libinit$$0000002C          0x00000158   Section        0  libinit2.o(.ARM.Collect$$libinit$$0000002C)
    .ARM.Collect$$libinit$$0000002E          0x00000158   Section        0  libinit2.o(.ARM.Collect$$libinit$$0000002E)
    .ARM.Collect$$libinit$$00000030          0x00000158   Section        0  libinit2.o(.ARM.Collect$$libinit$$00000030)
    .ARM.Collect$$libinit$$00000032          0x00000158   Section        0  libinit2.o(.ARM.Collect$$libinit$$00000032)
    .ARM.Collect$$libinit$$00000033          0x00000158   Section        2  libinit2.o(.ARM.Collect$$libinit$$00000033)
    .ARM.Collect$$libshutdown$$00000000      0x0000015a   Section        2  libshutdown.o(.ARM.Collect$$libshutdown$$00000000)
    .ARM.Collect$$libshutdown$$00000002      0x0000015c   Section        0  libshutdown2.o(.ARM.Collect$$libshutdown$$00000002)
    .ARM.Collect$$libshutdown$$00000003      0x0000015c   Section        4  libshutdown2.o(.ARM.Collect$$libshutdown$$00000003)
    .ARM.Collect$$libshutdown$$00000004      0x00000160   Section        0  libshutdown2.o(.ARM.Collect$$libshutdown$$00000004)
    .ARM.Collect$$libshutdown$$00000007      0x00000160   Section        0  libshutdown2.o(.ARM.Collect$$libshutdown$$00000007)
    .ARM.Collect$$libshutdown$$0000000A      0x00000160   Section        0  libshutdown2.o(.ARM.Collect$$libshutdown$$0000000A)
    .ARM.Collect$$libshutdown$$0000000C      0x00000160   Section        0  libshutdown2.o(.ARM.Collect$$libshutdown$$0000000C)
    .ARM.Collect$$libshutdown$$0000000F      0x00000160   Section        0  libshutdown2.o(.ARM.Collect$$libshutdown$$0000000F)
    .ARM.Collect$$libshutdown$$00000010      0x00000160   Section        2  libshutdown2.o(.ARM.Collect$$libshutdown$$00000010)
    .ARM.Collect$$rtentry$$00000000          0x00000162   Section        0  __rtentry.o(.ARM.Collect$$rtentry$$00000000)
    .ARM.Collect$$rtentry$$00000002          0x00000162   Section        0  __rtentry2.o(.ARM.Collect$$rtentry$$00000002)
    .ARM.Collect$$rtentry$$00000004          0x00000162   Section        6  __rtentry4.o(.ARM.Collect$$rtentry$$00000004)
    .ARM.Collect$$rtentry$$00000009          0x00000168   Section        0  __rtentry2.o(.ARM.Collect$$rtentry$$00000009)
    .ARM.Collect$$rtentry$$0000000A          0x00000168   Section        4  __rtentry2.o(.ARM.Collect$$rtentry$$0000000A)
    .ARM.Collect$$rtentry$$0000000B          0x0000016c   Section        8  __rtentry2.o(.ARM.Collect$$rtentry$$0000000B)
    .ARM.Collect$$rtentry$$0000000D          0x00000174   Section        8  __rtentry2.o(.ARM.Collect$$rtentry$$0000000D)
    .ARM.Collect$$rtexit$$00000000           0x0000017c   Section        2  rtexit.o(.ARM.Collect$$rtexit$$00000000)
    .ARM.Collect$$rtexit$$00000002           0x0000017e   Section        0  rtexit2.o(.ARM.Collect$$rtexit$$00000002)
    .ARM.Collect$$rtexit$$00000003           0x0000017e   Section        4  rtexit2.o(.ARM.Collect$$rtexit$$00000003)
    .ARM.Collect$$rtexit$$00000004           0x00000182   Section        6  rtexit2.o(.ARM.Collect$$rtexit$$00000004)
    .emb_text                                0x00000188   Section       28  rtx_conf_cm.o(.emb_text)
    .emb_text                                0x000001a4   Section      304  hal_cm3.o(.emb_text)
    .emb_text                                0x000002d4   Section        0  maybetermalloc1.o(.emb_text)
    .text                                    0x000002d4   Section        8  libspace.o(.text)
    .text                                    0x000002dc   Section        0  noretval__2printf.o(.text)
    .text                                    0x000002f4   Section        0  getc.o(.text)
    .text                                    0x000002f8   Section        0  putc.o(.text)
    .ARM.__at_0x02FC                         0x000002fc   Section        4  startup_lpc17xx.o(.ARM.__at_0x02FC)
    .text                                    0x00000300   Section        0  robterminal.o(.text)
    .text                                    0x00000350   Section        0  terminal.o(.text)
    .text                                    0x000004fc   Section        0  rtx_conf_cm.o(.text)
    __tagsym$$used                           0x00000565   Number         0  rtx_conf_cm.o(.text)
    __tagsym$$used                           0x0000057b   Number         0  rtx_conf_cm.o(.text)
    .text                                    0x000005a8   Section        0  retarget_io.o(.text)
    .text                                    0x0000073c   Section       64  startup_lpc17xx.o(.text)
    .text                                    0x0000077c   Section        0  system_lpc17xx.o(.text)
    .text                                    0x00000a70   Section        0  max_ii_configurator.o(.text)
    .text                                    0x00000b88   Section      238  lludivv7m.o(.text)
    .text                                    0x00000c76   Section        0  __printf.o(.text)
    .text                                    0x00000ce0   Section        0  _printf_dec.o(.text)
    .text                                    0x00000d58   Section        0  fflush_locked.o(.text)
    .text                                    0x00000de8   Section        0  exit.o(.text)
    .text                                    0x00000dfc   Section      128  strcmpv7m.o(.text)
    .text                                    0x00000e7c   Section        0  heapauxi.o(.text)
    .text                                    0x00000e82   Section        0  _printf_intcommon.o(.text)
    .text                                    0x00000f34   Section        0  fseek.o(.text)
    .text                                    0x0000102c   Section        0  stdio.o(.text)
    .text                                    0x0000111c   Section        0  fgetc_locked.o(.text)
    .text                                    0x0000113c   Section        0  fputc_locked.o(.text)
    .text                                    0x00001160   Section        0  initio_locked.o(.text)
    .text                                    0x00001328   Section        0  h1_free_mt.o(.text)
    .text                                    0x000013a0   Section        0  _printf_char_common.o(.text)
    _printf_input_char                       0x000013a1   Thumb Code    10  _printf_char_common.o(.text)
    .text                                    0x000013d0   Section        0  filbuf.o(.text)
    .text                                    0x0000160a   Section        0  flsbuf.o(.text)
    .text                                    0x000017e0   Section        0  ftell.o(.text)
    .text                                    0x00001822   Section        0  fclose.o(.text)
    .text                                    0x0000186e   Section        0  setvbuf_locked.o(.text)
    .text                                    0x000018d8   Section        0  fopen_locked.o(.text)
    _freopen_locked                          0x000018d9   Thumb Code   174  fopen_locked.o(.text)
    .text                                    0x00001a1c   Section        0  defsig_rtred_outer.o(.text)
    .text                                    0x00001a2a   Section       78  rt_memclr_w.o(.text)
    .text                                    0x00001a78   Section        0  sys_exit.o(.text)
    .text                                    0x00001a84   Section       74  sys_stackheap_outer.o(.text)
    .text                                    0x00001ace   Section       10  rt_heap_descriptor_twolibspace.o(.text)
    .text                                    0x00001ad8   Section        4  rt_errno_addr_twolibspace.o(.text)
    .text                                    0x00001adc   Section        0  hguard.o(.text)
    .text                                    0x00001ae0   Section        0  init_alloc.o(.text)
    .text                                    0x00001b6a   Section        0  h1_alloc_mt.o(.text)
    Heap1_SizeAdjust                         0x00001b6b   Thumb Code     8  h1_alloc_mt.o(.text)
    .text                                    0x00001c08   Section        0  _printf_char_file_locked.o(.text)
    .text                                    0x00001c48   Section        0  flushlinebuffered_locked.o(.text)
    .text                                    0x00001ca4   Section        0  defsig_exit.o(.text)
    .text                                    0x00001cb0   Section        0  defsig_rtred_inner.o(.text)
    .text                                    0x00001ce4   Section        2  use_no_semi.o(.text)
    .text                                    0x00001ce6   Section        0  h1_init_mt.o(.text)
    .text                                    0x00001ce6   Section        0  indicate_semi.o(.text)
    .text                                    0x00001cf8   Section        0  h1_extend_mt.o(.text)
    .text                                    0x00001d36   Section        0  defsig_general.o(.text)
    .text                                    0x00001d68   Section        0  defsig_rtmem_outer.o(.text)
    .text                                    0x00001d76   Section        0  sys_wrch.o(.text)
    .text                                    0x00001d84   Section        0  defsig_rtmem_inner.o(.text)
    SVC_TABLE                                0x00001dd4   Section        4  svc_table.o(SVC_TABLE)
    i._init_box                              0x00001dd8   Section        0  rt_membox.o(i._init_box)
    i.dbg_init                               0x00001e20   Section        0  hal_cm.o(i.dbg_init)
    i.dbg_task_notify                        0x00001e50   Section        0  hal_cm.o(i.dbg_task_notify)
    i.dbg_task_switch                        0x00001e70   Section        0  hal_cm.o(i.dbg_task_switch)
    i.fgetc                                  0x00001e80   Section        0  fgetc.o(i.fgetc)
    i.fputc                                  0x00001e98   Section        0  fputc.o(i.fputc)
    i.isrMessageGet                          0x00001eb2   Section        0  rt_cmsis.o(i.isrMessageGet)
    i.isrMessagePut                          0x00001edc   Section        0  rt_cmsis.o(i.isrMessagePut)
    i.isr_mbx_receive                        0x00001f08   Section        0  rt_mailbox.o(i.isr_mbx_receive)
    i.isr_mbx_send                           0x00001f5a   Section        0  rt_mailbox.o(i.isr_mbx_send)
    i.osKernelInitialize                     0x00001f68   Section        0  rt_cmsis.o(i.osKernelInitialize)
    i.osKernelStart                          0x00001f8c   Section        0  rt_cmsis.o(i.osKernelStart)
    i.osMessageCreate                        0x00001ff8   Section        0  rt_cmsis.o(i.osMessageCreate)
    i.osMessageGet                           0x00002028   Section        0  rt_cmsis.o(i.osMessageGet)
    i.osMessagePut                           0x00002040   Section        0  rt_cmsis.o(i.osMessagePut)
    i.osSemaphoreCreate                      0x00002058   Section        0  rt_cmsis.o(i.osSemaphoreCreate)
    i.osThreadCreate                         0x00002088   Section        0  rt_cmsis.o(i.osThreadCreate)
    i.osThreadExit                           0x000020b8   Section        0  rt_cmsis.o(i.osThreadExit)
    i.osThreadYield                          0x000020d0   Section        0  rt_cmsis.o(i.osThreadYield)
    i.os_tick_init                           0x000020e8   Section        0  rt_system.o(i.os_tick_init)
    i.os_tick_irqack                         0x00002110   Section        0  rt_system.o(i.os_tick_irqack)
    i.rt_alloc_box                           0x00002112   Section        0  rt_membox.o(i.rt_alloc_box)
    i.rt_alloc_mem                           0x0000212c   Section        0  rt_memory.o(i.rt_alloc_mem)
    i.rt_block                               0x0000216c   Section        0  rt_task.o(i.rt_block)
    i.rt_chk_robin                           0x000021a4   Section        0  rt_robin.o(i.rt_chk_robin)
    i.rt_dec_dly                             0x000021ec   Section        0  rt_list.o(i.rt_dec_dly)
    i.rt_dispatch                            0x0000225c   Section        0  rt_task.o(i.rt_dispatch)
    i.rt_evt_psh                             0x000022a0   Section        0  rt_event.o(i.rt_evt_psh)
    i.rt_free_box                            0x000022f0   Section        0  rt_membox.o(i.rt_free_box)
    i.rt_free_mem                            0x0000231c   Section        0  rt_memory.o(i.rt_free_mem)
    i.rt_get_first                           0x00002344   Section        0  rt_list.o(i.rt_get_first)
    i.rt_get_same_rdy_prio                   0x0000236c   Section        0  rt_list.o(i.rt_get_same_rdy_prio)
    i.rt_init_context                        0x00002390   Section        0  rt_task.o(i.rt_init_context)
    rt_init_context                          0x00002391   Thumb Code    66  rt_task.o(i.rt_init_context)
    i.rt_init_mem                            0x000023d8   Section        0  rt_memory.o(i.rt_init_mem)
    i.rt_init_robin                          0x000023f4   Section        0  rt_robin.o(i.rt_init_robin)
    i.rt_init_stack                          0x0000240c   Section        0  hal_cm.o(i.rt_init_stack)
    i.rt_mbx_check                           0x0000248c   Section        0  rt_mailbox.o(i.rt_mbx_check)
    i.rt_mbx_init                            0x00002494   Section        0  rt_mailbox.o(i.rt_mbx_init)
    i.rt_mbx_psh                             0x000024b0   Section        0  rt_mailbox.o(i.rt_mbx_psh)
    i.rt_mbx_send                            0x000025a0   Section        0  rt_mailbox.o(i.rt_mbx_send)
    i.rt_mbx_wait                            0x00002638   Section        0  rt_mailbox.o(i.rt_mbx_wait)
    i.rt_ms2tick                             0x000026ec   Section        0  rt_cmsis.o(i.rt_ms2tick)
    rt_ms2tick                               0x000026ed   Thumb Code    58  rt_cmsis.o(i.rt_ms2tick)
    i.rt_mut_init                            0x00002730   Section        0  rt_mutex.o(i.rt_mut_init)
    i.rt_mut_release                         0x00002740   Section        0  rt_mutex.o(i.rt_mut_release)
    i.rt_mut_wait                            0x00002818   Section        0  rt_mutex.o(i.rt_mut_wait)
    i.rt_pop_req                             0x00002880   Section        0  rt_system.o(i.rt_pop_req)
    i.rt_psh_req                             0x000028fc   Section        0  rt_system.o(i.rt_psh_req)
    i.rt_psq_enq                             0x0000291c   Section        0  rt_list.o(i.rt_psq_enq)
    i.rt_put_dly                             0x00002978   Section        0  rt_list.o(i.rt_put_dly)
    i.rt_put_prio                            0x000029c0   Section        0  rt_list.o(i.rt_put_prio)
    i.rt_put_rdy_first                       0x000029f8   Section        0  rt_list.o(i.rt_put_rdy_first)
    i.rt_resort_prio                         0x00002a0c   Section        0  rt_list.o(i.rt_resort_prio)
    i.rt_ret_val                             0x00002a40   Section        0  hal_cm.o(i.rt_ret_val)
    i.rt_ret_val2                            0x00002a46   Section        0  hal_cm.o(i.rt_ret_val2)
    i.rt_rmv_dly                             0x00002a4e   Section        0  rt_list.o(i.rt_rmv_dly)
    i.rt_rmv_list                            0x00002a78   Section        0  rt_list.o(i.rt_rmv_list)
    i.rt_sem_init                            0x00002aa8   Section        0  rt_semaphore.o(i.rt_sem_init)
    i.rt_sem_psh                             0x00002ab4   Section        0  rt_semaphore.o(i.rt_sem_psh)
    i.rt_stk_check                           0x00002ae8   Section        0  rt_system.o(i.rt_stk_check)
    i.rt_switch_req                          0x00002b0c   Section        0  rt_task.o(i.rt_switch_req)
    i.rt_sys_init                            0x00002b34   Section        0  rt_task.o(i.rt_sys_init)
    i.rt_sys_start                           0x00002c00   Section        0  rt_task.o(i.rt_sys_start)
    i.rt_systick                             0x00002c78   Section        0  rt_system.o(i.rt_systick)
    i.rt_tid2ptcb                            0x00002cb8   Section        0  rt_cmsis.o(i.rt_tid2ptcb)
    rt_tid2ptcb                              0x00002cb9   Thumb Code    18  rt_cmsis.o(i.rt_tid2ptcb)
    i.rt_timer_insert                        0x00002ccc   Section        0  rt_cmsis.o(i.rt_timer_insert)
    rt_timer_insert                          0x00002ccd   Thumb Code    48  rt_cmsis.o(i.rt_timer_insert)
    i.rt_tsk_create                          0x00002d00   Section        0  rt_task.o(i.rt_tsk_create)
    i.rt_tsk_delete                          0x00002d88   Section        0  rt_task.o(i.rt_tsk_delete)
    i.rt_tsk_pass                            0x00002f04   Section        0  rt_task.o(i.rt_tsk_pass)
    i.rt_tsk_prio                            0x00002f34   Section        0  rt_task.o(i.rt_tsk_prio)
    i.rt_tsk_self                            0x00002fb0   Section        0  rt_task.o(i.rt_tsk_self)
    i.svcKernelInitialize                    0x00002fc0   Section        0  rt_cmsis.o(i.svcKernelInitialize)
    i.svcKernelStart                         0x00003030   Section        0  rt_cmsis.o(i.svcKernelStart)
    i.svcMessageCreate                       0x00003078   Section        0  rt_cmsis.o(i.svcMessageCreate)
    i.svcMessageGet                          0x0000309c   Section        0  rt_cmsis.o(i.svcMessageGet)
    i.svcMessagePut                          0x000030d6   Section        0  rt_cmsis.o(i.svcMessagePut)
    i.svcSemaphoreCreate                     0x0000310c   Section        0  rt_cmsis.o(i.svcSemaphoreCreate)
    i.svcThreadCreate                        0x00003130   Section        0  rt_cmsis.o(i.svcThreadCreate)
    i.svcThreadGetId                         0x000031a0   Section        0  rt_cmsis.o(i.svcThreadGetId)
    i.svcThreadTerminate                     0x000031bc   Section        0  rt_cmsis.o(i.svcThreadTerminate)
    i.svcThreadYield                         0x000031f4   Section        0  rt_cmsis.o(i.svcThreadYield)
    i.sysTimerTick                           0x00003200   Section        0  rt_cmsis.o(i.sysTimerTick)
    .constdata                               0x0000325c   Section       16  terminal.o(.constdata)
    .constdata                               0x0000326c   Section       70  rtx_conf_cm.o(.constdata)
    __tagsym$$used                           0x00003288   Number         0  rtx_conf_cm.o(.constdata)
    __tagsym$$used                           0x0000328c   Number         0  rtx_conf_cm.o(.constdata)
    __tagsym$$used                           0x00003290   Number         0  rtx_conf_cm.o(.constdata)
    __tagsym$$used                           0x00003294   Number         0  rtx_conf_cm.o(.constdata)
    .constdata                               0x000032b2   Section       23  retarget_io.o(.constdata)
    .data                                    0x10000000   Section       28  terminal.o(.data)
    .data                                    0x1000001c   Section       36  rtx_conf_cm.o(.data)
    nr_mutex                                 0x1000002c   Data           4  rtx_conf_cm.o(.data)
    .data                                    0x10000040   Section        4  system_lpc17xx.o(.data)
    .data                                    0x10000044   Section        8  rt_cmsis.o(.data)
    .data                                    0x1000004c   Section        8  rt_task.o(.data)
    .data                                    0x10000054   Section        8  rt_system.o(.data)
    os_lock                                  0x10000054   Data           1  rt_system.o(.data)
    os_psh_flag                              0x10000055   Data           1  rt_system.o(.data)
    pend_flags                               0x10000056   Data           1  rt_system.o(.data)
    .data                                    0x1000005c   Section        4  rt_time.o(.data)
    .data                                    0x10000060   Section        8  rt_robin.o(.data)
    .data                                    0x10000068   Section        1  hal_cm.o(.data)
    .data                                    0x1000006c   Section        4  stdio_streams.o(.data)
    .data                                    0x10000070   Section        4  stdio_streams.o(.data)
    .data                                    0x10000074   Section        4  stdio_streams.o(.data)
    .data                                    0x10000078   Section        4  streamlock.o(.data)
    .bss                                     0x1000007c   Section       48  terminal.o(.bss)
    .bss                                     0x100000b0   Section     3516  rtx_conf_cm.o(.bss)
    std_libspace                             0x10000c6c   Data         384  rtx_conf_cm.o(.bss)
    std_libmutex                             0x10000dec   Data         128  rtx_conf_cm.o(.bss)
    .bss                                     0x10000e6c   Section       52  rt_task.o(.bss)
    .bss                                     0x10000ea0   Section       48  rt_list.o(.bss)
    .bss                                     0x10000ed0   Section       96  libspace.o(.bss)
    .bss                                     0x10000f30   Section       84  stdio_streams.o(.bss)
    .bss                                     0x10000f84   Section       84  stdio_streams.o(.bss)
    .bss                                     0x10000fd8   Section       84  stdio_streams.o(.bss)
    HEAP                                     0x10001030   Section      512  startup_lpc17xx.o(HEAP)
    Heap_Mem                                 0x10001030   Data         512  startup_lpc17xx.o(HEAP)
    STACK                                    0x10001230   Section      512  startup_lpc17xx.o(STACK)
    Stack_Mem                                0x10001230   Data         512  startup_lpc17xx.o(STACK)
    __initial_sp                             0x10001430   Data           0  startup_lpc17xx.o(STACK)

    Global Symbols

    Symbol Name                              Value     Ov Type        Size  Object(Section)

    BuildAttributes$$THM_ISAv4$P$D$K$B$S$PE$A:L22UL41UL21$X:L11$S22US41US21$IEEE1$IW$USESV6$~STKCKD$USESV7$~SHL$OTIME$ROPI$EBA8$UX$STANDARDLIB$REQ8$PRES8$EABIv2 0x00000000   Number         0  anon$$obj.o ABSOLUTE
    __ARM_use_no_argv                        0x00000000   Number         0  robterminal.o ABSOLUTE
    __Vectors                                0x00000000   Data           4  startup_lpc17xx.o(RESET)
    __ARM_exceptions_init                     - Undefined Weak Reference
    __alloca_initialize                       - Undefined Weak Reference
    __arm_preinit_                            - Undefined Weak Reference
    __cpp_initialize__aeabi_                  - Undefined Weak Reference
    __cxa_finalize                            - Undefined Weak Reference
    __rt_locale                               - Undefined Weak Reference
    __sigvec_lookup                           - Undefined Weak Reference
    __user_heap_extent                        - Undefined Weak Reference
    _atexit_init                              - Undefined Weak Reference
    _call_atexit_fns                          - Undefined Weak Reference
    _clock_init                               - Undefined Weak Reference
    _fp_trap_init                             - Undefined Weak Reference
    _fp_trap_shutdown                         - Undefined Weak Reference
    _get_lc_collate                           - Undefined Weak Reference
    _get_lc_ctype                             - Undefined Weak Reference
    _get_lc_monetary                          - Undefined Weak Reference
    _get_lc_numeric                           - Undefined Weak Reference
    _get_lc_time                              - Undefined Weak Reference
    _getenv_init                              - Undefined Weak Reference
    _handle_redirection                       - Undefined Weak Reference
    _mutex_free                               - Undefined Weak Reference
    _printf_post_padding                      - Undefined Weak Reference
    _printf_pre_padding                       - Undefined Weak Reference
    _printf_truncate_signed                   - Undefined Weak Reference
    _printf_truncate_unsigned                 - Undefined Weak Reference
    _rand_init                                - Undefined Weak Reference
    _signal_finish                            - Undefined Weak Reference
    _signal_init                              - Undefined Weak Reference
    __main                                   0x000000cd   Thumb Code     8  __main.o(!!!main)
    __scatterload                            0x000000d5   Thumb Code     0  __scatter.o(!!!scatter)
    __scatterload_rt2                        0x000000d5   Thumb Code    44  __scatter.o(!!!scatter)
    __scatterload_rt2_thumb_only             0x000000d5   Thumb Code     0  __scatter.o(!!!scatter)
    __scatterload_null                       0x000000e3   Thumb Code     0  __scatter.o(!!!scatter)
    __scatterload_copy                       0x00000109   Thumb Code    26  __scatter_copy.o(!!handler_copy)
    __scatterload_zeroinit                   0x00000125   Thumb Code    28  __scatter_zi.o(!!handler_zi)
    _printf_d                                0x00000141   Thumb Code     0  _printf_d.o(.ARM.Collect$$_printf_percent$$00000009)
    _printf_percent                          0x00000141   Thumb Code     0  _printf_percent.o(.ARM.Collect$$_printf_percent$$00000000)
    _printf_percent_end                      0x00000147   Thumb Code     0  _printf_percent_end.o(.ARM.Collect$$_printf_percent$$00000017)
    __rt_lib_init                            0x0000014b   Thumb Code     0  libinit.o(.ARM.Collect$$libinit$$00000000)
    __rt_lib_init_fp_1                       0x0000014d   Thumb Code     0  libinit2.o(.ARM.Collect$$libinit$$00000002)
    __rt_lib_init_heap_2                     0x0000014d   Thumb Code     0  libinit2.o(.ARM.Collect$$libinit$$00000005)
    __rt_lib_init_preinit_1                  0x0000014d   Thumb Code     0  libinit2.o(.ARM.Collect$$libinit$$00000004)
    __rt_lib_init_atexit_1                   0x00000155   Thumb Code     0  libinit2.o(.ARM.Collect$$libinit$$0000001B)
    __rt_lib_init_clock_1                    0x00000155   Thumb Code     0  libinit2.o(.ARM.Collect$$libinit$$00000021)
    __rt_lib_init_fp_trap_1                  0x00000155   Thumb Code     0  libinit2.o(.ARM.Collect$$libinit$$0000001F)
    __rt_lib_init_getenv_1                   0x00000155   Thumb Code     0  libinit2.o(.ARM.Collect$$libinit$$00000023)
    __rt_lib_init_heap_1                     0x00000155   Thumb Code     0  libinit2.o(.ARM.Collect$$libinit$$0000000A)
    __rt_lib_init_lc_collate_1               0x00000155   Thumb Code     0  libinit2.o(.ARM.Collect$$libinit$$00000011)
    __rt_lib_init_lc_ctype_1                 0x00000155   Thumb Code     0  libinit2.o(.ARM.Collect$$libinit$$00000013)
    __rt_lib_init_lc_monetary_1              0x00000155   Thumb Code     0  libinit2.o(.ARM.Collect$$libinit$$00000015)
    __rt_lib_init_lc_numeric_1               0x00000155   Thumb Code     0  libinit2.o(.ARM.Collect$$libinit$$00000017)
    __rt_lib_init_lc_time_1                  0x00000155   Thumb Code     0  libinit2.o(.ARM.Collect$$libinit$$00000019)
    __rt_lib_init_rand_1                     0x00000155   Thumb Code     0  libinit2.o(.ARM.Collect$$libinit$$0000000E)
    __rt_lib_init_signal_1                   0x00000155   Thumb Code     0  libinit2.o(.ARM.Collect$$libinit$$0000001D)
    __rt_lib_init_stdio_2                    0x00000155   Thumb Code     0  libinit2.o(.ARM.Collect$$libinit$$00000024)
    __rt_lib_init_user_alloc_1               0x00000155   Thumb Code     0  libinit2.o(.ARM.Collect$$libinit$$0000000C)
    __rt_lib_init_alloca_1                   0x00000159   Thumb Code     0  libinit2.o(.ARM.Collect$$libinit$$0000002E)
    __rt_lib_init_argv_1                     0x00000159   Thumb Code     0  libinit2.o(.ARM.Collect$$libinit$$0000002C)
    __rt_lib_init_cpp_1                      0x00000159   Thumb Code     0  libinit2.o(.ARM.Collect$$libinit$$00000032)
    __rt_lib_init_exceptions_1               0x00000159   Thumb Code     0  libinit2.o(.ARM.Collect$$libinit$$00000030)
    __rt_lib_init_return                     0x00000159   Thumb Code     0  libinit2.o(.ARM.Collect$$libinit$$00000033)
    __rt_lib_init_stdio_1                    0x00000159   Thumb Code     0  libinit2.o(.ARM.Collect$$libinit$$00000025)
    __rt_lib_shutdown                        0x0000015b   Thumb Code     0  libshutdown.o(.ARM.Collect$$libshutdown$$00000000)
    __rt_lib_shutdown_cpp_1                  0x0000015d   Thumb Code     0  libshutdown2.o(.ARM.Collect$$libshutdown$$00000002)
    __rt_lib_shutdown_stdio_2                0x0000015d   Thumb Code     0  libshutdown2.o(.ARM.Collect$$libshutdown$$00000003)
    __rt_lib_shutdown_fp_trap_1              0x00000161   Thumb Code     0  libshutdown2.o(.ARM.Collect$$libshutdown$$00000007)
    __rt_lib_shutdown_heap_1                 0x00000161   Thumb Code     0  libshutdown2.o(.ARM.Collect$$libshutdown$$0000000F)
    __rt_lib_shutdown_return                 0x00000161   Thumb Code     0  libshutdown2.o(.ARM.Collect$$libshutdown$$00000010)
    __rt_lib_shutdown_signal_1               0x00000161   Thumb Code     0  libshutdown2.o(.ARM.Collect$$libshutdown$$0000000A)
    __rt_lib_shutdown_stdio_1                0x00000161   Thumb Code     0  libshutdown2.o(.ARM.Collect$$libshutdown$$00000004)
    __rt_lib_shutdown_user_alloc_1           0x00000161   Thumb Code     0  libshutdown2.o(.ARM.Collect$$libshutdown$$0000000C)
    __rt_entry                               0x00000163   Thumb Code     0  __rtentry.o(.ARM.Collect$$rtentry$$00000000)
    __rt_entry_presh_1                       0x00000163   Thumb Code     0  __rtentry2.o(.ARM.Collect$$rtentry$$00000002)
    __rt_entry_sh                            0x00000163   Thumb Code     0  __rtentry4.o(.ARM.Collect$$rtentry$$00000004)
    __rt_entry_li                            0x00000169   Thumb Code     0  __rtentry2.o(.ARM.Collect$$rtentry$$0000000A)
    __rt_entry_postsh_1                      0x00000169   Thumb Code     0  __rtentry2.o(.ARM.Collect$$rtentry$$00000009)
    __rt_entry_postli_1                      0x0000016d   Thumb Code     0  __rtentry2.o(.ARM.Collect$$rtentry$$0000000B)
    __rt_entry_main                          0x00000175   Thumb Code     0  __rtentry2.o(.ARM.Collect$$rtentry$$0000000D)
    __rt_exit                                0x0000017d   Thumb Code     0  rtexit.o(.ARM.Collect$$rtexit$$00000000)
    __rt_exit_ls                             0x0000017f   Thumb Code     0  rtexit2.o(.ARM.Collect$$rtexit$$00000003)
    __rt_exit_prels_1                        0x0000017f   Thumb Code     0  rtexit2.o(.ARM.Collect$$rtexit$$00000002)
    __rt_exit_exit                           0x00000183   Thumb Code     0  rtexit2.o(.ARM.Collect$$rtexit$$00000004)
    _platform_post_lib_init                  0x00000189   Thumb Code    24  rtx_conf_cm.o(.emb_text)
    rt_set_PSP                               0x000001a5   Thumb Code     6  hal_cm3.o(.emb_text)
    rt_get_PSP                               0x000001ab   Thumb Code     6  hal_cm3.o(.emb_text)
    os_set_env                               0x000001b1   Thumb Code    24  hal_cm3.o(.emb_text)
    _alloc_box                               0x000001cd   Thumb Code    28  hal_cm3.o(.emb_text)
    _free_box                                0x000001ed   Thumb Code    28  hal_cm3.o(.emb_text)
    SVC_Handler                              0x0000020d   Thumb Code   108  hal_cm3.o(.emb_text)
    PendSV_Handler                           0x00000285   Thumb Code    56  hal_cm3.o(.emb_text)
    SysTick_Handler                          0x000002c1   Thumb Code     8  hal_cm3.o(.emb_text)
    OS_Tick_Handler                          0x000002c9   Thumb Code    12  hal_cm3.o(.emb_text)
    __user_libspace                          0x000002d5   Thumb Code     8  libspace.o(.text)
    __user_perproc_libspace                  0x000002d5   Thumb Code     0  libspace.o(.text)
    _maybe_terminate_alloc                   0x000002d5   Thumb Code     0  maybetermalloc1.o(.emb_text)
    __2printf                                0x000002dd   Thumb Code    20  noretval__2printf.o(.text)
    getc                                     0x000002f5   Thumb Code     4  getc.o(.text)
    putc                                     0x000002f9   Thumb Code     4  putc.o(.text)
    main                                     0x00000301   Thumb Code    62  robterminal.o(.text)
    TRMinit                                  0x00000351   Thumb Code   180  terminal.o(.text)
    stdout_putchar                           0x00000405   Thumb Code   104  terminal.o(.text)
    TRMclearDisplay                          0x0000046d   Thumb Code    10  terminal.o(.text)
    TRMsetPos                                0x00000477   Thumb Code    18  terminal.o(.text)
    __RL_RTX_VER                             0x00000480   Number         0  rt_system.o ABSOLUTE
    UART0_IRQHandler                         0x00000489   Thumb Code    20  terminal.o(.text)
    stdin_getchar                            0x0000049d   Thumb Code    30  terminal.o(.text)
    os_idle_demon                            0x000004fd   Thumb Code     4  rtx_conf_cm.o(.text)
    os_error                                 0x00000501   Thumb Code    34  rtx_conf_cm.o(.text)
    __user_perthread_libspace                0x00000523   Thumb Code    32  rtx_conf_cm.o(.text)
    _mutex_initialize                        0x00000543   Thumb Code    34  rtx_conf_cm.o(.text)
    _mutex_acquire                           0x00000565   Thumb Code    22  rtx_conf_cm.o(.text)
    _mutex_release                           0x0000057b   Thumb Code    18  rtx_conf_cm.o(.text)
    _sys_open                                0x000005a9   Thumb Code    80  retarget_io.o(.text)
    _sys_close                               0x000005f9   Thumb Code    38  retarget_io.o(.text)
    _sys_write                               0x0000061f   Thumb Code    70  retarget_io.o(.text)
    _sys_read                                0x00000665   Thumb Code    76  retarget_io.o(.text)
    _sys_istty                               0x000006b1   Thumb Code    36  retarget_io.o(.text)
    _sys_seek                                0x000006d5   Thumb Code    44  retarget_io.o(.text)
    _sys_flen                                0x00000701   Thumb Code    36  retarget_io.o(.text)
    Reset_Handler                            0x0000073d   Thumb Code     8  startup_lpc17xx.o(.text)
    NMI_Handler                              0x00000745   Thumb Code     2  startup_lpc17xx.o(.text)
    HardFault_Handler                        0x00000747   Thumb Code     2  startup_lpc17xx.o(.text)
    MemManage_Handler                        0x00000749   Thumb Code     2  startup_lpc17xx.o(.text)
    BusFault_Handler                         0x0000074b   Thumb Code     2  startup_lpc17xx.o(.text)
    UsageFault_Handler                       0x0000074d   Thumb Code     2  startup_lpc17xx.o(.text)
    DebugMon_Handler                         0x00000751   Thumb Code     2  startup_lpc17xx.o(.text)
    ADC_IRQHandler                           0x00000757   Thumb Code     0  startup_lpc17xx.o(.text)
    BOD_IRQHandler                           0x00000757   Thumb Code     0  startup_lpc17xx.o(.text)
    CANActivity_IRQHandler                   0x00000757   Thumb Code     0  startup_lpc17xx.o(.text)
    CAN_IRQHandler                           0x00000757   Thumb Code     0  startup_lpc17xx.o(.text)
    DMA_IRQHandler                           0x00000757   Thumb Code     0  startup_lpc17xx.o(.text)
    EINT0_IRQHandler                         0x00000757   Thumb Code     0  startup_lpc17xx.o(.text)
    EINT1_IRQHandler                         0x00000757   Thumb Code     0  startup_lpc17xx.o(.text)
    EINT2_IRQHandler                         0x00000757   Thumb Code     0  startup_lpc17xx.o(.text)
    EINT3_IRQHandler                         0x00000757   Thumb Code     0  startup_lpc17xx.o(.text)
    ENET_IRQHandler                          0x00000757   Thumb Code     0  startup_lpc17xx.o(.text)
    I2C0_IRQHandler                          0x00000757   Thumb Code     0  startup_lpc17xx.o(.text)
    I2C1_IRQHandler                          0x00000757   Thumb Code     0  startup_lpc17xx.o(.text)
    I2C2_IRQHandler                          0x00000757   Thumb Code     0  startup_lpc17xx.o(.text)
    I2S_IRQHandler                           0x00000757   Thumb Code     0  startup_lpc17xx.o(.text)
    MCPWM_IRQHandler                         0x00000757   Thumb Code     0  startup_lpc17xx.o(.text)
    PLL0_IRQHandler                          0x00000757   Thumb Code     0  startup_lpc17xx.o(.text)
    PLL1_IRQHandler                          0x00000757   Thumb Code     0  startup_lpc17xx.o(.text)
    PWM1_IRQHandler                          0x00000757   Thumb Code     0  startup_lpc17xx.o(.text)
    QEI_IRQHandler                           0x00000757   Thumb Code     0  startup_lpc17xx.o(.text)
    RIT_IRQHandler                           0x00000757   Thumb Code     0  startup_lpc17xx.o(.text)
    RTC_IRQHandler                           0x00000757   Thumb Code     0  startup_lpc17xx.o(.text)
    SPI_IRQHandler                           0x00000757   Thumb Code     0  startup_lpc17xx.o(.text)
    SSP0_IRQHandler                          0x00000757   Thumb Code     0  startup_lpc17xx.o(.text)
    SSP1_IRQHandler                          0x00000757   Thumb Code     0  startup_lpc17xx.o(.text)
    TIMER0_IRQHandler                        0x00000757   Thumb Code     0  startup_lpc17xx.o(.text)
    TIMER1_IRQHandler                        0x00000757   Thumb Code     0  startup_lpc17xx.o(.text)
    TIMER2_IRQHandler                        0x00000757   Thumb Code     0  startup_lpc17xx.o(.text)
    TIMER3_IRQHandler                        0x00000757   Thumb Code     0  startup_lpc17xx.o(.text)
    UART1_IRQHandler                         0x00000757   Thumb Code     0  startup_lpc17xx.o(.text)
    UART2_IRQHandler                         0x00000757   Thumb Code     0  startup_lpc17xx.o(.text)
    UART3_IRQHandler                         0x00000757   Thumb Code     0  startup_lpc17xx.o(.text)
    USBActivity_IRQHandler                   0x00000757   Thumb Code     0  startup_lpc17xx.o(.text)
    USB_IRQHandler                           0x00000757   Thumb Code     0  startup_lpc17xx.o(.text)
    WDT_IRQHandler                           0x00000757   Thumb Code     0  startup_lpc17xx.o(.text)
    __user_initial_stackheap                 0x00000759   Thumb Code     0  startup_lpc17xx.o(.text)
    SystemCoreClockUpdate                    0x0000077d   Thumb Code   408  system_lpc17xx.o(.text)
    SystemInit                               0x00000915   Thumb Code   318  system_lpc17xx.o(.text)
    doMaxIIconfig                            0x00000a71   Thumb Code   268  max_ii_configurator.o(.text)
    __aeabi_uldivmod                         0x00000b89   Thumb Code     0  lludivv7m.o(.text)
    _ll_udiv                                 0x00000b89   Thumb Code   238  lludivv7m.o(.text)
    __printf                                 0x00000c77   Thumb Code   104  __printf.o(.text)
    _printf_int_dec                          0x00000ce1   Thumb Code   104  _printf_dec.o(.text)
    _do_fflush                               0x00000d59   Thumb Code    74  fflush_locked.o(.text)
    fflush                                   0x00000da3   Thumb Code    60  fflush_locked.o(.text)
    exit                                     0x00000de9   Thumb Code    18  exit.o(.text)
    strcmp                                   0x00000dfd   Thumb Code   128  strcmpv7m.o(.text)
    __use_two_region_memory                  0x00000e7d   Thumb Code     2  heapauxi.o(.text)
    __rt_heap_escrow                         0x00000e7f   Thumb Code     2  heapauxi.o(.text)
    __rt_heap_expand                         0x00000e81   Thumb Code     2  heapauxi.o(.text)
    _printf_int_common                       0x00000e83   Thumb Code   178  _printf_intcommon.o(.text)
    _fseek                                   0x00000f35   Thumb Code   242  fseek.o(.text)
    fseek                                    0x00000f35   Thumb Code     0  fseek.o(.text)
    _seterr                                  0x0000102d   Thumb Code    20  stdio.o(.text)
    _writebuf                                0x00001041   Thumb Code    84  stdio.o(.text)
    _fflush                                  0x00001095   Thumb Code    70  stdio.o(.text)
    _deferredlazyseek                        0x000010db   Thumb Code    60  stdio.o(.text)
    fgetc                                    0x0000111d   Thumb Code    32  fgetc_locked.o(.text)
    fputc                                    0x0000113d   Thumb Code    36  fputc_locked.o(.text)
    _initio                                  0x00001161   Thumb Code   240  initio_locked.o(.text)
    _terminateio                             0x00001251   Thumb Code   168  initio_locked.o(.text)
    _free_internal                           0x00001329   Thumb Code    98  h1_free_mt.o(.text)
    free                                     0x0000138b   Thumb Code    20  h1_free_mt.o(.text)
    _printf_char_common                      0x000013ab   Thumb Code    32  _printf_char_common.o(.text)
    _readbuf                                 0x000013d1   Thumb Code    54  filbuf.o(.text)
    _seteof                                  0x00001407   Thumb Code    40  filbuf.o(.text)
    __filbuf                                 0x0000142f   Thumb Code   476  filbuf.o(.text)
    __filbuf_byte                            0x0000142f   Thumb Code     0  filbuf.o(.text)
    __filbuf_wide                            0x0000142f   Thumb Code     0  filbuf.o(.text)
    __flsbuf                                 0x0000160b   Thumb Code   470  flsbuf.o(.text)
    __flsbuf_byte                            0x0000160b   Thumb Code     0  flsbuf.o(.text)
    __flsbuf_wide                            0x0000160b   Thumb Code     0  flsbuf.o(.text)
    _ftell_internal                          0x000017e1   Thumb Code    66  ftell.o(.text)
    ftell                                    0x000017e1   Thumb Code     0  ftell.o(.text)
    _fclose_internal                         0x00001823   Thumb Code    76  fclose.o(.text)
    fclose                                   0x00001823   Thumb Code     0  fclose.o(.text)
    setvbuf                                  0x0000186f   Thumb Code   104  setvbuf_locked.o(.text)
    freopen                                  0x00001987   Thumb Code    42  fopen_locked.o(.text)
    _fopen$locked                            0x000019b1   Thumb Code   100  fopen_locked.o(.text)
    __rt_SIGRTRED                            0x00001a1d   Thumb Code    14  defsig_rtred_outer.o(.text)
    __aeabi_memclr4                          0x00001a2b   Thumb Code     0  rt_memclr_w.o(.text)
    __aeabi_memclr8                          0x00001a2b   Thumb Code     0  rt_memclr_w.o(.text)
    __rt_memclr_w                            0x00001a2b   Thumb Code    78  rt_memclr_w.o(.text)
    _memset_w                                0x00001a2f   Thumb Code     0  rt_memclr_w.o(.text)
    _sys_exit                                0x00001a79   Thumb Code     8  sys_exit.o(.text)
    __user_setup_stackheap                   0x00001a85   Thumb Code    74  sys_stackheap_outer.o(.text)
    __rt_heap_descriptor                     0x00001acf   Thumb Code    10  rt_heap_descriptor_twolibspace.o(.text)
    __aeabi_errno_addr                       0x00001ad9   Thumb Code     4  rt_errno_addr_twolibspace.o(.text)
    __errno$twolibspace                      0x00001ad9   Thumb Code     0  rt_errno_addr_twolibspace.o(.text)
    __rt_errno_addr$twolibspace              0x00001ad9   Thumb Code     0  rt_errno_addr_twolibspace.o(.text)
    __use_no_heap                            0x00001add   Thumb Code     2  hguard.o(.text)
    __heap$guard                             0x00001adf   Thumb Code     2  hguard.o(.text)
    _terminate_user_alloc                    0x00001ae1   Thumb Code     2  init_alloc.o(.text)
    _init_user_alloc                         0x00001ae3   Thumb Code     2  init_alloc.o(.text)
    __Heap_Full                              0x00001ae5   Thumb Code    34  init_alloc.o(.text)
    __Heap_Broken                            0x00001b07   Thumb Code     6  init_alloc.o(.text)
    _init_alloc                              0x00001b0d   Thumb Code    94  init_alloc.o(.text)
    _malloc_internal                         0x00001b73   Thumb Code   130  h1_alloc_mt.o(.text)
    malloc                                   0x00001bf5   Thumb Code    20  h1_alloc_mt.o(.text)
    _printf_char_file                        0x00001c09   Thumb Code    58  _printf_char_file_locked.o(.text)
    _flushlinebuffered                       0x00001c49   Thumb Code    84  flushlinebuffered_locked.o(.text)
    __sig_exit                               0x00001ca5   Thumb Code    10  defsig_exit.o(.text)
    __rt_SIGRTRED_inner                      0x00001cb1   Thumb Code    14  defsig_rtred_inner.o(.text)
    __I$use$semihosting                      0x00001ce5   Thumb Code     0  use_no_semi.o(.text)
    __use_no_semihosting_swi                 0x00001ce5   Thumb Code     2  use_no_semi.o(.text)
    __Heap_Initialize                        0x00001ce7   Thumb Code    14  h1_init_mt.o(.text)
    __semihosting_library_function           0x00001ce7   Thumb Code     0  indicate_semi.o(.text)
    __Heap_DescSize                          0x00001cf5   Thumb Code     4  h1_init_mt.o(.text)
    __Heap_ProvideMemory                     0x00001cf9   Thumb Code    62  h1_extend_mt.o(.text)
    __default_signal_display                 0x00001d37   Thumb Code    50  defsig_general.o(.text)
    __rt_SIGRTMEM                            0x00001d69   Thumb Code    14  defsig_rtmem_outer.o(.text)
    _ttywrch                                 0x00001d77   Thumb Code    14  sys_wrch.o(.text)
    __rt_SIGRTMEM_inner                      0x00001d85   Thumb Code    22  defsig_rtmem_inner.o(.text)
    SVC_Count                                0x00001dd4   Data           4  svc_table.o(SVC_TABLE)
    SVC_Table                                0x00001dd8   Data           0  svc_table.o(SVC_TABLE)
    _init_box                                0x00001dd9   Thumb Code    70  rt_membox.o(i._init_box)
    dbg_init                                 0x00001e21   Thumb Code    34  hal_cm.o(i.dbg_init)
    dbg_task_notify                          0x00001e51   Thumb Code    32  hal_cm.o(i.dbg_task_notify)
    dbg_task_switch                          0x00001e71   Thumb Code    16  hal_cm.o(i.dbg_task_switch)
    _fgetc$unlocked                          0x00001e81   Thumb Code    24  fgetc.o(i.fgetc)
    _fputc$unlocked                          0x00001e99   Thumb Code    26  fputc.o(i.fputc)
    isrMessageGet                            0x00001eb3   Thumb Code    42  rt_cmsis.o(i.isrMessageGet)
    isrMessagePut                            0x00001edd   Thumb Code    44  rt_cmsis.o(i.isrMessagePut)
    isr_mbx_receive                          0x00001f09   Thumb Code    82  rt_mailbox.o(i.isr_mbx_receive)
    isr_mbx_send                             0x00001f5b   Thumb Code    14  rt_mailbox.o(i.isr_mbx_send)
    osKernelInitialize                       0x00001f69   Thumb Code    30  rt_cmsis.o(i.osKernelInitialize)
    osKernelStart                            0x00001f8d   Thumb Code    98  rt_cmsis.o(i.osKernelStart)
    osMessageCreate                          0x00001ff9   Thumb Code    38  rt_cmsis.o(i.osMessageCreate)
    osMessageGet                             0x00002029   Thumb Code    18  rt_cmsis.o(i.osMessageGet)
    osMessagePut                             0x00002041   Thumb Code    18  rt_cmsis.o(i.osMessagePut)
    osSemaphoreCreate                        0x00002059   Thumb Code    38  rt_cmsis.o(i.osSemaphoreCreate)
    osThreadCreate                           0x00002089   Thumb Code    38  rt_cmsis.o(i.osThreadCreate)
    osThreadExit                             0x000020b9   Thumb Code    14  rt_cmsis.o(i.osThreadExit)
    osThreadYield                            0x000020d1   Thumb Code    18  rt_cmsis.o(i.osThreadYield)
    os_tick_init                             0x000020e9   Thumb Code    32  rt_system.o(i.os_tick_init)
    os_tick_irqack                           0x00002111   Thumb Code     2  rt_system.o(i.os_tick_irqack)
    rt_alloc_box                             0x00002113   Thumb Code    26  rt_membox.o(i.rt_alloc_box)
    rt_alloc_mem                             0x0000212d   Thumb Code    62  rt_memory.o(i.rt_alloc_mem)
    rt_block                                 0x0000216d   Thumb Code    48  rt_task.o(i.rt_block)
    rt_chk_robin                             0x000021a5   Thumb Code    60  rt_robin.o(i.rt_chk_robin)
    rt_dec_dly                               0x000021ed   Thumb Code   102  rt_list.o(i.rt_dec_dly)
    rt_dispatch                              0x0000225d   Thumb Code    60  rt_task.o(i.rt_dispatch)
    rt_evt_psh                               0x000022a1   Thumb Code    76  rt_event.o(i.rt_evt_psh)
    rt_free_box                              0x000022f1   Thumb Code    44  rt_membox.o(i.rt_free_box)
    rt_free_mem                              0x0000231d   Thumb Code    40  rt_memory.o(i.rt_free_mem)
    rt_get_first                             0x00002345   Thumb Code    40  rt_list.o(i.rt_get_first)
    rt_get_same_rdy_prio                     0x0000236d   Thumb Code    26  rt_list.o(i.rt_get_same_rdy_prio)
    rt_init_mem                              0x000023d9   Thumb Code    26  rt_memory.o(i.rt_init_mem)
    rt_init_robin                            0x000023f5   Thumb Code    14  rt_robin.o(i.rt_init_robin)
    rt_init_stack                            0x0000240d   Thumb Code   118  hal_cm.o(i.rt_init_stack)
    rt_mbx_check                             0x0000248d   Thumb Code     8  rt_mailbox.o(i.rt_mbx_check)
    rt_mbx_init                              0x00002495   Thumb Code    26  rt_mailbox.o(i.rt_mbx_init)
    rt_mbx_psh                               0x000024b1   Thumb Code   236  rt_mailbox.o(i.rt_mbx_psh)
    rt_mbx_send                              0x000025a1   Thumb Code   148  rt_mailbox.o(i.rt_mbx_send)
    rt_mbx_wait                              0x00002639   Thumb Code   174  rt_mailbox.o(i.rt_mbx_wait)
    rt_mut_init                              0x00002731   Thumb Code    16  rt_mutex.o(i.rt_mut_init)
    rt_mut_release                           0x00002741   Thumb Code   208  rt_mutex.o(i.rt_mut_release)
    rt_mut_wait                              0x00002819   Thumb Code   100  rt_mutex.o(i.rt_mut_wait)
    rt_pop_req                               0x00002881   Thumb Code   112  rt_system.o(i.rt_pop_req)
    rt_psh_req                               0x000028fd   Thumb Code    22  rt_system.o(i.rt_psh_req)
    rt_psq_enq                               0x0000291d   Thumb Code    88  rt_list.o(i.rt_psq_enq)
    rt_put_dly                               0x00002979   Thumb Code    68  rt_list.o(i.rt_put_dly)
    rt_put_prio                              0x000029c1   Thumb Code    54  rt_list.o(i.rt_put_prio)
    rt_put_rdy_first                         0x000029f9   Thumb Code    14  rt_list.o(i.rt_put_rdy_first)
    rt_resort_prio                           0x00002a0d   Thumb Code    46  rt_list.o(i.rt_resort_prio)
    rt_ret_val                               0x00002a41   Thumb Code     6  hal_cm.o(i.rt_ret_val)
    rt_ret_val2                              0x00002a47   Thumb Code     8  hal_cm.o(i.rt_ret_val2)
    rt_rmv_dly                               0x00002a4f   Thumb Code    40  rt_list.o(i.rt_rmv_dly)
    rt_rmv_list                              0x00002a79   Thumb Code    44  rt_list.o(i.rt_rmv_list)
    rt_sem_init                              0x00002aa9   Thumb Code    12  rt_semaphore.o(i.rt_sem_init)
    rt_sem_psh                               0x00002ab5   Thumb Code    48  rt_semaphore.o(i.rt_sem_psh)
    rt_stk_check                             0x00002ae9   Thumb Code    28  rt_system.o(i.rt_stk_check)
    rt_switch_req                            0x00002b0d   Thumb Code    30  rt_task.o(i.rt_switch_req)
    rt_sys_init                              0x00002b35   Thumb Code   138  rt_task.o(i.rt_sys_init)
    rt_sys_start                             0x00002c01   Thumb Code   110  rt_task.o(i.rt_sys_start)
    rt_systick                               0x00002c79   Thumb Code    50  rt_system.o(i.rt_systick)
    rt_tsk_create                            0x00002d01   Thumb Code   118  rt_task.o(i.rt_tsk_create)
    rt_tsk_delete                            0x00002d89   Thumb Code   352  rt_task.o(i.rt_tsk_delete)
    rt_tsk_pass                              0x00002f05   Thumb Code    38  rt_task.o(i.rt_tsk_pass)
    rt_tsk_prio                              0x00002f35   Thumb Code   108  rt_task.o(i.rt_tsk_prio)
    rt_tsk_self                              0x00002fb1   Thumb Code    12  rt_task.o(i.rt_tsk_self)
    svcKernelInitialize                      0x00002fc1   Thumb Code    80  rt_cmsis.o(i.svcKernelInitialize)
    svcKernelStart                           0x00003031   Thumb Code    62  rt_cmsis.o(i.svcKernelStart)
    svcMessageCreate                         0x00003079   Thumb Code    36  rt_cmsis.o(i.svcMessageCreate)
    svcMessageGet                            0x0000309d   Thumb Code    58  rt_cmsis.o(i.svcMessageGet)
    svcMessagePut                            0x000030d7   Thumb Code    54  rt_cmsis.o(i.svcMessagePut)
    svcSemaphoreCreate                       0x0000310d   Thumb Code    36  rt_cmsis.o(i.svcSemaphoreCreate)
    svcThreadCreate                          0x00003131   Thumb Code   100  rt_cmsis.o(i.svcThreadCreate)
    svcThreadGetId                           0x000031a1   Thumb Code    22  rt_cmsis.o(i.svcThreadGetId)
    svcThreadTerminate                       0x000031bd   Thumb Code    50  rt_cmsis.o(i.svcThreadTerminate)
    svcThreadYield                           0x000031f5   Thumb Code    10  rt_cmsis.o(i.svcThreadYield)
    sysTimerTick                             0x00003201   Thumb Code    84  rt_cmsis.o(i.sysTimerTick)
    os_messageQ_def_STDINmsgQ                0x0000325c   Data           8  terminal.o(.constdata)
    os_semaphore_def_STDOUTsem               0x00003264   Data           4  terminal.o(.constdata)
    os_semaphore_def_STDINsem                0x00003268   Data           4  terminal.o(.constdata)
    os_maxtaskrun                            0x0000326c   Data           2  rtx_conf_cm.o(.constdata)
    os_stackinfo                             0x00003270   Data           4  rtx_conf_cm.o(.constdata)
    os_rrobin                                0x00003274   Data           4  rtx_conf_cm.o(.constdata)
    os_tickfreq                              0x00003278   Data           4  rtx_conf_cm.o(.constdata)
    os_tickus_i                              0x0000327c   Data           2  rtx_conf_cm.o(.constdata)
    os_tickus_f                              0x0000327e   Data           2  rtx_conf_cm.o(.constdata)
    os_trv                                   0x00003280   Data           4  rtx_conf_cm.o(.constdata)
    os_flags                                 0x00003284   Data           1  rtx_conf_cm.o(.constdata)
    CMSIS_RTOS_API_Version                   0x00003288   Data           4  rtx_conf_cm.o(.constdata)
    CMSIS_RTOS_RTX_Version                   0x0000328c   Data           4  rtx_conf_cm.o(.constdata)
    os_clockrate                             0x00003290   Data           4  rtx_conf_cm.o(.constdata)
    os_timernum                              0x00003294   Data           4  rtx_conf_cm.o(.constdata)
    mp_tcb_size                              0x00003298   Data           2  rtx_conf_cm.o(.constdata)
    mp_stk_size                              0x0000329c   Data           4  rtx_conf_cm.o(.constdata)
    os_stack_sz                              0x000032a0   Data           4  rtx_conf_cm.o(.constdata)
    os_fifo_size                             0x000032a4   Data           1  rtx_conf_cm.o(.constdata)
    os_messageQ_def_osTimerMessageQ          0x000032a8   Data           8  rtx_conf_cm.o(.constdata)
    mp_tmr_size                              0x000032b0   Data           2  rtx_conf_cm.o(.constdata)
    __stdin_name                             0x000032b2   Data           7  retarget_io.o(.constdata)
    __stdout_name                            0x000032b9   Data           8  retarget_io.o(.constdata)
    __stderr_name                            0x000032c1   Data           8  retarget_io.o(.constdata)
    Region$$Table$$Base                      0x000032cc   Number         0  anon$$obj.o(Region$$Table)
    Region$$Table$$Limit                     0x000032ec   Number         0  anon$$obj.o(Region$$Table)
    STDINmsgQ                                0x10000000   Data           4  terminal.o(.data)
    os_semaphore_cb_STDOUTsem                0x10000004   Data           8  terminal.o(.data)
    STDOUTsem                                0x1000000c   Data           4  terminal.o(.data)
    os_semaphore_cb_STDINsem                 0x10000010   Data           8  terminal.o(.data)
    STDINsem                                 0x10000018   Data           4  terminal.o(.data)
    osThreadId_osTimerThread                 0x1000001c   Data           4  rtx_conf_cm.o(.data)
    osMessageQId_osTimerMessageQ             0x10000020   Data           4  rtx_conf_cm.o(.data)
    os_tmr                                   0x10000024   Data           4  rtx_conf_cm.o(.data)
    m_tmr                                    0x10000028   Data           4  rtx_conf_cm.o(.data)
    os_thread_def_main                       0x10000030   Data          16  rtx_conf_cm.o(.data)
    SystemCoreClock                          0x10000040   Data           4  system_lpc17xx.o(.data)
    os_initialized                           0x10000044   Data           1  rt_cmsis.o(.data)
    os_running                               0x10000045   Data           1  rt_cmsis.o(.data)
    os_timer_head                            0x10000048   Data           4  rt_cmsis.o(.data)
    os_tsk                                   0x1000004c   Data           8  rt_task.o(.data)
    os_tick_irqn                             0x10000058   Data           4  rt_system.o(.data)
    os_time                                  0x1000005c   Data           4  rt_time.o(.data)
    os_robin                                 0x10000060   Data           8  rt_robin.o(.data)
    dbg_msg                                  0x10000068   Data           1  hal_cm.o(.data)
    __aeabi_stdin                            0x1000006c   Data           4  stdio_streams.o(.data)
    __aeabi_stdout                           0x10000070   Data           4  stdio_streams.o(.data)
    __aeabi_stderr                           0x10000074   Data           4  stdio_streams.o(.data)
    _stream_list_lock                        0x10000078   Data           4  streamlock.o(.data)
    os_messageQ_q_STDINmsgQ                  0x1000007c   Data          48  terminal.o(.bss)
    mp_tcb                                   0x100000b0   Data         220  rtx_conf_cm.o(.bss)
    mp_stk                                   0x10000190   Data        2064  rtx_conf_cm.o(.bss)
    os_stack_mem                             0x100009a0   Data         536  rtx_conf_cm.o(.bss)
    os_fifo                                  0x10000bb8   Data         132  rtx_conf_cm.o(.bss)
    os_active_TCB                            0x10000c3c   Data          16  rtx_conf_cm.o(.bss)
    os_thread_def_osTimerThread              0x10000c4c   Data          16  rtx_conf_cm.o(.bss)
    os_messageQ_q_osTimerMessageQ            0x10000c5c   Data          16  rtx_conf_cm.o(.bss)
    os_idle_TCB                              0x10000e6c   Data          52  rt_task.o(.bss)
    os_rdy                                   0x10000ea0   Data          24  rt_list.o(.bss)
    os_dly                                   0x10000eb8   Data          24  rt_list.o(.bss)
    __libspace_start                         0x10000ed0   Data          96  libspace.o(.bss)
    __stdin                                  0x10000f30   Data          84  stdio_streams.o(.bss)
    __temporary_stack_top$libspace           0x10000f30   Data           0  libspace.o(.bss)
    __stdout                                 0x10000f84   Data          84  stdio_streams.o(.bss)
    __stderr                                 0x10000fd8   Data          84  stdio_streams.o(.bss)



==============================================================================

Memory Map of the image

  Image Entry point : 0x000000cd

  Load Region LR_IROM1 (Base: 0x00000000, Size: 0x00003368, Max: 0x00080000, ABSOLUTE)

    Execution Region ER_IROM1 (Base: 0x00000000, Size: 0x000032ec, Max: 0x00080000, ABSOLUTE)

    Base Addr    Size         Type   Attr      Idx    E Section Name        Object

    0x00000000   0x000000cc   Data   RO          172    RESET               startup_lpc17xx.o
    0x000000cc   0x00000008   Code   RO         1525  * !!!main             c_w.l(__main.o)
    0x000000d4   0x00000034   Code   RO         1887    !!!scatter          c_w.l(__scatter.o)
    0x00000108   0x0000001a   Code   RO         1889    !!handler_copy      c_w.l(__scatter_copy.o)
    0x00000122   0x00000002   PAD
    0x00000124   0x0000001c   Code   RO         1891    !!handler_zi        c_w.l(__scatter_zi.o)
    0x00000140   0x00000000   Code   RO         1504    .ARM.Collect$$_printf_percent$$00000000  c_w.l(_printf_percent.o)
    0x00000140   0x00000006   Code   RO         1503    .ARM.Collect$$_printf_percent$$00000009  c_w.l(_printf_d.o)
    0x00000146   0x00000004   Code   RO         1538    .ARM.Collect$$_printf_percent$$00000017  c_w.l(_printf_percent_end.o)
    0x0000014a   0x00000002   Code   RO         1815    .ARM.Collect$$libinit$$00000000  c_w.l(libinit.o)
    0x0000014c   0x00000000   Code   RO         1669    .ARM.Collect$$libinit$$00000002  c_w.l(libinit2.o)
    0x0000014c   0x00000000   Code   RO         1671    .ARM.Collect$$libinit$$00000004  c_w.l(libinit2.o)
    0x0000014c   0x00000008   Code   RO         1672    .ARM.Collect$$libinit$$00000005  c_w.l(libinit2.o)
    0x00000154   0x00000000   Code   RO         1674    .ARM.Collect$$libinit$$0000000A  c_w.l(libinit2.o)
    0x00000154   0x00000000   Code   RO         1676    .ARM.Collect$$libinit$$0000000C  c_w.l(libinit2.o)
    0x00000154   0x00000000   Code   RO         1678    .ARM.Collect$$libinit$$0000000E  c_w.l(libinit2.o)
    0x00000154   0x00000000   Code   RO         1681    .ARM.Collect$$libinit$$00000011  c_w.l(libinit2.o)
    0x00000154   0x00000000   Code   RO         1683    .ARM.Collect$$libinit$$00000013  c_w.l(libinit2.o)
    0x00000154   0x00000000   Code   RO         1685    .ARM.Collect$$libinit$$00000015  c_w.l(libinit2.o)
    0x00000154   0x00000000   Code   RO         1687    .ARM.Collect$$libinit$$00000017  c_w.l(libinit2.o)
    0x00000154   0x00000000   Code   RO         1689    .ARM.Collect$$libinit$$00000019  c_w.l(libinit2.o)
    0x00000154   0x00000000   Code   RO         1691    .ARM.Collect$$libinit$$0000001B  c_w.l(libinit2.o)
    0x00000154   0x00000000   Code   RO         1693    .ARM.Collect$$libinit$$0000001D  c_w.l(libinit2.o)
    0x00000154   0x00000000   Code   RO         1695    .ARM.Collect$$libinit$$0000001F  c_w.l(libinit2.o)
    0x00000154   0x00000000   Code   RO         1697    .ARM.Collect$$libinit$$00000021  c_w.l(libinit2.o)
    0x00000154   0x00000000   Code   RO         1699    .ARM.Collect$$libinit$$00000023  c_w.l(libinit2.o)
    0x00000154   0x00000004   Code   RO         1700    .ARM.Collect$$libinit$$00000024  c_w.l(libinit2.o)
    0x00000158   0x00000000   Code   RO         1701    .ARM.Collect$$libinit$$00000025  c_w.l(libinit2.o)
    0x00000158   0x00000000   Code   RO         1705    .ARM.Collect$$libinit$$0000002C  c_w.l(libinit2.o)
    0x00000158   0x00000000   Code   RO         1707    .ARM.Collect$$libinit$$0000002E  c_w.l(libinit2.o)
    0x00000158   0x00000000   Code   RO         1709    .ARM.Collect$$libinit$$00000030  c_w.l(libinit2.o)
    0x00000158   0x00000000   Code   RO         1711    .ARM.Collect$$libinit$$00000032  c_w.l(libinit2.o)
    0x00000158   0x00000002   Code   RO         1712    .ARM.Collect$$libinit$$00000033  c_w.l(libinit2.o)
    0x0000015a   0x00000002   Code   RO         1816    .ARM.Collect$$libshutdown$$00000000  c_w.l(libshutdown.o)
    0x0000015c   0x00000000   Code   RO         1714    .ARM.Collect$$libshutdown$$00000002  c_w.l(libshutdown2.o)
    0x0000015c   0x00000004   Code   RO         1715    .ARM.Collect$$libshutdown$$00000003  c_w.l(libshutdown2.o)
    0x00000160   0x00000000   Code   RO         1716    .ARM.Collect$$libshutdown$$00000004  c_w.l(libshutdown2.o)
    0x00000160   0x00000000   Code   RO         1719    .ARM.Collect$$libshutdown$$00000007  c_w.l(libshutdown2.o)
    0x00000160   0x00000000   Code   RO         1722    .ARM.Collect$$libshutdown$$0000000A  c_w.l(libshutdown2.o)
    0x00000160   0x00000000   Code   RO         1724    .ARM.Collect$$libshutdown$$0000000C  c_w.l(libshutdown2.o)
    0x00000160   0x00000000   Code   RO         1727    .ARM.Collect$$libshutdown$$0000000F  c_w.l(libshutdown2.o)
    0x00000160   0x00000002   Code   RO         1728    .ARM.Collect$$libshutdown$$00000010  c_w.l(libshutdown2.o)
    0x00000162   0x00000000   Code   RO         1527    .ARM.Collect$$rtentry$$00000000  c_w.l(__rtentry.o)
    0x00000162   0x00000000   Code   RO         1561    .ARM.Collect$$rtentry$$00000002  c_w.l(__rtentry2.o)
    0x00000162   0x00000006   Code   RO         1573    .ARM.Collect$$rtentry$$00000004  c_w.l(__rtentry4.o)
    0x00000168   0x00000000   Code   RO         1563    .ARM.Collect$$rtentry$$00000009  c_w.l(__rtentry2.o)
    0x00000168   0x00000004   Code   RO         1564    .ARM.Collect$$rtentry$$0000000A  c_w.l(__rtentry2.o)
    0x0000016c   0x00000008   Code   RO         1565    .ARM.Collect$$rtentry$$0000000B  c_w.l(__rtentry2.o)
    0x00000174   0x00000008   Code   RO         1567    .ARM.Collect$$rtentry$$0000000D  c_w.l(__rtentry2.o)
    0x0000017c   0x00000002   Code   RO         1528    .ARM.Collect$$rtexit$$00000000  c_w.l(rtexit.o)
    0x0000017e   0x00000000   Code   RO         1576    .ARM.Collect$$rtexit$$00000002  c_w.l(rtexit2.o)
    0x0000017e   0x00000004   Code   RO         1577    .ARM.Collect$$rtexit$$00000003  c_w.l(rtexit2.o)
    0x00000182   0x00000006   Code   RO         1578    .ARM.Collect$$rtexit$$00000004  c_w.l(rtexit2.o)
    0x00000188   0x0000001c   Code   RO          108    .emb_text           rtx_conf_cm.o
    0x000001a4   0x00000130   Code   RO         1455    .emb_text           RTX_CM3.lib(hal_cm3.o)
    0x000002d4   0x00000000   Code   RO         1822    .emb_text           c_w.l(maybetermalloc1.o)
    0x000002d4   0x00000008   Code   RO         1470    .text               c_w.l(libspace.o)
    0x000002dc   0x00000018   Code   RO         1477    .text               c_w.l(noretval__2printf.o)
    0x000002f4   0x00000004   Code   RO         1507    .text               c_w.l(getc.o)
    0x000002f8   0x00000004   Code   RO         1509    .text               c_w.l(putc.o)
    0x000002fc   0x00000004   Code   RO          173    .ARM.__at_0x02FC    startup_lpc17xx.o
    0x00000300   0x00000050   Code   RO            4    .text               robterminal.o
    0x00000350   0x000001ac   Code   RO           72    .text               terminal.o
    0x000004fc   0x000000ac   Code   RO          109    .text               rtx_conf_cm.o
    0x000005a8   0x00000194   Code   RO          136    .text               retarget_io.o
    0x0000073c   0x00000040   Code   RO          174    .text               startup_lpc17xx.o
    0x0000077c   0x000002f4   Code   RO          183    .text               system_lpc17xx.o
    0x00000a70   0x00000118   Code   RO          959    .text               max_II_configurator.lib(max_ii_configurator.o)
    0x00000b88   0x000000ee   Code   RO         1473    .text               c_w.l(lludivv7m.o)
    0x00000c76   0x00000068   Code   RO         1479    .text               c_w.l(__printf.o)
    0x00000cde   0x00000002   PAD
    0x00000ce0   0x00000078   Code   RO         1481    .text               c_w.l(_printf_dec.o)
    0x00000d58   0x00000090   Code   RO         1517    .text               c_w.l(fflush_locked.o)
    0x00000de8   0x00000012   Code   RO         1519    .text               c_w.l(exit.o)
    0x00000dfa   0x00000002   PAD
    0x00000dfc   0x00000080   Code   RO         1521    .text               c_w.l(strcmpv7m.o)
    0x00000e7c   0x00000006   Code   RO         1523    .text               c_w.l(heapauxi.o)
    0x00000e82   0x000000b2   Code   RO         1534    .text               c_w.l(_printf_intcommon.o)
    0x00000f34   0x000000f8   Code   RO         1547    .text               c_w.l(fseek.o)
    0x0000102c   0x000000f0   Code   RO         1549    .text               c_w.l(stdio.o)
    0x0000111c   0x00000020   Code   RO         1554    .text               c_w.l(fgetc_locked.o)
    0x0000113c   0x00000024   Code   RO         1556    .text               c_w.l(fputc_locked.o)
    0x00001160   0x000001c8   Code   RO         1558    .text               c_w.l(initio_locked.o)
    0x00001328   0x00000076   Code   RO         1588    .text               c_w.l(h1_free_mt.o)
    0x0000139e   0x00000002   PAD
    0x000013a0   0x00000030   Code   RO         1640    .text               c_w.l(_printf_char_common.o)
    0x000013d0   0x0000023a   Code   RO         1644    .text               c_w.l(filbuf.o)
    0x0000160a   0x000001d6   Code   RO         1646    .text               c_w.l(flsbuf.o)
    0x000017e0   0x00000042   Code   RO         1648    .text               c_w.l(ftell.o)
    0x00001822   0x0000004c   Code   RO         1654    .text               c_w.l(fclose.o)
    0x0000186e   0x00000068   Code   RO         1658    .text               c_w.l(setvbuf_locked.o)
    0x000018d6   0x00000002   PAD
    0x000018d8   0x00000144   Code   RO         1660    .text               c_w.l(fopen_locked.o)
    0x00001a1c   0x0000000e   Code   RO         1662    .text               c_w.l(defsig_rtred_outer.o)
    0x00001a2a   0x0000004e   Code   RO         1666    .text               c_w.l(rt_memclr_w.o)
    0x00001a78   0x0000000c   Code   RO         1733    .text               c_w.l(sys_exit.o)
    0x00001a84   0x0000004a   Code   RO         1735    .text               c_w.l(sys_stackheap_outer.o)
    0x00001ace   0x0000000a   Code   RO         1744    .text               c_w.l(rt_heap_descriptor_twolibspace.o)
    0x00001ad8   0x00000004   Code   RO         1751    .text               c_w.l(rt_errno_addr_twolibspace.o)
    0x00001adc   0x00000004   Code   RO         1753    .text               c_w.l(hguard.o)
    0x00001ae0   0x0000008a   Code   RO         1755    .text               c_w.l(init_alloc.o)
    0x00001b6a   0x0000009e   Code   RO         1763    .text               c_w.l(h1_alloc_mt.o)
    0x00001c08   0x00000040   Code   RO         1777    .text               c_w.l(_printf_char_file_locked.o)
    0x00001c48   0x0000005c   Code   RO         1793    .text               c_w.l(flushlinebuffered_locked.o)
    0x00001ca4   0x0000000a   Code   RO         1795    .text               c_w.l(defsig_exit.o)
    0x00001cae   0x00000002   PAD
    0x00001cb0   0x00000034   Code   RO         1801    .text               c_w.l(defsig_rtred_inner.o)
    0x00001ce4   0x00000002   Code   RO         1819    .text               c_w.l(use_no_semi.o)
    0x00001ce6   0x00000000   Code   RO         1821    .text               c_w.l(indicate_semi.o)
    0x00001ce6   0x00000012   Code   RO         1828    .text               c_w.l(h1_init_mt.o)
    0x00001cf8   0x0000003e   Code   RO         1830    .text               c_w.l(h1_extend_mt.o)
    0x00001d36   0x00000032   Code   RO         1838    .text               c_w.l(defsig_general.o)
    0x00001d68   0x0000000e   Code   RO         1842    .text               c_w.l(defsig_rtmem_outer.o)
    0x00001d76   0x0000000e   Code   RO         1857    .text               c_w.l(sys_wrch.o)
    0x00001d84   0x00000050   Code   RO         1865    .text               c_w.l(defsig_rtmem_inner.o)
    0x00001dd4   0x00000004   Code   RO         1465    SVC_TABLE           RTX_CM3.lib(svc_table.o)
    0x00001dd8   0x00000046   Code   RO         1354    i._init_box         RTX_CM3.lib(rt_membox.o)
    0x00001e1e   0x00000002   PAD
    0x00001e20   0x00000030   Code   RO         1407    i.dbg_init          RTX_CM3.lib(hal_cm.o)
    0x00001e50   0x00000020   Code   RO         1408    i.dbg_task_notify   RTX_CM3.lib(hal_cm.o)
    0x00001e70   0x00000010   Code   RO         1409    i.dbg_task_switch   RTX_CM3.lib(hal_cm.o)
    0x00001e80   0x00000018   Code   RO         1540    i.fgetc             c_w.l(fgetc.o)
    0x00001e98   0x0000001a   Code   RO         1544    i.fputc             c_w.l(fputc.o)
    0x00001eb2   0x0000002a   Code   RO          217    i.isrMessageGet     RTX_CM3.lib(rt_cmsis.o)
    0x00001edc   0x0000002c   Code   RO          218    i.isrMessagePut     RTX_CM3.lib(rt_cmsis.o)
    0x00001f08   0x00000052   Code   RO         1209    i.isr_mbx_receive   RTX_CM3.lib(rt_mailbox.o)
    0x00001f5a   0x0000000e   Code   RO         1210    i.isr_mbx_send      RTX_CM3.lib(rt_mailbox.o)
    0x00001f68   0x00000024   Code   RO          222    i.osKernelInitialize  RTX_CM3.lib(rt_cmsis.o)
    0x00001f8c   0x0000006c   Code   RO          224    i.osKernelStart     RTX_CM3.lib(rt_cmsis.o)
    0x00001ff8   0x00000030   Code   RO          232    i.osMessageCreate   RTX_CM3.lib(rt_cmsis.o)
    0x00002028   0x00000018   Code   RO          233    i.osMessageGet      RTX_CM3.lib(rt_cmsis.o)
    0x00002040   0x00000018   Code   RO          234    i.osMessagePut      RTX_CM3.lib(rt_cmsis.o)
    0x00002058   0x00000030   Code   RO          243    i.osSemaphoreCreate  RTX_CM3.lib(rt_cmsis.o)
    0x00002088   0x00000030   Code   RO          250    i.osThreadCreate    RTX_CM3.lib(rt_cmsis.o)
    0x000020b8   0x00000018   Code   RO          251    i.osThreadExit      RTX_CM3.lib(rt_cmsis.o)
    0x000020d0   0x00000018   Code   RO          256    i.osThreadYield     RTX_CM3.lib(rt_cmsis.o)
    0x000020e8   0x00000028   Code   RO         1001    i.os_tick_init      RTX_CM3.lib(rt_system.o)
    0x00002110   0x00000002   Code   RO         1002    i.os_tick_irqack    RTX_CM3.lib(rt_system.o)
    0x00002112   0x0000001a   Code   RO         1355    i.rt_alloc_box      RTX_CM3.lib(rt_membox.o)
    0x0000212c   0x0000003e   Code   RO         1383    i.rt_alloc_mem      RTX_CM3.lib(rt_memory.o)
    0x0000216a   0x00000002   PAD
    0x0000216c   0x00000038   Code   RO          839    i.rt_block          RTX_CM3.lib(rt_task.o)
    0x000021a4   0x00000048   Code   RO         1332    i.rt_chk_robin      RTX_CM3.lib(rt_robin.o)
    0x000021ec   0x00000070   Code   RO         1133    i.rt_dec_dly        RTX_CM3.lib(rt_list.o)
    0x0000225c   0x00000044   Code   RO          840    i.rt_dispatch       RTX_CM3.lib(rt_task.o)
    0x000022a0   0x00000050   Code   RO         1094    i.rt_evt_psh        RTX_CM3.lib(rt_event.o)
    0x000022f0   0x0000002c   Code   RO         1356    i.rt_free_box       RTX_CM3.lib(rt_membox.o)
    0x0000231c   0x00000028   Code   RO         1384    i.rt_free_mem       RTX_CM3.lib(rt_memory.o)
    0x00002344   0x00000028   Code   RO         1134    i.rt_get_first      RTX_CM3.lib(rt_list.o)
    0x0000236c   0x00000024   Code   RO         1135    i.rt_get_same_rdy_prio  RTX_CM3.lib(rt_list.o)
    0x00002390   0x00000048   Code   RO          841    i.rt_init_context   RTX_CM3.lib(rt_task.o)
    0x000023d8   0x0000001a   Code   RO         1385    i.rt_init_mem       RTX_CM3.lib(rt_memory.o)
    0x000023f2   0x00000002   PAD
    0x000023f4   0x00000018   Code   RO         1333    i.rt_init_robin     RTX_CM3.lib(rt_robin.o)
    0x0000240c   0x00000080   Code   RO         1410    i.rt_init_stack     RTX_CM3.lib(hal_cm.o)
    0x0000248c   0x00000008   Code   RO         1211    i.rt_mbx_check      RTX_CM3.lib(rt_mailbox.o)
    0x00002494   0x0000001a   Code   RO         1212    i.rt_mbx_init       RTX_CM3.lib(rt_mailbox.o)
    0x000024ae   0x00000002   PAD
    0x000024b0   0x000000f0   Code   RO         1213    i.rt_mbx_psh        RTX_CM3.lib(rt_mailbox.o)
    0x000025a0   0x00000098   Code   RO         1214    i.rt_mbx_send       RTX_CM3.lib(rt_mailbox.o)
    0x00002638   0x000000b4   Code   RO         1215    i.rt_mbx_wait       RTX_CM3.lib(rt_mailbox.o)
    0x000026ec   0x00000044   Code   RO          268    i.rt_ms2tick        RTX_CM3.lib(rt_cmsis.o)
    0x00002730   0x00000010   Code   RO          924    i.rt_mut_init       RTX_CM3.lib(rt_mutex.o)
    0x00002740   0x000000d8   Code   RO          925    i.rt_mut_release    RTX_CM3.lib(rt_mutex.o)
    0x00002818   0x00000068   Code   RO          926    i.rt_mut_wait       RTX_CM3.lib(rt_mutex.o)
    0x00002880   0x0000007c   Code   RO         1005    i.rt_pop_req        RTX_CM3.lib(rt_system.o)
    0x000028fc   0x00000020   Code   RO         1006    i.rt_psh_req        RTX_CM3.lib(rt_system.o)
    0x0000291c   0x0000005c   Code   RO         1136    i.rt_psq_enq        RTX_CM3.lib(rt_list.o)
    0x00002978   0x00000048   Code   RO         1137    i.rt_put_dly        RTX_CM3.lib(rt_list.o)
    0x000029c0   0x00000036   Code   RO         1138    i.rt_put_prio       RTX_CM3.lib(rt_list.o)
    0x000029f6   0x00000002   PAD
    0x000029f8   0x00000014   Code   RO         1139    i.rt_put_rdy_first  RTX_CM3.lib(rt_list.o)
    0x00002a0c   0x00000034   Code   RO         1140    i.rt_resort_prio    RTX_CM3.lib(rt_list.o)
    0x00002a40   0x00000006   Code   RO         1411    i.rt_ret_val        RTX_CM3.lib(hal_cm.o)
    0x00002a46   0x00000008   Code   RO         1412    i.rt_ret_val2       RTX_CM3.lib(hal_cm.o)
    0x00002a4e   0x00000028   Code   RO         1141    i.rt_rmv_dly        RTX_CM3.lib(rt_list.o)
    0x00002a76   0x00000002   PAD
    0x00002a78   0x00000030   Code   RO         1142    i.rt_rmv_list       RTX_CM3.lib(rt_list.o)
    0x00002aa8   0x0000000c   Code   RO         1259    i.rt_sem_init       RTX_CM3.lib(rt_semaphore.o)
    0x00002ab4   0x00000034   Code   RO         1260    i.rt_sem_psh        RTX_CM3.lib(rt_semaphore.o)
    0x00002ae8   0x00000024   Code   RO         1008    i.rt_stk_check      RTX_CM3.lib(rt_system.o)
    0x00002b0c   0x00000028   Code   RO          842    i.rt_switch_req     RTX_CM3.lib(rt_task.o)
    0x00002b34   0x000000cc   Code   RO          843    i.rt_sys_init       RTX_CM3.lib(rt_task.o)
    0x00002c00   0x00000078   Code   RO          844    i.rt_sys_start      RTX_CM3.lib(rt_task.o)
    0x00002c78   0x00000040   Code   RO         1010    i.rt_systick        RTX_CM3.lib(rt_system.o)
    0x00002cb8   0x00000012   Code   RO          269    i.rt_tid2ptcb       RTX_CM3.lib(rt_cmsis.o)
    0x00002cca   0x00000002   PAD
    0x00002ccc   0x00000034   Code   RO          270    i.rt_timer_insert   RTX_CM3.lib(rt_cmsis.o)
    0x00002d00   0x00000088   Code   RO          845    i.rt_tsk_create     RTX_CM3.lib(rt_task.o)
    0x00002d88   0x0000017c   Code   RO          846    i.rt_tsk_delete     RTX_CM3.lib(rt_task.o)
    0x00002f04   0x00000030   Code   RO          847    i.rt_tsk_pass       RTX_CM3.lib(rt_task.o)
    0x00002f34   0x0000007c   Code   RO          848    i.rt_tsk_prio       RTX_CM3.lib(rt_task.o)
    0x00002fb0   0x00000010   Code   RO          849    i.rt_tsk_self       RTX_CM3.lib(rt_task.o)
    0x00002fc0   0x00000070   Code   RO          273    i.svcKernelInitialize  RTX_CM3.lib(rt_cmsis.o)
    0x00003030   0x00000048   Code   RO          275    i.svcKernelStart    RTX_CM3.lib(rt_cmsis.o)
    0x00003078   0x00000024   Code   RO          278    i.svcMessageCreate  RTX_CM3.lib(rt_cmsis.o)
    0x0000309c   0x0000003a   Code   RO          279    i.svcMessageGet     RTX_CM3.lib(rt_cmsis.o)
    0x000030d6   0x00000036   Code   RO          280    i.svcMessagePut     RTX_CM3.lib(rt_cmsis.o)
    0x0000310c   0x00000024   Code   RO          286    i.svcSemaphoreCreate  RTX_CM3.lib(rt_cmsis.o)
    0x00003130   0x00000070   Code   RO          293    i.svcThreadCreate   RTX_CM3.lib(rt_cmsis.o)
    0x000031a0   0x0000001c   Code   RO          294    i.svcThreadGetId    RTX_CM3.lib(rt_cmsis.o)
    0x000031bc   0x00000038   Code   RO          297    i.svcThreadTerminate  RTX_CM3.lib(rt_cmsis.o)
    0x000031f4   0x0000000a   Code   RO          298    i.svcThreadYield    RTX_CM3.lib(rt_cmsis.o)
    0x000031fe   0x00000002   PAD
    0x00003200   0x0000005c   Code   RO          308    i.sysTimerTick      RTX_CM3.lib(rt_cmsis.o)
    0x0000325c   0x00000010   Data   RO           74    .constdata          terminal.o
    0x0000326c   0x00000046   Data   RO          111    .constdata          rtx_conf_cm.o
    0x000032b2   0x00000017   Data   RO          137    .constdata          retarget_io.o
    0x000032c9   0x00000003   PAD
    0x000032cc   0x00000020   Data   RO         1885    Region$$Table       anon$$obj.o


    Execution Region RW_IRAM1 (Base: 0x10000000, Size: 0x00001430, Max: 0x00008000, ABSOLUTE)

    Base Addr    Size         Type   Attr      Idx    E Section Name        Object

    0x10000000   0x0000001c   Data   RW           75    .data               terminal.o
    0x1000001c   0x00000024   Data   RW          112    .data               rtx_conf_cm.o
    0x10000040   0x00000004   Data   RW          184    .data               system_lpc17xx.o
    0x10000044   0x00000008   Data   RW          311    .data               RTX_CM3.lib(rt_cmsis.o)
    0x1000004c   0x00000008   Data   RW          851    .data               RTX_CM3.lib(rt_task.o)
    0x10000054   0x00000008   Data   RW         1013    .data               RTX_CM3.lib(rt_system.o)
    0x1000005c   0x00000004   Data   RW         1303    .data               RTX_CM3.lib(rt_time.o)
    0x10000060   0x00000008   Data   RW         1334    .data               RTX_CM3.lib(rt_robin.o)
    0x10000068   0x00000001   Data   RW         1413    .data               RTX_CM3.lib(hal_cm.o)
    0x10000069   0x00000003   PAD
    0x1000006c   0x00000004   Data   RW         1514    .data               c_w.l(stdio_streams.o)
    0x10000070   0x00000004   Data   RW         1515    .data               c_w.l(stdio_streams.o)
    0x10000074   0x00000004   Data   RW         1516    .data               c_w.l(stdio_streams.o)
    0x10000078   0x00000004   Data   RW         1551    .data               c_w.l(streamlock.o)
    0x1000007c   0x00000030   Zero   RW           73    .bss                terminal.o
    0x100000ac   0x00000004   PAD
    0x100000b0   0x00000dbc   Zero   RW          110    .bss                rtx_conf_cm.o
    0x10000e6c   0x00000034   Zero   RW          850    .bss                RTX_CM3.lib(rt_task.o)
    0x10000ea0   0x00000030   Zero   RW         1143    .bss                RTX_CM3.lib(rt_list.o)
    0x10000ed0   0x00000060   Zero   RW         1471    .bss                c_w.l(libspace.o)
    0x10000f30   0x00000054   Zero   RW         1511    .bss                c_w.l(stdio_streams.o)
    0x10000f84   0x00000054   Zero   RW         1512    .bss                c_w.l(stdio_streams.o)
    0x10000fd8   0x00000054   Zero   RW         1513    .bss                c_w.l(stdio_streams.o)
    0x1000102c   0x00000004   PAD
    0x10001030   0x00000200   Zero   RW          171    HEAP                startup_lpc17xx.o
    0x10001230   0x00000200   Zero   RW          170    STACK               startup_lpc17xx.o


==============================================================================

Image component sizes


      Code (inc. data)   RO Data    RW Data    ZI Data      Debug   Object Name

       404         24         23          0          0       3898   retarget_io.o
        80         18          0          0          0      49820   robterminal.o
       200         34         70         36       3516       9137   rtx_conf_cm.o
        68         30        204          0       1024       1332   startup_lpc17xx.o
       756         30          0          4          0       1413   system_lpc17xx.o
       428         66         16         28         48      43998   terminal.o

    ----------------------------------------------------------------------
      1936        202        348         68       4592     109598   Object Totals
         0          0         32          0          0          0   (incl. Generated)
         0          0          3          0          4          0   (incl. Padding)

    ----------------------------------------------------------------------

      Code (inc. data)   RO Data    RW Data    ZI Data      Debug   Library Member Name

       238         24          0          1          0       3256   hal_cm.o
       304         36          0          0          0        760   hal_cm3.o
      1274        162          0          8          0      33614   rt_cmsis.o
        80          4          0          0          0        653   rt_event.o
       566         44          0          0         48       8696   rt_list.o
       702         14          0          0          0       4727   rt_mailbox.o
       140          0          0          0          0       1901   rt_membox.o
       128          0          0          0          0       2275   rt_memory.o
       336         12          0          0          0       2057   rt_mutex.o
        96         22          0          8          0       1134   rt_robin.o
        64          4          0          0          0       1067   rt_semaphore.o
       298         52          0          8          0       6151   rt_system.o
      1264        184          0          8         52      10035   rt_task.o
         0          0          0          4          0        206   rt_time.o
         4          4          0          0          0        200   svc_table.o
         8          0          0          0          0         68   __main.o
       104          0          0          0          0         84   __printf.o
         0          0          0          0          0          0   __rtentry.o
        20          0          0          0          0          0   __rtentry2.o
         6          0          0          0          0          0   __rtentry4.o
        52          8          0          0          0          0   __scatter.o
        26          0          0          0          0          0   __scatter_copy.o
        28          0          0          0          0          0   __scatter_zi.o
        48          6          0          0          0         96   _printf_char_common.o
        64          6          0          0          0         84   _printf_char_file_locked.o
         6          0          0          0          0          0   _printf_d.o
       120         16          0          0          0         92   _printf_dec.o
       178          0          0          0          0         88   _printf_intcommon.o
         0          0          0          0          0          0   _printf_percent.o
         4          0          0          0          0          0   _printf_percent_end.o
        10          0          0          0          0         68   defsig_exit.o
        50          0          0          0          0         88   defsig_general.o
        80         58          0          0          0         76   defsig_rtmem_inner.o
        14          0          0          0          0         80   defsig_rtmem_outer.o
        52         38          0          0          0         76   defsig_rtred_inner.o
        14          0          0          0          0         80   defsig_rtred_outer.o
        18          0          0          0          0         80   exit.o
        76          0          0          0          0         88   fclose.o
       144         10          0          0          0        128   fflush_locked.o
        24          0          0          0          0         68   fgetc.o
        32          0          0          0          0         80   fgetc_locked.o
       570          0          0          0          0        132   filbuf.o
       470          0          0          0          0         88   flsbuf.o
        92          8          0          0          0         88   flushlinebuffered_locked.o
       324          8          0          0          0        152   fopen_locked.o
        26          0          0          0          0         68   fputc.o
        36          0          0          0          0         80   fputc_locked.o
       248          6          0          0          0         84   fseek.o
        66          0          0          0          0         76   ftell.o
         4          0          0          0          0         68   getc.o
       158          0          0          0          0        128   h1_alloc_mt.o
        62          0          0          0          0         80   h1_extend_mt.o
       118          0          0          0          0        108   h1_free_mt.o
        18          0          0          0          0         84   h1_init_mt.o
         6          0          0          0          0        152   heapauxi.o
         4          0          0          0          0        136   hguard.o
         0          0          0          0          0          0   indicate_semi.o
       138          0          0          0          0        168   init_alloc.o
       456         48          0          0          0        116   initio_locked.o
         2          0          0          0          0          0   libinit.o
        14          0          0          0          0          0   libinit2.o
         2          0          0          0          0          0   libshutdown.o
         6          0          0          0          0          0   libshutdown2.o
         8          4          0          0         96         68   libspace.o
       238          0          0          0          0        100   lludivv7m.o
         0          0          0          0          0          0   maybetermalloc1.o
        24          4          0          0          0         84   noretval__2printf.o
         4          0          0          0          0         68   putc.o
         4          0          0          0          0         68   rt_errno_addr_twolibspace.o
        10          0          0          0          0         76   rt_heap_descriptor_twolibspace.o
        78          0          0          0          0         80   rt_memclr_w.o
         2          0          0          0          0          0   rtexit.o
        10          0          0          0          0          0   rtexit2.o
       104          0          0          0          0         88   setvbuf_locked.o
       240          6          0          0          0        156   stdio.o
         0          0          0         12        252          0   stdio_streams.o
       128          0          0          0          0         68   strcmpv7m.o
         0          0          0          4          0          0   streamlock.o
        12          4          0          0          0         68   sys_exit.o
        74          0          0          0          0         80   sys_stackheap_outer.o
        14          0          0          0          0         76   sys_wrch.o
         2          0          0          0          0         68   use_no_semi.o
       280         12          0          0          0       3484   max_ii_configurator.o

    ----------------------------------------------------------------------
     10752        804          0         56        452      84596   Library Totals
        28          0          0          3          4          0   (incl. Padding)

    ----------------------------------------------------------------------

      Code (inc. data)   RO Data    RW Data    ZI Data      Debug   Library Name

      5494        562          0         37        100      76732   RTX_CM3.lib
      4950        230          0         16        348       4380   c_w.l
       280         12          0          0          0       3484   max_II_configurator.lib

    ----------------------------------------------------------------------
     10752        804          0         56        452      84596   Library Totals

    ----------------------------------------------------------------------

==============================================================================


      Code (inc. data)   RO Data    RW Data    ZI Data      Debug   

     12688       1006        348        124       5044     187586   Grand Totals
     12688       1006        348        124       5044     187586   ELF Image Totals
     12688       1006        348        124          0          0   ROM Totals

==============================================================================

    Total RO  Size (Code + RO Data)                13036 (  12.73kB)
    Total RW  Size (RW Data + ZI Data)              5168 (   5.05kB)
    Total ROM Size (Code + RO Data + RW Data)      13160 (  12.85kB)

==============================================================================

