<html>
<body>
<pre>
<h1>µVision Build Log</h1>
<h2>Tool Versions:</h2>
IDE-Version: µVision V5.21.1.0
Copyright (C) 2016 ARM Ltd and ARM Germany GmbH. All rights reserved.
License Information: Who AmI, ka, LIC=----
 
Tool Versions:
Toolchain:       MDK-Lite  Version: 5.21a
Toolchain Path:  D:\[Programme]\Keil\ARM\ARMCC\Bin
C Compiler:      Armcc.exe V5.06 update 3 (build 300)
Assembler:       Armasm.exe V5.06 update 3 (build 300)
Linker/Locator:  ArmLink.exe V5.06 update 3 (build 300)
Library Manager: ArmAr.exe V5.06 update 3 (build 300)
Hex Converter:   FromElf.exe V5.06 update 3 (build 300)
CPU DLL:         SARMCM3.DLL V5.21a
Dialog DLL:      DARMP1.DLL V1.26.0.0
Target DLL:      UL2CM3.DLL V1.158.5.0
Dialog DLL:      TCM.DLL V1.14.14.0
 
<h2>Project:</h2>
D:\[Gitbhub]\embedded\01-RTX1_Template\RTX1.uvprojx
Project File Date:  10/17/2016

<h2>Output:</h2>
*** Using Compiler 'V5.06 update 3 (build 300)', folder: 'D:\[Programme]\Keil\ARM\ARMCC\Bin'
Build target 'Sim - User Timer Signal'
linking...
Program Size: Code=7272 RO-data=356 RW-data=80 ZI-data=3392  
".\Simulator\obj\RTX1.axf" - 0 Error(s), 0 Warning(s).

<h2>Software Packages used:</h2>

Package Vendor: ARM
                http://www.keil.com/pack/ARM.CMSIS.5.0.0-Beta12.pack
                ::CMSIS:RTOS:1.0 (API)
                CMSIS (Cortex Microcontroller Software Interface Standard)
   * Component: RTOS Version: 1.0

Package Vendor: ETTI4
                http://w4s35204/Software%20Projekte%20Dateien/EmbSys_Library/ETTI4.Embedded.1.5.3.pack
                ETTI4::ETTI4:Embedded laboratory:Displays:6.0.0
                Embedded Systems laboratory files
   * Component: Displays Version: 6.0.0
   * Component: Configurator Version: 1.4.0
   * Component: CORE Version: 5.0.0
   * Component: Keil RTX Version: 4.81.0
   * Component: RTX Version: 4.1.0

Package Vendor: Keil
                http://www.keil.com/pack/Keil.ARM_Compiler.1.1.1.pack
                Keil::Compiler:I/O:STDOUT:User:1.1.0
                Keil ARM Compiler extensions
   * Component: STDOUT Variant: User Version: 1.1.0

Package Vendor: Keil
                http://www.keil.com/pack/Keil.LPC1700_DFP.2.2.0.pack
                Keil::Device:Startup:1.0.0
                NXP LPC1700 Series Device Support, Drivers and Examples for MCB1700 and LPC1788-32
   * Component: Startup Version: 1.0.0

<h2>Collection of Component include folders:</h2>
  D:\[Gitbhub]\embedded\01-RTX1_Template\RTE
  D:\[Gitbhub]\embedded\01-RTX1_Template\RTE\Device\LPC1769
  D:\[Programme]\Keil\ARM\PACK\ARM\CMSIS\5.0.0-Beta12\CMSIS\Include
  D:\[Programme]\Keil\ARM\PACK\ARM\CMSIS\5.0.0-Beta12\CMSIS\RTOS\RTX\INC
  D:\[Programme]\Keil\ARM\PACK\ETTI4\Embedded\1.5.3\EmbRTX\includes
  D:\[Programme]\Keil\ARM\PACK\ETTI4\Embedded\1.5.3\config\includes
  D:\[Programme]\Keil\ARM\PACK\ETTI4\Embedded\1.5.3\disp\includes
  D:\[Programme]\Keil\ARM\PACK\Keil\LPC1700_DFP\2.2.0\Device\Include

<h2>Collection of Component Files used:</h2>

   * Component: ::CMSIS:RTOS:1.0 (API)

   * Component: ETTI4::ETTI4:Embedded laboratory:Displays:6.0.0
      Include file:  disp\includes\EmbSysARMDisp.h
      Library file:  disp\lib\EmbSysLPC17disp.lib

   * Component: ETTI4::ETTI4:Embedded laboratory:Configurator:1.4.0
      Include file:  config\includes\max_II_configurator.h
      Library file:  config\lib\max_II_configurator.lib

   * Component: ARM::CMSIS:CORE:5.0.0

   * Component: ARM::CMSIS:RTOS:Keil RTX:4.81.0
      Source file:   CMSIS\RTOS\RTX\UserCodeTemplates\main.c
      Source file:   CMSIS\RTOS\RTX\UserCodeTemplates\Timer.c
      Source file:   CMSIS\RTOS\RTX\UserCodeTemplates\MailQueue.c
      Library file:  CMSIS\RTOS\RTX\LIB\ARM\RTX_CM3.lib
      Source file:   CMSIS\RTOS\RTX\UserCodeTemplates\Thread.c
      Source file:   CMSIS\RTOS\RTX\Templates\RTX_Conf_CM.c
      Source file:   CMSIS\RTOS\RTX\SRC\ARM\SVC_Table.s
      Source file:   CMSIS\RTOS\RTX\UserCodeTemplates\Semaphore.c
      Include file:  CMSIS\RTOS\RTX\UserCodeTemplates\osObjects.h
      Source file:   CMSIS\RTOS\RTX\UserCodeTemplates\Mutex.c
      Include file:  CMSIS\RTOS\RTX\INC\cmsis_os.h
      Source file:   CMSIS\RTOS\RTX\UserCodeTemplates\MemPool.c
      Source file:   CMSIS\RTOS\RTX\UserCodeTemplates\MsgQueue.c

   * Component: ETTI4::ETTI4:Embedded laboratory:RTX:4.1.0
      Include file:  EmbRTX\includes\mySignals.h
      Library file:  EmbRTX\lib\RTX1.lib
      Include file:  EmbRTX\includes\myHW.h

   * Component: Keil::Compiler:I/O:STDOUT:User:1.1.0
      Source file:   Source\retarget_io.c
      Source file:   Template\stdout_USART.c
      Source file:   Template\stdout_user.c
      Source file:   Template\stdout_display.c

   * Component: Keil::Device:Startup:1.0.0
      Include file:  Device\Include\LPC17xx.h
      Source file:   Device\Source\ARM\startup_LPC17xx.s
      Source file:   Device\Source\system_LPC17xx.c
      Include file:  RTE_Driver\Config\RTE_Device.h
Build Time Elapsed:  00:00:01
</pre>
</body>
</html>
