<html>
<body>
<pre>
<h1>µVision Build Log</h1>
<h2>Tool Versions:</h2>
IDE-Version: µVision V5.21.1.0
Copyright (C) 2016 ARM Ltd and ARM Germany GmbH. All rights reserved.
License Information: ETTI 4 UniBwM Flex license: MDK-ARM Professional: 25 user(s) (mdk_pro) Support: Apr 2017
 
Tool Versions:
Toolchain:       MDK-ARM Professional: 25 user(s)  Version: 5.21a
Toolchain Path:  C:\Keil_v5\ARM\ARMCC\Bin
C Compiler:      Armcc.exe V5.06 update 3 (build 300)
Assembler:       Armasm.exe V5.06 update 3 (build 300)
Linker/Locator:  ArmLink.exe V5.06 update 3 (build 300)
Library Manager: ArmAr.exe V5.06 update 3 (build 300)
Hex Converter:   FromElf.exe V5.06 update 3 (build 300)
CPU DLL:         SARMCM3.DLL V5.21a
Dialog DLL:      DARMP1.DLL V1.26.0.0
Target DLL:      UL2CM3.DLL V1.158.5.0
Dialog DLL:      TCM.DLL V1.14.14.0
 
<h2>Project:</h2>
S:\EmbSys04\04-PWM_RTX\pwmRTX.uvprojx
Project File Date:  11/07/2016

<h2>Output:</h2>
*** Using Compiler 'V5.06 update 3 (build 300)', folder: 'C:\Keil_v5\ARM\ARMCC\Bin'
Build target 'Debug - PWM'
compiling pwmDisplay.c...
linking...
Program Size: Code=14468 RO-data=480 RW-data=120 ZI-data=4992  
".\RAM\obj\pwmRTX.axf" - 0 Error(s), 0 Warning(s).

<h2>Software Packages used:</h2>

Package Vendor: ARM
                http://www.keil.com/pack/ARM.CMSIS.5.0.0-Beta12.pack
                ::CMSIS:RTOS:1.0 (API)
                CMSIS (Cortex Microcontroller Software Interface Standard)
   * Component: RTOS Version: 1.0
   * Component: Keil RTX Version: 4.81.0
   * Component: CORE Version: 5.0.0

Package Vendor: ETTI4
                http://w4s35204/Software%20Projekte%20Dateien/EmbSys_Library/ETTI4.Embedded.1.5.4.pack
                ETTI4::ETTI4:Embedded laboratory:Displays:6.0.0
                Embedded Systems laboratory files
   * Component: Displays Version: 6.0.0
   * Component: Configurator Version: 1.4.0
   * Component: PWM and ADC Version: 3.5.0

Package Vendor: Keil
                http://www.keil.com/pack/Keil.ARM_Compiler.1.1.1.pack
                Keil::Compiler:I/O:STDOUT:User:1.1.0
                Keil ARM Compiler extensions
   * Component: STDOUT Variant: User Version: 1.1.0

Package Vendor: Keil
                http://www.keil.com/pack/Keil.LPC1700_DFP.2.2.0.pack
                Keil::Device:Startup:1.0.0
                NXP LPC1700 Series Device Support, Drivers and Examples for MCB1700 and LPC1788-32
   * Component: Startup Version: 1.0.0

<h2>Collection of Component include folders:</h2>
  S:\EmbSys04\04-PWM_RTX\RTE
  S:\EmbSys04\04-PWM_RTX\RTE\Device\LPC1769
  C:\Keil_v5\ARM\PACK\ARM\CMSIS\5.0.0-Beta12\CMSIS\Include
  C:\Keil_v5\ARM\PACK\ARM\CMSIS\5.0.0-Beta12\CMSIS\RTOS\RTX\INC
  C:\Keil_v5\ARM\PACK\ETTI4\Embedded\1.5.4\PWM_ADC\includes
  C:\Keil_v5\ARM\PACK\ETTI4\Embedded\1.5.4\config\includes
  C:\Keil_v5\ARM\PACK\ETTI4\Embedded\1.5.4\disp\includes
  C:\Keil_v5\ARM\PACK\Keil\LPC1700_DFP\2.2.0\Device\Include

<h2>Collection of Component Files used:</h2>

   * Component: ::CMSIS:RTOS:1.0 (API)

   * Component: ARM::CMSIS:RTOS:Keil RTX:4.81.0
      Library file:  CMSIS\RTOS\RTX\LIB\ARM\RTX_CM3.lib
      Source file:   CMSIS\RTOS\RTX\UserCodeTemplates\MsgQueue.c
      Source file:   CMSIS\RTOS\RTX\UserCodeTemplates\Mutex.c
      Include file:  CMSIS\RTOS\RTX\INC\cmsis_os.h
      Include file:  CMSIS\RTOS\RTX\UserCodeTemplates\osObjects.h
      Source file:   CMSIS\RTOS\RTX\UserCodeTemplates\main.c
      Source file:   CMSIS\RTOS\RTX\UserCodeTemplates\MailQueue.c
      Source file:   CMSIS\RTOS\RTX\Templates\RTX_Conf_CM.c
      Source file:   CMSIS\RTOS\RTX\UserCodeTemplates\MemPool.c
      Source file:   CMSIS\RTOS\RTX\UserCodeTemplates\Thread.c
      Source file:   CMSIS\RTOS\RTX\UserCodeTemplates\Timer.c
      Source file:   CMSIS\RTOS\RTX\UserCodeTemplates\Semaphore.c
      Source file:   CMSIS\RTOS\RTX\SRC\ARM\SVC_Table.s

   * Component: ARM::CMSIS:CORE:5.0.0

   * Component: ETTI4::ETTI4:Embedded laboratory:Displays:6.0.0
      Library file:  disp\lib\EmbSysLPC17disp.lib
      Include file:  disp\includes\EmbSysARMDisp.h

   * Component: ETTI4::ETTI4:Embedded laboratory:Configurator:1.4.0
      Library file:  config\lib\max_II_configurator.lib
      Include file:  config\includes\max_II_configurator.h

   * Component: ETTI4::ETTI4:Embedded laboratory:PWM and ADC:3.5.0
      Include file:  PWM_ADC\includes\servoPWM.h
      Library file:  PWM_ADC\lib\pwmRTX.lib
      Include file:  PWM_ADC\includes\pwm_adc.h
      Include file:  PWM_ADC\includes\pwmRTX.h
      Include file:  PWM_ADC\includes\pwmDisplay.h

   * Component: Keil::Compiler:I/O:STDOUT:User:1.1.0
      Source file:   Template\stdout_display.c
      Source file:   Source\retarget_io.c
      Source file:   Template\stdout_USART.c
      Source file:   Template\stdout_user.c

   * Component: Keil::Device:Startup:1.0.0
      Include file:  RTE_Driver\Config\RTE_Device.h
      Include file:  Device\Include\LPC17xx.h
      Source file:   Device\Source\ARM\startup_LPC17xx.s
      Source file:   Device\Source\system_LPC17xx.c
Build Time Elapsed:  00:00:01
</pre>
</body>
</html>
