Component: ARM Compiler 5.06 update 3 (build 300) Tool: armlink [4d35c9]

==============================================================================

Section Cross References

    drehzahlmain.o(.text) refers to max_ii_configurator.o(.text) for doMaxIIconfig
    drehzahlmain.o(.text) refers to hexsw.o(.text) for E4initHEXSW
    drehzahlmain.o(.text) refers to rotmotor.o(.text) for E4initMotor
    drehzahlmain.o(.text) refers to embsysarmdisp.o(i.clearETTI4display) for clearETTI4display
    drehzahlmain.o(.text) refers to noretval__2printf.o(.text) for __2printf
    drehzahlmain.o(.text) refers to rt_cmsis.o(i.osDelay) for osDelay
    drehzahlmain.o(.text) refers to rt_cmsis.o(i.osSemaphoreCreate) for osSemaphoreCreate
    drehzahlmain.o(.text) refers to rt_cmsis.o(i.osThreadCreate) for osThreadCreate
    drehzahlmain.o(.text) refers to rt_cmsis.o(i.osThreadGetId) for osThreadGetId
    drehzahlmain.o(.text) refers to rt_cmsis.o(i.osThreadSetPriority) for osThreadSetPriority
    drehzahlmain.o(.text) refers to rotationdisplay.o(.text) for E4updateDisplay
    drehzahlmain.o(.text) refers to drehzahlmain.o(.data) for ActMotorStatus
    drehzahlmain.o(.text) refers to drehzahlmain.o(.conststring) for .conststring
    drehzahlmain.o(.text) refers to drehzahlmain.o(.constdata) for os_semaphore_def_MotorStatusSem
    drehzahlmain.o(.constdata) refers to drehzahlmain.o(.data) for os_semaphore_cb_MotorStatusSem
    drehzahlmain.o(.constdata) refers to rotationsensor.o(.text) for RotSensorThread
    drehzahlmain.o(.constdata) refers to keythread.o(.text) for keyThread
    keythread.o(.text) refers to hexsw.o(.text) for E4initHEXSW
    keythread.o(.text) refers to motkeys.o(.text) for E4initMotKeysIRQ
    keythread.o(.text) refers to rt_cmsis.o(i.osSignalWait) for osSignalWait
    keythread.o(.text) refers to drehzahlmain.o(.data) for ActMotorStatus
    rtx_conf_cm.o(.emb_text) refers to rt_cmsis.o(i.osKernelInitialize) for osKernelInitialize
    rtx_conf_cm.o(.emb_text) refers to rt_cmsis.o(i.osThreadCreate) for osThreadCreate
    rtx_conf_cm.o(.emb_text) refers to rt_cmsis.o(i.osKernelStart) for osKernelStart
    rtx_conf_cm.o(.emb_text) refers to exit.o(.text) for exit
    rtx_conf_cm.o(.emb_text) refers to rtx_conf_cm.o(.data) for os_thread_def_main
    rtx_conf_cm.o(.text) refers to rt_task.o(i.rt_tsk_self) for rt_tsk_self
    rtx_conf_cm.o(.text) refers to rt_mutex.o(i.rt_mut_init) for rt_mut_init
    rtx_conf_cm.o(.text) refers to rt_cmsis.o(.data) for os_running
    rtx_conf_cm.o(.text) refers to rtx_conf_cm.o(.bss) for .bss
    rtx_conf_cm.o(.text) refers to libspace.o(.bss) for __libspace_start
    rtx_conf_cm.o(.text) refers to rtx_conf_cm.o(.data) for .data
    rtx_conf_cm.o(.text) refers to rt_mutex.o(i.rt_mut_wait) for rt_mut_wait
    rtx_conf_cm.o(.text) refers to rt_mutex.o(i.rt_mut_release) for rt_mut_release
    rtx_conf_cm.o(.constdata) refers to rtx_conf_cm.o(.bss) for os_messageQ_q_osTimerMessageQ
    rtx_conf_cm.o(.data) refers to drehzahlmain.o(.text) for main
    retarget_io.o(.text) refers to strcmpv7m.o(.text) for strcmp
    retarget_io.o(.text) refers to embsysarmdisp.o(i.stdout_putchar) for stdout_putchar
    startup_lpc17xx.o(STACK) refers (Special) to heapauxi.o(.text) for __use_two_region_memory
    startup_lpc17xx.o(HEAP) refers (Special) to heapauxi.o(.text) for __use_two_region_memory
    startup_lpc17xx.o(RESET) refers (Special) to heapauxi.o(.text) for __use_two_region_memory
    startup_lpc17xx.o(RESET) refers to startup_lpc17xx.o(STACK) for __initial_sp
    startup_lpc17xx.o(RESET) refers to startup_lpc17xx.o(.text) for Reset_Handler
    startup_lpc17xx.o(RESET) refers to hal_cm3.o(.emb_text) for SVC_Handler
    startup_lpc17xx.o(RESET) refers to motkeys.o(.text) for EINT1_IRQHandler
    startup_lpc17xx.o(RESET) refers to hexsw.o(.text) for EINT3_IRQHandler
    startup_lpc17xx.o(.ARM.__at_0x02FC) refers (Special) to heapauxi.o(.text) for __use_two_region_memory
    startup_lpc17xx.o(.text) refers (Special) to heapauxi.o(.text) for __use_two_region_memory
    startup_lpc17xx.o(.text) refers to system_lpc17xx.o(.text) for SystemInit
    startup_lpc17xx.o(.text) refers to __main.o(!!!main) for __main
    startup_lpc17xx.o(.text) refers to startup_lpc17xx.o(HEAP) for Heap_Mem
    startup_lpc17xx.o(.text) refers to startup_lpc17xx.o(STACK) for Stack_Mem
    system_lpc17xx.o(.text) refers to lludivv7m.o(.text) for __aeabi_uldivmod
    system_lpc17xx.o(.text) refers to system_lpc17xx.o(.data) for SystemCoreClock
    rt_cmsis.o(i.isrMessageGet) refers to rt_mailbox.o(i.isr_mbx_receive) for isr_mbx_receive
    rt_cmsis.o(i.isrMessagePut) refers to rt_mailbox.o(i.rt_mbx_check) for rt_mbx_check
    rt_cmsis.o(i.isrMessagePut) refers to rt_mailbox.o(i.isr_mbx_send) for isr_mbx_send
    rt_cmsis.o(i.isrSemaphoreRelease) refers to rt_cmsis.o(i.rt_id2obj) for rt_id2obj
[...]
    .text                                    0x100004fc   Section        0  retarget_io.o(.text)
    .text                                    0x10000674   Section       64  startup_lpc17xx.o(.text)
    .text                                    0x100006b4   Section        0  system_lpc17xx.o(.text)
    .text                                    0x100009a8   Section        0  max_ii_configurator.o(.text)
    .text                                    0x10000ac0   Section        0  rotmotor.o(.text)
    .text                                    0x10000b90   Section        0  hexsw.o(.text)
    .text                                    0x10000c6c   Section        0  motkeys.o(.text)
    NVIC_SetPriority                         0x10000c6d   Thumb Code    32  motkeys.o(.text)
    NVIC_EnableIRQ                           0x10000d2f   Thumb Code    22  motkeys.o(.text)
    NVIC_ClearPendingIRQ                     0x10000d45   Thumb Code    18  motkeys.o(.text)
    .text                                    0x10000d74   Section        0  rotationdisplay.o(.text)
    .text                                    0x10000e60   Section        8  libspace.o(.text)
    .text                                    0x10000e68   Section      238  lludivv7m.o(.text)
    .text                                    0x10000f58   Section        0  noretval__2printf.o(.text)
    .text                                    0x10000f70   Section        0  _printf_pad.o(.text)
    .text                                    0x10000fc0   Section        0  _printf_dec.o(.text)
    .text                                    0x10001038   Section        0  __printf_wp.o(.text)
    .text                                    0x10001148   Section        0  fflush_locked.o(.text)
    .text                                    0x100011d8   Section        0  exit.o(.text)
    .text                                    0x100011ec   Section      128  strcmpv7m.o(.text)
    .text                                    0x1000126c   Section        0  heapauxi.o(.text)
    .text                                    0x10001272   Section        0  _printf_intcommon.o(.text)
    .text                                    0x10001324   Section        0  fseek.o(.text)
    .text                                    0x1000141c   Section        0  stdio.o(.text)
    .text                                    0x1000150c   Section        0  initio_locked.o(.text)
    .text                                    0x100016d4   Section        0  h1_free_mt.o(.text)
    .text                                    0x1000174c   Section        0  _printf_char_common.o(.text)
    _printf_input_char                       0x1000174d   Thumb Code    10  _printf_char_common.o(.text)
    .text                                    0x1000177c   Section        0  ftell.o(.text)
    .text                                    0x100017be   Section        0  fclose.o(.text)
    .text                                    0x1000180a   Section        0  setvbuf_locked.o(.text)
    .text                                    0x10001874   Section        0  fopen_locked.o(.text)
    _freopen_locked                          0x10001875   Thumb Code   174  fopen_locked.o(.text)
    .text                                    0x100019b8   Section        0  defsig_rtred_outer.o(.text)
    .text                                    0x100019c6   Section       78  rt_memclr_w.o(.text)
    .text                                    0x10001a14   Section        0  sys_exit.o(.text)
    .text                                    0x10001a20   Section       74  sys_stackheap_outer.o(.text)
    .text                                    0x10001a6a   Section       10  rt_heap_descriptor_twolibspace.o(.text)
    .text                                    0x10001a74   Section        4  rt_errno_addr_twolibspace.o(.text)
    .text                                    0x10001a78   Section        0  hguard.o(.text)
    .text                                    0x10001a7c   Section        0  init_alloc.o(.text)
    .text                                    0x10001b06   Section        0  h1_alloc_mt.o(.text)
    Heap1_SizeAdjust                         0x10001b07   Thumb Code     8  h1_alloc_mt.o(.text)
    .text                                    0x10001ba4   Section        0  flsbuf.o(.text)
    .text                                    0x10001d7a   Section        0  defsig_exit.o(.text)
    .text                                    0x10001d84   Section        0  defsig_rtred_inner.o(.text)
    .text                                    0x10001db8   Section        2  use_no_semi.o(.text)
    .text                                    0x10001dba   Section        0  h1_init_mt.o(.text)
    .text                                    0x10001dba   Section        0  indicate_semi.o(.text)
    .text                                    0x10001dcc   Section        0  h1_extend_mt.o(.text)
    .text                                    0x10001e0c   Section        0  _printf_char_file_locked.o(.text)
    .text                                    0x10001e4c   Section        0  defsig_general.o(.text)
    .text                                    0x10001e7e   Section        0  defsig_rtmem_outer.o(.text)
    .text                                    0x10001e8c   Section        0  sys_wrch.o(.text)
    .text                                    0x10001e9c   Section        0  defsig_rtmem_inner.o(.text)
    SVC_TABLE                                0x10001eec   Section        4  svc_table.o(SVC_TABLE)
    i.LCDwrite                               0x10001ef0   Section        0  embsysarmdisp.o(i.LCDwrite)
    i._init_box                              0x10001f44   Section        0  rt_membox.o(i._init_box)
    i._is_digit                              0x10001f8a   Section        0  __printf_wp.o(i._is_digit)
    i.clearETTI4display                      0x10001f98   Section        0  embsysarmdisp.o(i.clearETTI4display)
    i.dbg_init                               0x1000200c   Section        0  hal_cm.o(i.dbg_init)
    i.dbg_task_notify                        0x1000203c   Section        0  hal_cm.o(i.dbg_task_notify)
    i.dbg_task_switch                        0x1000205c   Section        0  hal_cm.o(i.dbg_task_switch)
    i.delay                                  0x1000206c   Section        0  embsysarmdisp.o(i.delay)
    delay                                    0x1000206d   Thumb Code    14  embsysarmdisp.o(i.delay)
    i.fputc                                  0x1000207a   Section        0  fputc.o(i.fputc)
    i.isrMessagePut                          0x10002094   Section        0  rt_cmsis.o(i.isrMessagePut)
    i.isrSignalSet                           0x100020c0   Section        0  rt_cmsis.o(i.isrSignalSet)
    i.isr_evt_set                            0x100020e4   Section        0  rt_event.o(i.isr_evt_set)
    i.isr_mbx_send                           0x1000210c   Section        0  rt_mailbox.o(i.isr_mbx_send)
    i.lcd_write_cmd                          0x1000211c   Section        0  embsysarmdisp.o(i.lcd_write_cmd)
    i.lcd_write_data                         0x10002140   Section        0  embsysarmdisp.o(i.lcd_write_data)
    i.osDelay                                0x10002164   Section        0  rt_cmsis.o(i.osDelay)
    i.osKernelInitialize                     0x1000217c   Section        0  rt_cmsis.o(i.osKernelInitialize)
    i.osKernelStart                          0x100021a0   Section        0  rt_cmsis.o(i.osKernelStart)
    i.osSemaphoreCreate                      0x1000220c   Section        0  rt_cmsis.o(i.osSemaphoreCreate)
    i.osSignalSet                            0x1000223c   Section        0  rt_cmsis.o(i.osSignalSet)
    i.osSignalWait                           0x10002254   Section        0  rt_cmsis.o(i.osSignalWait)
    i.osThreadCreate                         0x1000226c   Section        0  rt_cmsis.o(i.osThreadCreate)
    i.osThreadExit                           0x1000229c   Section        0  rt_cmsis.o(i.osThreadExit)
    i.osThreadGetId                          0x100022b4   Section        0  rt_cmsis.o(i.osThreadGetId)
    i.osThreadSetPriority                    0x100022cc   Section        0  rt_cmsis.o(i.osThreadSetPriority)
    i.os_tick_init                           0x100022e4   Section        0  rt_system.o(i.os_tick_init)
    i.os_tick_irqack                         0x1000230c   Section        0  rt_system.o(i.os_tick_irqack)
    i.rt_alloc_box                           0x1000230e   Section        0  rt_membox.o(i.rt_alloc_box)
    i.rt_alloc_mem                           0x10002328   Section        0  rt_memory.o(i.rt_alloc_mem)
    i.rt_block                               0x10002368   Section        0  rt_task.o(i.rt_block)
    i.rt_chk_robin                           0x100023a0   Section        0  rt_robin.o(i.rt_chk_robin)
    i.rt_dec_dly                             0x100023e8   Section        0  rt_list.o(i.rt_dec_dly)
    i.rt_dispatch                            0x10002458   Section        0  rt_task.o(i.rt_dispatch)
    i.rt_dly_wait                            0x1000249c   Section        0  rt_time.o(i.rt_dly_wait)
    i.rt_evt_psh                             0x100024a4   Section        0  rt_event.o(i.rt_evt_psh)
    i.rt_evt_set                             0x100024f4   Section        0  rt_event.o(i.rt_evt_set)
    i.rt_evt_wait                            0x10002550   Section        0  rt_event.o(i.rt_evt_wait)
    i.rt_free_box                            0x1000258c   Section        0  rt_membox.o(i.rt_free_box)
    i.rt_free_mem                            0x100025b8   Section        0  rt_memory.o(i.rt_free_mem)
    i.rt_get_first                           0x100025e0   Section        0  rt_list.o(i.rt_get_first)
    i.rt_init_context                        0x10002608   Section        0  rt_task.o(i.rt_init_context)
    rt_init_context                          0x10002609   Thumb Code    66  rt_task.o(i.rt_init_context)
    i.rt_init_mem                            0x10002650   Section        0  rt_memory.o(i.rt_init_mem)
    i.rt_init_robin                          0x1000266c   Section        0  rt_robin.o(i.rt_init_robin)
    i.rt_init_stack                          0x10002684   Section        0  hal_cm.o(i.rt_init_stack)
    i.rt_mbx_check                           0x10002704   Section        0  rt_mailbox.o(i.rt_mbx_check)
    i.rt_mbx_init                            0x1000270c   Section        0  rt_mailbox.o(i.rt_mbx_init)
    i.rt_mbx_psh                             0x10002728   Section        0  rt_mailbox.o(i.rt_mbx_psh)
    i.rt_ms2tick                             0x10002818   Section        0  rt_cmsis.o(i.rt_ms2tick)
    rt_ms2tick                               0x10002819   Thumb Code    58  rt_cmsis.o(i.rt_ms2tick)
    i.rt_mut_init                            0x1000285c   Section        0  rt_mutex.o(i.rt_mut_init)
    i.rt_mut_release                         0x1000286c   Section        0  rt_mutex.o(i.rt_mut_release)
    i.rt_mut_wait                            0x10002944   Section        0  rt_mutex.o(i.rt_mut_wait)
    i.rt_pop_req                             0x100029ac   Section        0  rt_system.o(i.rt_pop_req)
    i.rt_psh_req                             0x10002a28   Section        0  rt_system.o(i.rt_psh_req)
    i.rt_psq_enq                             0x10002a48   Section        0  rt_list.o(i.rt_psq_enq)
    i.rt_put_dly                             0x10002aa4   Section        0  rt_list.o(i.rt_put_dly)
    i.rt_put_prio                            0x10002aec   Section        0  rt_list.o(i.rt_put_prio)
    i.rt_put_rdy_first                       0x10002b24   Section        0  rt_list.o(i.rt_put_rdy_first)
    i.rt_resort_prio                         0x10002b38   Section        0  rt_list.o(i.rt_resort_prio)
    i.rt_ret_val                             0x10002b6c   Section        0  hal_cm.o(i.rt_ret_val)
    i.rt_ret_val2                            0x10002b72   Section        0  hal_cm.o(i.rt_ret_val2)
    i.rt_rmv_dly                             0x10002b7a   Section        0  rt_list.o(i.rt_rmv_dly)
    i.rt_rmv_list                            0x10002ba4   Section        0  rt_list.o(i.rt_rmv_list)
    i.rt_sem_init                            0x10002bd4   Section        0  rt_semaphore.o(i.rt_sem_init)
    i.rt_sem_psh                             0x10002be0   Section        0  rt_semaphore.o(i.rt_sem_psh)
    i.rt_stk_check                           0x10002c14   Section        0  rt_system.o(i.rt_stk_check)
    i.rt_switch_req                          0x10002c38   Section        0  rt_task.o(i.rt_switch_req)
    i.rt_sys_init                            0x10002c60   Section        0  rt_task.o(i.rt_sys_init)
    i.rt_sys_start                           0x10002d2c   Section        0  rt_task.o(i.rt_sys_start)
    i.rt_systick                             0x10002da4   Section        0  rt_system.o(i.rt_systick)
    i.rt_tid2ptcb                            0x10002de4   Section        0  rt_cmsis.o(i.rt_tid2ptcb)
    rt_tid2ptcb                              0x10002de5   Thumb Code    18  rt_cmsis.o(i.rt_tid2ptcb)
    i.rt_timer_insert                        0x10002df8   Section        0  rt_cmsis.o(i.rt_timer_insert)
    rt_timer_insert                          0x10002df9   Thumb Code    48  rt_cmsis.o(i.rt_timer_insert)
    i.rt_tsk_create                          0x10002e2c   Section        0  rt_task.o(i.rt_tsk_create)
    i.rt_tsk_delete                          0x10002eb4   Section        0  rt_task.o(i.rt_tsk_delete)
    i.rt_tsk_prio                            0x10003030   Section        0  rt_task.o(i.rt_tsk_prio)
    i.rt_tsk_self                            0x100030ac   Section        0  rt_task.o(i.rt_tsk_self)
    i.setPosETTI4display                     0x100030bc   Section        0  embsysarmdisp.o(i.setPosETTI4display)
    i.stdout_putchar                         0x1000318c   Section        0  embsysarmdisp.o(i.stdout_putchar)
    i.svcDelay                               0x1000329c   Section        0  rt_cmsis.o(i.svcDelay)
    i.svcKernelInitialize                    0x100032b0   Section        0  rt_cmsis.o(i.svcKernelInitialize)
    i.svcKernelStart                         0x10003320   Section        0  rt_cmsis.o(i.svcKernelStart)
    i.svcMessageCreate                       0x10003368   Section        0  rt_cmsis.o(i.svcMessageCreate)
    i.svcSemaphoreCreate                     0x1000338c   Section        0  rt_cmsis.o(i.svcSemaphoreCreate)
    i.svcSignalSet                           0x100033b0   Section        0  rt_cmsis.o(i.svcSignalSet)
    i.svcSignalWait                          0x100033d4   Section        0  rt_cmsis.o(i.svcSignalWait)
    i.svcThreadCreate                        0x10003428   Section        0  rt_cmsis.o(i.svcThreadCreate)
    i.svcThreadGetId                         0x10003498   Section        0  rt_cmsis.o(i.svcThreadGetId)
    i.svcThreadSetPriority                   0x100034b4   Section        0  rt_cmsis.o(i.svcThreadSetPriority)
    i.svcThreadTerminate                     0x100034e4   Section        0  rt_cmsis.o(i.svcThreadTerminate)
    i.sysTimerTick                           0x1000351c   Section        0  rt_cmsis.o(i.sysTimerTick)
    .constdata                               0x10003578   Section       36  drehzahlmain.o(.constdata)
    .constdata                               0x1000359c   Section       70  rtx_conf_cm.o(.constdata)
    __tagsym$$used                           0x100035b8   Number         0  rtx_conf_cm.o(.constdata)
    __tagsym$$used                           0x100035bc   Number         0  rtx_conf_cm.o(.constdata)
    __tagsym$$used                           0x100035c0   Number         0  rtx_conf_cm.o(.constdata)
    __tagsym$$used                           0x100035c4   Number         0  rtx_conf_cm.o(.constdata)
    .constdata                               0x100035e2   Section       23  retarget_io.o(.constdata)
    .constdata                               0x100035f9   Section       10  embsysarmdisp.o(.constdata)
    lines                                    0x100035f9   Data           4  embsysarmdisp.o(.constdata)
    barchar                                  0x100035fd   Data           6  embsysarmdisp.o(.constdata)
    .conststring                             0x10003604   Section      148  drehzahlmain.o(.conststring)
    .data                                    0x10005000   Section       44  drehzahlmain.o(.data)
    .data                                    0x1000502c   Section       36  rtx_conf_cm.o(.data)
    nr_mutex                                 0x1000503c   Data           4  rtx_conf_cm.o(.data)
    .data                                    0x10005050   Section        4  system_lpc17xx.o(.data)
    .data                                    0x10005054   Section        8  rt_cmsis.o(.data)
    .data                                    0x1000505c   Section        8  rt_task.o(.data)
    .data                                    0x10005064   Section        4  embsysarmdisp.o(.data)
    pCurrDisp                                0x10005064   Data           4  embsysarmdisp.o(.data)
    .data                                    0x10005068   Section        8  rt_system.o(.data)
    os_lock                                  0x10005068   Data           1  rt_system.o(.data)
    os_psh_flag                              0x10005069   Data           1  rt_system.o(.data)
    pend_flags                               0x1000506a   Data           1  rt_system.o(.data)
    .data                                    0x10005070   Section        4  rt_time.o(.data)
    .data                                    0x10005074   Section        8  rt_robin.o(.data)
    .data                                    0x1000507c   Section        1  hal_cm.o(.data)
    .data                                    0x10005080   Section        4  stdio_streams.o(.data)
    .data                                    0x10005084   Section        4  stdio_streams.o(.data)
    .data                                    0x10005088   Section        4  stdio_streams.o(.data)
    .data                                    0x1000508c   Section        4  streamlock.o(.data)
    .bss                                     0x10005090   Section     3516  rtx_conf_cm.o(.bss)
    std_libspace                             0x10005c4c   Data         384  rtx_conf_cm.o(.bss)
    std_libmutex                             0x10005dcc   Data         128  rtx_conf_cm.o(.bss)
    .bss                                     0x10005e4c   Section       52  rt_task.o(.bss)
    .bss                                     0x10005e80   Section       48  rt_list.o(.bss)
    .bss                                     0x10005eb0   Section       96  libspace.o(.bss)
    .bss                                     0x10005f10   Section       84  stdio_streams.o(.bss)
    .bss                                     0x10005f64   Section       84  stdio_streams.o(.bss)
    .bss                                     0x10005fb8   Section       84  stdio_streams.o(.bss)
    HEAP                                     0x10006010   Section      512  startup_lpc17xx.o(HEAP)
    Heap_Mem                                 0x10006010   Data         512  startup_lpc17xx.o(HEAP)
    STACK                                    0x10006210   Section      512  startup_lpc17xx.o(STACK)
    Stack_Mem                                0x10006210   Data         512  startup_lpc17xx.o(STACK)
    __initial_sp                             0x10006410   Data           0  startup_lpc17xx.o(STACK)

    Global Symbols

    Symbol Name                              Value     Ov Type        Size  Object(Section)

    BuildAttributes$$THM_ISAv4$P$D$K$B$S$PE$A:L22UL41UL21$X:L11$S22US41US21$IEEE1$IW$USESV6$~STKCKD$USESV7$~SHL$OTIME$ROPI$EBA8$UX$STANDARDLIB$REQ8$PRES8$EABIv2 0x00000000   Number         0  anon$$obj.o ABSOLUTE
    __ARM_use_no_argv                        0x00000000   Number         0  drehzahlmain.o ABSOLUTE
    _printf_flags                            0x00000000   Number         0  printf_stubs.o ABSOLUTE
    _printf_return_value                     0x00000000   Number         0  printf_stubs.o ABSOLUTE
    _printf_sizespec                         0x00000000   Number         0  printf_stubs.o ABSOLUTE
    _printf_widthprec                        0x00000000   Number         0  printf_stubs.o ABSOLUTE
    __ARM_exceptions_init                     - Undefined Weak Reference
    __alloca_initialize                       - Undefined Weak Reference
    __arm_preinit_                            - Undefined Weak Reference
    __cpp_initialize__aeabi_                  - Undefined Weak Reference
    __cxa_finalize                            - Undefined Weak Reference
    __rt_locale                               - Undefined Weak Reference
    __sigvec_lookup                           - Undefined Weak Reference
    __user_heap_extent                        - Undefined Weak Reference
    _atexit_init                              - Undefined Weak Reference
    _call_atexit_fns                          - Undefined Weak Reference
    _clock_init                               - Undefined Weak Reference
    _fp_trap_init                             - Undefined Weak Reference
    _fp_trap_shutdown                         - Undefined Weak Reference
    _get_lc_collate                           - Undefined Weak Reference
    _get_lc_ctype                             - Undefined Weak Reference
    _get_lc_monetary                          - Undefined Weak Reference
    _get_lc_numeric                           - Undefined Weak Reference
    _get_lc_time                              - Undefined Weak Reference
    _getenv_init                              - Undefined Weak Reference
    _handle_redirection                       - Undefined Weak Reference
    _mutex_free                               - Undefined Weak Reference
    _printf_truncate_signed                   - Undefined Weak Reference
    _printf_truncate_unsigned                 - Undefined Weak Reference
    _rand_init                                - Undefined Weak Reference
    _signal_finish                            - Undefined Weak Reference
    _signal_init                              - Undefined Weak Reference
    __RL_RTX_VER                             0x00000480   Number         0  rt_system.o ABSOLUTE
    __Vectors                                0x10000000   Data           4  startup_lpc17xx.o(RESET)
    __main                                   0x100000cd   Thumb Code     8  __main.o(!!!main)
    __scatterload                            0x100000d5   Thumb Code     0  __scatter.o(!!!scatter)
    __scatterload_rt2                        0x100000d5   Thumb Code    44  __scatter.o(!!!scatter)
    __scatterload_rt2_thumb_only             0x100000d5   Thumb Code     0  __scatter.o(!!!scatter)
    __scatterload_null                       0x100000e3   Thumb Code     0  __scatter.o(!!!scatter)
    __scatterload_copy                       0x10000109   Thumb Code    26  __scatter_copy.o(!!handler_copy)
    __scatterload_zeroinit                   0x10000125   Thumb Code    28  __scatter_zi.o(!!handler_zi)
    _printf_percent                          0x10000141   Thumb Code     0  _printf_percent.o(.ARM.Collect$$_printf_percent$$00000000)
    _printf_u                                0x10000141   Thumb Code     0  _printf_u.o(.ARM.Collect$$_printf_percent$$0000000A)
    _printf_percent_end                      0x10000147   Thumb Code     0  _printf_percent_end.o(.ARM.Collect$$_printf_percent$$00000017)
    __rt_lib_init                            0x1000014b   Thumb Code     0  libinit.o(.ARM.Collect$$libinit$$00000000)
    __rt_lib_init_fp_1                       0x1000014d   Thumb Code     0  libinit2.o(.ARM.Collect$$libinit$$00000002)
    __rt_lib_init_heap_2                     0x1000014d   Thumb Code     0  libinit2.o(.ARM.Collect$$libinit$$00000005)
    __rt_lib_init_preinit_1                  0x1000014d   Thumb Code     0  libinit2.o(.ARM.Collect$$libinit$$00000004)
    __rt_lib_init_atexit_1                   0x10000155   Thumb Code     0  libinit2.o(.ARM.Collect$$libinit$$0000001B)
    __rt_lib_init_clock_1                    0x10000155   Thumb Code     0  libinit2.o(.ARM.Collect$$libinit$$00000021)
    __rt_lib_init_fp_trap_1                  0x10000155   Thumb Code     0  libinit2.o(.ARM.Collect$$libinit$$0000001F)
    __rt_lib_init_getenv_1                   0x10000155   Thumb Code     0  libinit2.o(.ARM.Collect$$libinit$$00000023)
    __rt_lib_init_heap_1                     0x10000155   Thumb Code     0  libinit2.o(.ARM.Collect$$libinit$$0000000A)
    __rt_lib_init_lc_collate_1               0x10000155   Thumb Code     0  libinit2.o(.ARM.Collect$$libinit$$00000011)
    __rt_lib_init_lc_ctype_1                 0x10000155   Thumb Code     0  libinit2.o(.ARM.Collect$$libinit$$00000013)
    __rt_lib_init_lc_monetary_1              0x10000155   Thumb Code     0  libinit2.o(.ARM.Collect$$libinit$$00000015)
    __rt_lib_init_lc_numeric_1               0x10000155   Thumb Code     0  libinit2.o(.ARM.Collect$$libinit$$00000017)
    __rt_lib_init_lc_time_1                  0x10000155   Thumb Code     0  libinit2.o(.ARM.Collect$$libinit$$00000019)
    __rt_lib_init_rand_1                     0x10000155   Thumb Code     0  libinit2.o(.ARM.Collect$$libinit$$0000000E)
    __rt_lib_init_signal_1                   0x10000155   Thumb Code     0  libinit2.o(.ARM.Collect$$libinit$$0000001D)
    __rt_lib_init_stdio_2                    0x10000155   Thumb Code     0  libinit2.o(.ARM.Collect$$libinit$$00000024)
    __rt_lib_init_user_alloc_1               0x10000155   Thumb Code     0  libinit2.o(.ARM.Collect$$libinit$$0000000C)
    __rt_lib_init_alloca_1                   0x10000159   Thumb Code     0  libinit2.o(.ARM.Collect$$libinit$$0000002E)
    __rt_lib_init_argv_1                     0x10000159   Thumb Code     0  libinit2.o(.ARM.Collect$$libinit$$0000002C)
    __rt_lib_init_cpp_1                      0x10000159   Thumb Code     0  libinit2.o(.ARM.Collect$$libinit$$00000032)
    __rt_lib_init_exceptions_1               0x10000159   Thumb Code     0  libinit2.o(.ARM.Collect$$libinit$$00000030)
    __rt_lib_init_return                     0x10000159   Thumb Code     0  libinit2.o(.ARM.Collect$$libinit$$00000033)
    __rt_lib_init_stdio_1                    0x10000159   Thumb Code     0  libinit2.o(.ARM.Collect$$libinit$$00000025)
    __rt_lib_shutdown                        0x1000015b   Thumb Code     0  libshutdown.o(.ARM.Collect$$libshutdown$$00000000)
    __rt_lib_shutdown_cpp_1                  0x1000015d   Thumb Code     0  libshutdown2.o(.ARM.Collect$$libshutdown$$00000002)
    __rt_lib_shutdown_stdio_2                0x1000015d   Thumb Code     0  libshutdown2.o(.ARM.Collect$$libshutdown$$00000003)
    __rt_lib_shutdown_fp_trap_1              0x10000161   Thumb Code     0  libshutdown2.o(.ARM.Collect$$libshutdown$$00000007)
    __rt_lib_shutdown_heap_1                 0x10000161   Thumb Code     0  libshutdown2.o(.ARM.Collect$$libshutdown$$0000000F)
    __rt_lib_shutdown_return                 0x10000161   Thumb Code     0  libshutdown2.o(.ARM.Collect$$libshutdown$$00000010)
    __rt_lib_shutdown_signal_1               0x10000161   Thumb Code     0  libshutdown2.o(.ARM.Collect$$libshutdown$$0000000A)
    __rt_lib_shutdown_stdio_1                0x10000161   Thumb Code     0  libshutdown2.o(.ARM.Collect$$libshutdown$$00000004)
    __rt_lib_shutdown_user_alloc_1           0x10000161   Thumb Code     0  libshutdown2.o(.ARM.Collect$$libshutdown$$0000000C)
    __rt_entry                               0x10000163   Thumb Code     0  __rtentry.o(.ARM.Collect$$rtentry$$00000000)
    __rt_entry_presh_1                       0x10000163   Thumb Code     0  __rtentry2.o(.ARM.Collect$$rtentry$$00000002)
    __rt_entry_sh                            0x10000163   Thumb Code     0  __rtentry4.o(.ARM.Collect$$rtentry$$00000004)
    __rt_entry_li                            0x10000169   Thumb Code     0  __rtentry2.o(.ARM.Collect$$rtentry$$0000000A)
    __rt_entry_postsh_1                      0x10000169   Thumb Code     0  __rtentry2.o(.ARM.Collect$$rtentry$$00000009)
    __rt_entry_postli_1                      0x1000016d   Thumb Code     0  __rtentry2.o(.ARM.Collect$$rtentry$$0000000B)
    __rt_entry_main                          0x10000175   Thumb Code     0  __rtentry2.o(.ARM.Collect$$rtentry$$0000000D)
    __rt_exit                                0x1000017d   Thumb Code     0  rtexit.o(.ARM.Collect$$rtexit$$00000000)
    __rt_exit_ls                             0x1000017f   Thumb Code     0  rtexit2.o(.ARM.Collect$$rtexit$$00000003)
    __rt_exit_prels_1                        0x1000017f   Thumb Code     0  rtexit2.o(.ARM.Collect$$rtexit$$00000002)
    __rt_exit_exit                           0x10000183   Thumb Code     0  rtexit2.o(.ARM.Collect$$rtexit$$00000004)
    _platform_post_lib_init                  0x10000189   Thumb Code    24  rtx_conf_cm.o(.emb_text)
    rt_set_PSP                               0x100001a5   Thumb Code     6  hal_cm3.o(.emb_text)
    rt_get_PSP                               0x100001ab   Thumb Code     6  hal_cm3.o(.emb_text)
    os_set_env                               0x100001b1   Thumb Code    24  hal_cm3.o(.emb_text)
    _alloc_box                               0x100001cd   Thumb Code    28  hal_cm3.o(.emb_text)
    _free_box                                0x100001ed   Thumb Code    28  hal_cm3.o(.emb_text)
    SVC_Handler                              0x1000020d   Thumb Code   108  hal_cm3.o(.emb_text)
    PendSV_Handler                           0x10000285   Thumb Code    56  hal_cm3.o(.emb_text)
    SysTick_Handler                          0x100002c1   Thumb Code     8  hal_cm3.o(.emb_text)
    OS_Tick_Handler                          0x100002c9   Thumb Code    12  hal_cm3.o(.emb_text)
    _maybe_terminate_alloc                   0x100002d5   Thumb Code     0  maybetermalloc1.o(.emb_text)
    main                                     0x100002d5   Thumb Code   200  drehzahlmain.o(.text)
    ___Sensor___IRQHandler                   0x100003cd   Thumb Code     2  rotationsensor.o(.text)
    initSensor                               0x100003cf   Thumb Code     2  rotationsensor.o(.text)
    RotSensorThread                          0x100003d1   Thumb Code     4  rotationsensor.o(.text)
    keyThread                                0x100003d5   Thumb Code   116  keythread.o(.text)
    os_idle_demon                            0x10000451   Thumb Code     4  rtx_conf_cm.o(.text)
    os_error                                 0x10000455   Thumb Code    34  rtx_conf_cm.o(.text)
    __user_perthread_libspace                0x10000477   Thumb Code    32  rtx_conf_cm.o(.text)
    _mutex_initialize                        0x10000497   Thumb Code    34  rtx_conf_cm.o(.text)
    _mutex_acquire                           0x100004b9   Thumb Code    22  rtx_conf_cm.o(.text)
    _mutex_release                           0x100004cf   Thumb Code    18  rtx_conf_cm.o(.text)
    _sys_open                                0x100004fd   Thumb Code    80  retarget_io.o(.text)
    _sys_close                               0x1000054d   Thumb Code    38  retarget_io.o(.text)
    _sys_write                               0x10000573   Thumb Code    70  retarget_io.o(.text)
    _sys_read                                0x100005b9   Thumb Code    46  retarget_io.o(.text)
    _sys_istty                               0x100005e7   Thumb Code    36  retarget_io.o(.text)
    _sys_seek                                0x1000060b   Thumb Code    44  retarget_io.o(.text)
    _sys_flen                                0x10000637   Thumb Code    36  retarget_io.o(.text)
    Reset_Handler                            0x10000675   Thumb Code     8  startup_lpc17xx.o(.text)
    NMI_Handler                              0x1000067d   Thumb Code     2  startup_lpc17xx.o(.text)
    HardFault_Handler                        0x1000067f   Thumb Code     2  startup_lpc17xx.o(.text)
    MemManage_Handler                        0x10000681   Thumb Code     2  startup_lpc17xx.o(.text)
    BusFault_Handler                         0x10000683   Thumb Code     2  startup_lpc17xx.o(.text)
    UsageFault_Handler                       0x10000685   Thumb Code     2  startup_lpc17xx.o(.text)
    DebugMon_Handler                         0x10000689   Thumb Code     2  startup_lpc17xx.o(.text)
    ADC_IRQHandler                           0x1000068f   Thumb Code     0  startup_lpc17xx.o(.text)
    BOD_IRQHandler                           0x1000068f   Thumb Code     0  startup_lpc17xx.o(.text)
    CANActivity_IRQHandler                   0x1000068f   Thumb Code     0  startup_lpc17xx.o(.text)
    CAN_IRQHandler                           0x1000068f   Thumb Code     0  startup_lpc17xx.o(.text)
    DMA_IRQHandler                           0x1000068f   Thumb Code     0  startup_lpc17xx.o(.text)
    EINT0_IRQHandler                         0x1000068f   Thumb Code     0  startup_lpc17xx.o(.text)
    ENET_IRQHandler                          0x1000068f   Thumb Code     0  startup_lpc17xx.o(.text)
    I2C0_IRQHandler                          0x1000068f   Thumb Code     0  startup_lpc17xx.o(.text)
    I2C1_IRQHandler                          0x1000068f   Thumb Code     0  startup_lpc17xx.o(.text)
    I2C2_IRQHandler                          0x1000068f   Thumb Code     0  startup_lpc17xx.o(.text)
    I2S_IRQHandler                           0x1000068f   Thumb Code     0  startup_lpc17xx.o(.text)
    MCPWM_IRQHandler                         0x1000068f   Thumb Code     0  startup_lpc17xx.o(.text)
    PLL0_IRQHandler                          0x1000068f   Thumb Code     0  startup_lpc17xx.o(.text)
    PLL1_IRQHandler                          0x1000068f   Thumb Code     0  startup_lpc17xx.o(.text)
    PWM1_IRQHandler                          0x1000068f   Thumb Code     0  startup_lpc17xx.o(.text)
    QEI_IRQHandler                           0x1000068f   Thumb Code     0  startup_lpc17xx.o(.text)
    RIT_IRQHandler                           0x1000068f   Thumb Code     0  startup_lpc17xx.o(.text)
    RTC_IRQHandler                           0x1000068f   Thumb Code     0  startup_lpc17xx.o(.text)
    SPI_IRQHandler                           0x1000068f   Thumb Code     0  startup_lpc17xx.o(.text)
    SSP0_IRQHandler                          0x1000068f   Thumb Code     0  startup_lpc17xx.o(.text)
    SSP1_IRQHandler                          0x1000068f   Thumb Code     0  startup_lpc17xx.o(.text)
    TIMER0_IRQHandler                        0x1000068f   Thumb Code     0  startup_lpc17xx.o(.text)
    TIMER1_IRQHandler                        0x1000068f   Thumb Code     0  startup_lpc17xx.o(.text)
    TIMER2_IRQHandler                        0x1000068f   Thumb Code     0  startup_lpc17xx.o(.text)
    TIMER3_IRQHandler                        0x1000068f   Thumb Code     0  startup_lpc17xx.o(.text)
    UART0_IRQHandler                         0x1000068f   Thumb Code     0  startup_lpc17xx.o(.text)
    UART1_IRQHandler                         0x1000068f   Thumb Code     0  startup_lpc17xx.o(.text)
    UART2_IRQHandler                         0x1000068f   Thumb Code     0  startup_lpc17xx.o(.text)
    UART3_IRQHandler                         0x1000068f   Thumb Code     0  startup_lpc17xx.o(.text)
    USBActivity_IRQHandler                   0x1000068f   Thumb Code     0  startup_lpc17xx.o(.text)
    USB_IRQHandler                           0x1000068f   Thumb Code     0  startup_lpc17xx.o(.text)
    WDT_IRQHandler                           0x1000068f   Thumb Code     0  startup_lpc17xx.o(.text)
    __user_initial_stackheap                 0x10000691   Thumb Code     0  startup_lpc17xx.o(.text)
    SystemCoreClockUpdate                    0x100006b5   Thumb Code   408  system_lpc17xx.o(.text)
    SystemInit                               0x1000084d   Thumb Code   318  system_lpc17xx.o(.text)
    doMaxIIconfig                            0x100009a9   Thumb Code   268  max_ii_configurator.o(.text)
    E4initMotor                              0x10000ac1   Thumb Code    96  rotmotor.o(.text)
    E4setDirection                           0x10000b21   Thumb Code    18  rotmotor.o(.text)
    E4setRunStop                             0x10000b33   Thumb Code    46  rotmotor.o(.text)
    E4updateSpeed                            0x10000b61   Thumb Code    36  rotmotor.o(.text)
    E4initHEXSW                              0x10000b91   Thumb Code   158  hexsw.o(.text)
    E4getHexSW                               0x10000c2f   Thumb Code    12  hexsw.o(.text)
    EINT3_IRQHandler                         0x10000c3b   Thumb Code    22  hexsw.o(.text)
    EINT1_IRQHandler                         0x10000c8d   Thumb Code    20  motkeys.o(.text)
    EINT2_IRQHandler                         0x10000ca1   Thumb Code    20  motkeys.o(.text)
    E4initMotKeysIRQ                         0x10000cb5   Thumb Code   122  motkeys.o(.text)
    E4updateDisplay                          0x10000d75   Thumb Code   194  rotationdisplay.o(.text)
    __user_libspace                          0x10000e61   Thumb Code     8  libspace.o(.text)
    __user_perproc_libspace                  0x10000e61   Thumb Code     0  libspace.o(.text)
    __aeabi_uldivmod                         0x10000e69   Thumb Code     0  lludivv7m.o(.text)
    _ll_udiv                                 0x10000e69   Thumb Code   238  lludivv7m.o(.text)
    __2printf                                0x10000f59   Thumb Code    20  noretval__2printf.o(.text)
    _printf_pre_padding                      0x10000f71   Thumb Code    44  _printf_pad.o(.text)
    _printf_post_padding                     0x10000f9d   Thumb Code    34  _printf_pad.o(.text)
    _printf_int_dec                          0x10000fc1   Thumb Code   104  _printf_dec.o(.text)
    __printf                                 0x10001039   Thumb Code   270  __printf_wp.o(.text)
    _do_fflush                               0x10001149   Thumb Code    74  fflush_locked.o(.text)
    fflush                                   0x10001193   Thumb Code    60  fflush_locked.o(.text)
    exit                                     0x100011d9   Thumb Code    18  exit.o(.text)
    strcmp                                   0x100011ed   Thumb Code   128  strcmpv7m.o(.text)
    __use_two_region_memory                  0x1000126d   Thumb Code     2  heapauxi.o(.text)
    __rt_heap_escrow                         0x1000126f   Thumb Code     2  heapauxi.o(.text)
    __rt_heap_expand                         0x10001271   Thumb Code     2  heapauxi.o(.text)
    _printf_int_common                       0x10001273   Thumb Code   178  _printf_intcommon.o(.text)
    _fseek                                   0x10001325   Thumb Code   242  fseek.o(.text)
    fseek                                    0x10001325   Thumb Code     0  fseek.o(.text)
    _seterr                                  0x1000141d   Thumb Code    20  stdio.o(.text)
    _writebuf                                0x10001431   Thumb Code    84  stdio.o(.text)
    _fflush                                  0x10001485   Thumb Code    70  stdio.o(.text)
    _deferredlazyseek                        0x100014cb   Thumb Code    60  stdio.o(.text)
    _initio                                  0x1000150d   Thumb Code   240  initio_locked.o(.text)
    _terminateio                             0x100015fd   Thumb Code   168  initio_locked.o(.text)
    _free_internal                           0x100016d5   Thumb Code    98  h1_free_mt.o(.text)
    free                                     0x10001737   Thumb Code    20  h1_free_mt.o(.text)
    _printf_char_common                      0x10001757   Thumb Code    32  _printf_char_common.o(.text)
    _ftell_internal                          0x1000177d   Thumb Code    66  ftell.o(.text)
    ftell                                    0x1000177d   Thumb Code     0  ftell.o(.text)
    _fclose_internal                         0x100017bf   Thumb Code    76  fclose.o(.text)
    fclose                                   0x100017bf   Thumb Code     0  fclose.o(.text)
    setvbuf                                  0x1000180b   Thumb Code   104  setvbuf_locked.o(.text)
    freopen                                  0x10001923   Thumb Code    42  fopen_locked.o(.text)
    _fopen$locked                            0x1000194d   Thumb Code   100  fopen_locked.o(.text)
    __rt_SIGRTRED                            0x100019b9   Thumb Code    14  defsig_rtred_outer.o(.text)
    __aeabi_memclr4                          0x100019c7   Thumb Code     0  rt_memclr_w.o(.text)
    __aeabi_memclr8                          0x100019c7   Thumb Code     0  rt_memclr_w.o(.text)
    __rt_memclr_w                            0x100019c7   Thumb Code    78  rt_memclr_w.o(.text)
    _memset_w                                0x100019cb   Thumb Code     0  rt_memclr_w.o(.text)
    _sys_exit                                0x10001a15   Thumb Code     8  sys_exit.o(.text)
    __user_setup_stackheap                   0x10001a21   Thumb Code    74  sys_stackheap_outer.o(.text)
    __rt_heap_descriptor                     0x10001a6b   Thumb Code    10  rt_heap_descriptor_twolibspace.o(.text)
    __aeabi_errno_addr                       0x10001a75   Thumb Code     4  rt_errno_addr_twolibspace.o(.text)
    __errno$twolibspace                      0x10001a75   Thumb Code     0  rt_errno_addr_twolibspace.o(.text)
    __rt_errno_addr$twolibspace              0x10001a75   Thumb Code     0  rt_errno_addr_twolibspace.o(.text)
    __use_no_heap                            0x10001a79   Thumb Code     2  hguard.o(.text)
    __heap$guard                             0x10001a7b   Thumb Code     2  hguard.o(.text)
    _terminate_user_alloc                    0x10001a7d   Thumb Code     2  init_alloc.o(.text)
    _init_user_alloc                         0x10001a7f   Thumb Code     2  init_alloc.o(.text)
    __Heap_Full                              0x10001a81   Thumb Code    34  init_alloc.o(.text)
    __Heap_Broken                            0x10001aa3   Thumb Code     6  init_alloc.o(.text)
    _init_alloc                              0x10001aa9   Thumb Code    94  init_alloc.o(.text)
    _malloc_internal                         0x10001b0f   Thumb Code   130  h1_alloc_mt.o(.text)
    malloc                                   0x10001b91   Thumb Code    20  h1_alloc_mt.o(.text)
    __flsbuf                                 0x10001ba5   Thumb Code   470  flsbuf.o(.text)
    __flsbuf_byte                            0x10001ba5   Thumb Code     0  flsbuf.o(.text)
    __flsbuf_wide                            0x10001ba5   Thumb Code     0  flsbuf.o(.text)
    __sig_exit                               0x10001d7b   Thumb Code    10  defsig_exit.o(.text)
    __rt_SIGRTRED_inner                      0x10001d85   Thumb Code    14  defsig_rtred_inner.o(.text)
    __I$use$semihosting                      0x10001db9   Thumb Code     0  use_no_semi.o(.text)
    __use_no_semihosting_swi                 0x10001db9   Thumb Code     2  use_no_semi.o(.text)
    __Heap_Initialize                        0x10001dbb   Thumb Code    14  h1_init_mt.o(.text)
    __semihosting_library_function           0x10001dbb   Thumb Code     0  indicate_semi.o(.text)
    __Heap_DescSize                          0x10001dc9   Thumb Code     4  h1_init_mt.o(.text)
    __Heap_ProvideMemory                     0x10001dcd   Thumb Code    62  h1_extend_mt.o(.text)
    _printf_char_file                        0x10001e0d   Thumb Code    58  _printf_char_file_locked.o(.text)
    __default_signal_display                 0x10001e4d   Thumb Code    50  defsig_general.o(.text)
    __rt_SIGRTMEM                            0x10001e7f   Thumb Code    14  defsig_rtmem_outer.o(.text)
    _ttywrch                                 0x10001e8d   Thumb Code    14  sys_wrch.o(.text)
    __rt_SIGRTMEM_inner                      0x10001e9d   Thumb Code    22  defsig_rtmem_inner.o(.text)
    SVC_Count                                0x10001eec   Data           4  svc_table.o(SVC_TABLE)
    LCDwrite                                 0x10001ef1   Thumb Code    80  embsysarmdisp.o(i.LCDwrite)
    SVC_Table                                0x10001ef0   Data           0  svc_table.o(SVC_TABLE)
    _init_box                                0x10001f45   Thumb Code    70  rt_membox.o(i._init_box)
    _is_digit                                0x10001f8b   Thumb Code    14  __printf_wp.o(i._is_digit)
    clearETTI4display                        0x10001f99   Thumb Code   106  embsysarmdisp.o(i.clearETTI4display)
    dbg_init                                 0x1000200d   Thumb Code    34  hal_cm.o(i.dbg_init)
    dbg_task_notify                          0x1000203d   Thumb Code    32  hal_cm.o(i.dbg_task_notify)
    dbg_task_switch                          0x1000205d   Thumb Code    16  hal_cm.o(i.dbg_task_switch)
    _fputc$unlocked                          0x1000207b   Thumb Code    26  fputc.o(i.fputc)
    isrMessagePut                            0x10002095   Thumb Code    44  rt_cmsis.o(i.isrMessagePut)
    isrSignalSet                             0x100020c1   Thumb Code    36  rt_cmsis.o(i.isrSignalSet)
    isr_evt_set                              0x100020e5   Thumb Code    34  rt_event.o(i.isr_evt_set)
    isr_mbx_send                             0x1000210d   Thumb Code    14  rt_mailbox.o(i.isr_mbx_send)
    lcd_write_cmd                            0x1000211d   Thumb Code    32  embsysarmdisp.o(i.lcd_write_cmd)
    lcd_write_data                           0x10002141   Thumb Code    32  embsysarmdisp.o(i.lcd_write_data)
    osDelay                                  0x10002165   Thumb Code    18  rt_cmsis.o(i.osDelay)
    osKernelInitialize                       0x1000217d   Thumb Code    30  rt_cmsis.o(i.osKernelInitialize)
    osKernelStart                            0x100021a1   Thumb Code    98  rt_cmsis.o(i.osKernelStart)
    osSemaphoreCreate                        0x1000220d   Thumb Code    38  rt_cmsis.o(i.osSemaphoreCreate)
    osSignalSet                              0x1000223d   Thumb Code    18  rt_cmsis.o(i.osSignalSet)
    osSignalWait                             0x10002255   Thumb Code    18  rt_cmsis.o(i.osSignalWait)
    osThreadCreate                           0x1000226d   Thumb Code    38  rt_cmsis.o(i.osThreadCreate)
    osThreadExit                             0x1000229d   Thumb Code    14  rt_cmsis.o(i.osThreadExit)
    osThreadGetId                            0x100022b5   Thumb Code    18  rt_cmsis.o(i.osThreadGetId)
    osThreadSetPriority                      0x100022cd   Thumb Code    18  rt_cmsis.o(i.osThreadSetPriority)
    os_tick_init                             0x100022e5   Thumb Code    32  rt_system.o(i.os_tick_init)
    os_tick_irqack                           0x1000230d   Thumb Code     2  rt_system.o(i.os_tick_irqack)
    rt_alloc_box                             0x1000230f   Thumb Code    26  rt_membox.o(i.rt_alloc_box)
    rt_alloc_mem                             0x10002329   Thumb Code    62  rt_memory.o(i.rt_alloc_mem)
    rt_block                                 0x10002369   Thumb Code    48  rt_task.o(i.rt_block)
    rt_chk_robin                             0x100023a1   Thumb Code    60  rt_robin.o(i.rt_chk_robin)
    rt_dec_dly                               0x100023e9   Thumb Code   102  rt_list.o(i.rt_dec_dly)
    rt_dispatch                              0x10002459   Thumb Code    60  rt_task.o(i.rt_dispatch)
    rt_dly_wait                              0x1000249d   Thumb Code     6  rt_time.o(i.rt_dly_wait)
    rt_evt_psh                               0x100024a5   Thumb Code    76  rt_event.o(i.rt_evt_psh)
    rt_evt_set                               0x100024f5   Thumb Code    88  rt_event.o(i.rt_evt_set)
    rt_evt_wait                              0x10002551   Thumb Code    56  rt_event.o(i.rt_evt_wait)
    rt_free_box                              0x1000258d   Thumb Code    44  rt_membox.o(i.rt_free_box)
    rt_free_mem                              0x100025b9   Thumb Code    40  rt_memory.o(i.rt_free_mem)
    rt_get_first                             0x100025e1   Thumb Code    40  rt_list.o(i.rt_get_first)
    rt_init_mem                              0x10002651   Thumb Code    26  rt_memory.o(i.rt_init_mem)
    rt_init_robin                            0x1000266d   Thumb Code    14  rt_robin.o(i.rt_init_robin)
    rt_init_stack                            0x10002685   Thumb Code   118  hal_cm.o(i.rt_init_stack)
    rt_mbx_check                             0x10002705   Thumb Code     8  rt_mailbox.o(i.rt_mbx_check)
    rt_mbx_init                              0x1000270d   Thumb Code    26  rt_mailbox.o(i.rt_mbx_init)
    rt_mbx_psh                               0x10002729   Thumb Code   236  rt_mailbox.o(i.rt_mbx_psh)
    rt_mut_init                              0x1000285d   Thumb Code    16  rt_mutex.o(i.rt_mut_init)
    rt_mut_release                           0x1000286d   Thumb Code   208  rt_mutex.o(i.rt_mut_release)
    rt_mut_wait                              0x10002945   Thumb Code   100  rt_mutex.o(i.rt_mut_wait)
    rt_pop_req                               0x100029ad   Thumb Code   112  rt_system.o(i.rt_pop_req)
    rt_psh_req                               0x10002a29   Thumb Code    22  rt_system.o(i.rt_psh_req)
    rt_psq_enq                               0x10002a49   Thumb Code    88  rt_list.o(i.rt_psq_enq)
    rt_put_dly                               0x10002aa5   Thumb Code    68  rt_list.o(i.rt_put_dly)
    rt_put_prio                              0x10002aed   Thumb Code    54  rt_list.o(i.rt_put_prio)
    rt_put_rdy_first                         0x10002b25   Thumb Code    14  rt_list.o(i.rt_put_rdy_first)
    rt_resort_prio                           0x10002b39   Thumb Code    46  rt_list.o(i.rt_resort_prio)
    rt_ret_val                               0x10002b6d   Thumb Code     6  hal_cm.o(i.rt_ret_val)
    rt_ret_val2                              0x10002b73   Thumb Code     8  hal_cm.o(i.rt_ret_val2)
    rt_rmv_dly                               0x10002b7b   Thumb Code    40  rt_list.o(i.rt_rmv_dly)
    rt_rmv_list                              0x10002ba5   Thumb Code    44  rt_list.o(i.rt_rmv_list)
    rt_sem_init                              0x10002bd5   Thumb Code    12  rt_semaphore.o(i.rt_sem_init)
    rt_sem_psh                               0x10002be1   Thumb Code    48  rt_semaphore.o(i.rt_sem_psh)
    rt_stk_check                             0x10002c15   Thumb Code    28  rt_system.o(i.rt_stk_check)
    rt_switch_req                            0x10002c39   Thumb Code    30  rt_task.o(i.rt_switch_req)
    rt_sys_init                              0x10002c61   Thumb Code   138  rt_task.o(i.rt_sys_init)
    rt_sys_start                             0x10002d2d   Thumb Code   110  rt_task.o(i.rt_sys_start)
    rt_systick                               0x10002da5   Thumb Code    50  rt_system.o(i.rt_systick)
    rt_tsk_create                            0x10002e2d   Thumb Code   118  rt_task.o(i.rt_tsk_create)
    rt_tsk_delete                            0x10002eb5   Thumb Code   352  rt_task.o(i.rt_tsk_delete)
    rt_tsk_prio                              0x10003031   Thumb Code   108  rt_task.o(i.rt_tsk_prio)
    rt_tsk_self                              0x100030ad   Thumb Code    12  rt_task.o(i.rt_tsk_self)
    setPosETTI4display                       0x100030bd   Thumb Code   198  embsysarmdisp.o(i.setPosETTI4display)
    stdout_putchar                           0x1000318d   Thumb Code   262  embsysarmdisp.o(i.stdout_putchar)
    svcDelay                                 0x1000329d   Thumb Code    18  rt_cmsis.o(i.svcDelay)
    svcKernelInitialize                      0x100032b1   Thumb Code    80  rt_cmsis.o(i.svcKernelInitialize)
    svcKernelStart                           0x10003321   Thumb Code    62  rt_cmsis.o(i.svcKernelStart)
    svcMessageCreate                         0x10003369   Thumb Code    36  rt_cmsis.o(i.svcMessageCreate)
    svcSemaphoreCreate                       0x1000338d   Thumb Code    36  rt_cmsis.o(i.svcSemaphoreCreate)
    svcSignalSet                             0x100033b1   Thumb Code    36  rt_cmsis.o(i.svcSignalSet)
    svcSignalWait                            0x100033d5   Thumb Code    80  rt_cmsis.o(i.svcSignalWait)
    svcThreadCreate                          0x10003429   Thumb Code   100  rt_cmsis.o(i.svcThreadCreate)
    svcThreadGetId                           0x10003499   Thumb Code    22  rt_cmsis.o(i.svcThreadGetId)
    svcThreadSetPriority                     0x100034b5   Thumb Code    46  rt_cmsis.o(i.svcThreadSetPriority)
    svcThreadTerminate                       0x100034e5   Thumb Code    50  rt_cmsis.o(i.svcThreadTerminate)
    sysTimerTick                             0x1000351d   Thumb Code    84  rt_cmsis.o(i.sysTimerTick)
    os_semaphore_def_MotorStatusSem          0x10003578   Data           4  drehzahlmain.o(.constdata)
    os_thread_def_RotSensorThread            0x1000357c   Data          16  drehzahlmain.o(.constdata)
    os_thread_def_keyThread                  0x1000358c   Data          16  drehzahlmain.o(.constdata)
    os_maxtaskrun                            0x1000359c   Data           2  rtx_conf_cm.o(.constdata)
    os_stackinfo                             0x100035a0   Data           4  rtx_conf_cm.o(.constdata)
    os_rrobin                                0x100035a4   Data           4  rtx_conf_cm.o(.constdata)
    os_tickfreq                              0x100035a8   Data           4  rtx_conf_cm.o(.constdata)
    os_tickus_i                              0x100035ac   Data           2  rtx_conf_cm.o(.constdata)
    os_tickus_f                              0x100035ae   Data           2  rtx_conf_cm.o(.constdata)
    os_trv                                   0x100035b0   Data           4  rtx_conf_cm.o(.constdata)
    os_flags                                 0x100035b4   Data           1  rtx_conf_cm.o(.constdata)
    CMSIS_RTOS_API_Version                   0x100035b8   Data           4  rtx_conf_cm.o(.constdata)
    CMSIS_RTOS_RTX_Version                   0x100035bc   Data           4  rtx_conf_cm.o(.constdata)
    os_clockrate                             0x100035c0   Data           4  rtx_conf_cm.o(.constdata)
    os_timernum                              0x100035c4   Data           4  rtx_conf_cm.o(.constdata)
    mp_tcb_size                              0x100035c8   Data           2  rtx_conf_cm.o(.constdata)
    mp_stk_size                              0x100035cc   Data           4  rtx_conf_cm.o(.constdata)
    os_stack_sz                              0x100035d0   Data           4  rtx_conf_cm.o(.constdata)
    os_fifo_size                             0x100035d4   Data           1  rtx_conf_cm.o(.constdata)
    os_messageQ_def_osTimerMessageQ          0x100035d8   Data           8  rtx_conf_cm.o(.constdata)
    mp_tmr_size                              0x100035e0   Data           2  rtx_conf_cm.o(.constdata)
    __stdin_name                             0x100035e2   Data           7  retarget_io.o(.constdata)
    __stdout_name                            0x100035e9   Data           8  retarget_io.o(.constdata)
    __stderr_name                            0x100035f1   Data           8  retarget_io.o(.constdata)
    Region$$Table$$Base                      0x10003698   Number         0  anon$$obj.o(Region$$Table)
    Region$$Table$$Limit                     0x100036b8   Number         0  anon$$obj.o(Region$$Table)
    ActMotorStatus                           0x10005000   Data           6  drehzahlmain.o(.data)
    MotDisp                                  0x10005008   Data          16  drehzahlmain.o(.data)
    MotorStatusSem                           0x10005018   Data           4  drehzahlmain.o(.data)
    os_semaphore_cb_MotorStatusSem           0x1000501c   Data           8  drehzahlmain.o(.data)
    RotSensorThreadID                        0x10005024   Data           4  drehzahlmain.o(.data)
    keyThreadID                              0x10005028   Data           4  drehzahlmain.o(.data)
    osThreadId_osTimerThread                 0x1000502c   Data           4  rtx_conf_cm.o(.data)
    osMessageQId_osTimerMessageQ             0x10005030   Data           4  rtx_conf_cm.o(.data)
    os_tmr                                   0x10005034   Data           4  rtx_conf_cm.o(.data)
    m_tmr                                    0x10005038   Data           4  rtx_conf_cm.o(.data)
    os_thread_def_main                       0x10005040   Data          16  rtx_conf_cm.o(.data)
    SystemCoreClock                          0x10005050   Data           4  system_lpc17xx.o(.data)
    os_initialized                           0x10005054   Data           1  rt_cmsis.o(.data)
    os_running                               0x10005055   Data           1  rt_cmsis.o(.data)
    os_timer_head                            0x10005058   Data           4  rt_cmsis.o(.data)
    os_tsk                                   0x1000505c   Data           8  rt_task.o(.data)
    os_tick_irqn                             0x1000506c   Data           4  rt_system.o(.data)
    os_time                                  0x10005070   Data           4  rt_time.o(.data)
    os_robin                                 0x10005074   Data           8  rt_robin.o(.data)
    dbg_msg                                  0x1000507c   Data           1  hal_cm.o(.data)
    __aeabi_stdin                            0x10005080   Data           4  stdio_streams.o(.data)
    __aeabi_stdout                           0x10005084   Data           4  stdio_streams.o(.data)
    __aeabi_stderr                           0x10005088   Data           4  stdio_streams.o(.data)
    _stream_list_lock                        0x1000508c   Data           4  streamlock.o(.data)
    mp_tcb                                   0x10005090   Data         220  rtx_conf_cm.o(.bss)
    mp_stk                                   0x10005170   Data        2064  rtx_conf_cm.o(.bss)
    os_stack_mem                             0x10005980   Data         536  rtx_conf_cm.o(.bss)
    os_fifo                                  0x10005b98   Data         132  rtx_conf_cm.o(.bss)
    os_active_TCB                            0x10005c1c   Data          16  rtx_conf_cm.o(.bss)
    os_thread_def_osTimerThread              0x10005c2c   Data          16  rtx_conf_cm.o(.bss)
    os_messageQ_q_osTimerMessageQ            0x10005c3c   Data          16  rtx_conf_cm.o(.bss)
    os_idle_TCB                              0x10005e4c   Data          52  rt_task.o(.bss)
    os_rdy                                   0x10005e80   Data          24  rt_list.o(.bss)
    os_dly                                   0x10005e98   Data          24  rt_list.o(.bss)
    __libspace_start                         0x10005eb0   Data          96  libspace.o(.bss)
    __stdin                                  0x10005f10   Data          84  stdio_streams.o(.bss)
    __temporary_stack_top$libspace           0x10005f10   Data           0  libspace.o(.bss)
    __stdout                                 0x10005f64   Data          84  stdio_streams.o(.bss)
    __stderr                                 0x10005fb8   Data          84  stdio_streams.o(.bss)



==============================================================================

Memory Map of the image

  Image Entry point : 0x100000cd

  Load Region LR_IROM1 (Base: 0x10000000, Size: 0x00003748, Max: 0x00005000, ABSOLUTE)

    Execution Region ER_IROM1 (Base: 0x10000000, Size: 0x000036b8, Max: 0x00005000, ABSOLUTE)

    Base Addr    Size         Type   Attr      Idx    E Section Name        Object

    0x10000000   0x000000cc   Data   RO          291    RESET               startup_lpc17xx.o
    0x100000cc   0x00000008   Code   RO         1835  * !!!main             c_w.l(__main.o)
    0x100000d4   0x00000034   Code   RO         2175    !!!scatter          c_w.l(__scatter.o)
    0x10000108   0x0000001a   Code   RO         2177    !!handler_copy      c_w.l(__scatter_copy.o)
    0x10000122   0x00000002   PAD
    0x10000124   0x0000001c   Code   RO         2179    !!handler_zi        c_w.l(__scatter_zi.o)
    0x10000140   0x00000000   Code   RO         1818    .ARM.Collect$$_printf_percent$$00000000  c_w.l(_printf_percent.o)
    0x10000140   0x00000006   Code   RO         1817    .ARM.Collect$$_printf_percent$$0000000A  c_w.l(_printf_u.o)
    0x10000146   0x00000004   Code   RO         1848    .ARM.Collect$$_printf_percent$$00000017  c_w.l(_printf_percent_end.o)
    0x1000014a   0x00000002   Code   RO         2093    .ARM.Collect$$libinit$$00000000  c_w.l(libinit.o)
    0x1000014c   0x00000000   Code   RO         1969    .ARM.Collect$$libinit$$00000002  c_w.l(libinit2.o)
    0x1000014c   0x00000000   Code   RO         1971    .ARM.Collect$$libinit$$00000004  c_w.l(libinit2.o)
    0x1000014c   0x00000008   Code   RO         1972    .ARM.Collect$$libinit$$00000005  c_w.l(libinit2.o)
    0x10000154   0x00000000   Code   RO         1974    .ARM.Collect$$libinit$$0000000A  c_w.l(libinit2.o)
    0x10000154   0x00000000   Code   RO         1976    .ARM.Collect$$libinit$$0000000C  c_w.l(libinit2.o)
    0x10000154   0x00000000   Code   RO         1978    .ARM.Collect$$libinit$$0000000E  c_w.l(libinit2.o)
    0x10000154   0x00000000   Code   RO         1981    .ARM.Collect$$libinit$$00000011  c_w.l(libinit2.o)
    0x10000154   0x00000000   Code   RO         1983    .ARM.Collect$$libinit$$00000013  c_w.l(libinit2.o)
    0x10000154   0x00000000   Code   RO         1985    .ARM.Collect$$libinit$$00000015  c_w.l(libinit2.o)
    0x10000154   0x00000000   Code   RO         1987    .ARM.Collect$$libinit$$00000017  c_w.l(libinit2.o)
    0x10000154   0x00000000   Code   RO         1989    .ARM.Collect$$libinit$$00000019  c_w.l(libinit2.o)
    0x10000154   0x00000000   Code   RO         1991    .ARM.Collect$$libinit$$0000001B  c_w.l(libinit2.o)
    0x10000154   0x00000000   Code   RO         1993    .ARM.Collect$$libinit$$0000001D  c_w.l(libinit2.o)
    0x10000154   0x00000000   Code   RO         1995    .ARM.Collect$$libinit$$0000001F  c_w.l(libinit2.o)
    0x10000154   0x00000000   Code   RO         1997    .ARM.Collect$$libinit$$00000021  c_w.l(libinit2.o)
    0x10000154   0x00000000   Code   RO         1999    .ARM.Collect$$libinit$$00000023  c_w.l(libinit2.o)
    0x10000154   0x00000004   Code   RO         2000    .ARM.Collect$$libinit$$00000024  c_w.l(libinit2.o)
    0x10000158   0x00000000   Code   RO         2001    .ARM.Collect$$libinit$$00000025  c_w.l(libinit2.o)
    0x10000158   0x00000000   Code   RO         2005    .ARM.Collect$$libinit$$0000002C  c_w.l(libinit2.o)
    0x10000158   0x00000000   Code   RO         2007    .ARM.Collect$$libinit$$0000002E  c_w.l(libinit2.o)
    0x10000158   0x00000000   Code   RO         2009    .ARM.Collect$$libinit$$00000030  c_w.l(libinit2.o)
    0x10000158   0x00000000   Code   RO         2011    .ARM.Collect$$libinit$$00000032  c_w.l(libinit2.o)
    0x10000158   0x00000002   Code   RO         2012    .ARM.Collect$$libinit$$00000033  c_w.l(libinit2.o)
    0x1000015a   0x00000002   Code   RO         2094    .ARM.Collect$$libshutdown$$00000000  c_w.l(libshutdown.o)
    0x1000015c   0x00000000   Code   RO         2014    .ARM.Collect$$libshutdown$$00000002  c_w.l(libshutdown2.o)
    0x1000015c   0x00000004   Code   RO         2015    .ARM.Collect$$libshutdown$$00000003  c_w.l(libshutdown2.o)
    0x10000160   0x00000000   Code   RO         2016    .ARM.Collect$$libshutdown$$00000004  c_w.l(libshutdown2.o)
    0x10000160   0x00000000   Code   RO         2019    .ARM.Collect$$libshutdown$$00000007  c_w.l(libshutdown2.o)
    0x10000160   0x00000000   Code   RO         2022    .ARM.Collect$$libshutdown$$0000000A  c_w.l(libshutdown2.o)
    0x10000160   0x00000000   Code   RO         2024    .ARM.Collect$$libshutdown$$0000000C  c_w.l(libshutdown2.o)
    0x10000160   0x00000000   Code   RO         2027    .ARM.Collect$$libshutdown$$0000000F  c_w.l(libshutdown2.o)
    0x10000160   0x00000002   Code   RO         2028    .ARM.Collect$$libshutdown$$00000010  c_w.l(libshutdown2.o)
    0x10000162   0x00000000   Code   RO         1837    .ARM.Collect$$rtentry$$00000000  c_w.l(__rtentry.o)
    0x10000162   0x00000000   Code   RO         1859    .ARM.Collect$$rtentry$$00000002  c_w.l(__rtentry2.o)
    0x10000162   0x00000006   Code   RO         1871    .ARM.Collect$$rtentry$$00000004  c_w.l(__rtentry4.o)
    0x10000168   0x00000000   Code   RO         1861    .ARM.Collect$$rtentry$$00000009  c_w.l(__rtentry2.o)
    0x10000168   0x00000004   Code   RO         1862    .ARM.Collect$$rtentry$$0000000A  c_w.l(__rtentry2.o)
    0x1000016c   0x00000008   Code   RO         1863    .ARM.Collect$$rtentry$$0000000B  c_w.l(__rtentry2.o)
    0x10000174   0x00000008   Code   RO         1865    .ARM.Collect$$rtentry$$0000000D  c_w.l(__rtentry2.o)
    0x1000017c   0x00000002   Code   RO         1838    .ARM.Collect$$rtexit$$00000000  c_w.l(rtexit.o)
    0x1000017e   0x00000000   Code   RO         1874    .ARM.Collect$$rtexit$$00000002  c_w.l(rtexit2.o)
    0x1000017e   0x00000004   Code   RO         1875    .ARM.Collect$$rtexit$$00000003  c_w.l(rtexit2.o)
    0x10000182   0x00000006   Code   RO         1876    .ARM.Collect$$rtexit$$00000004  c_w.l(rtexit2.o)
    0x10000188   0x0000001c   Code   RO          227    .emb_text           rtx_conf_cm.o
    0x100001a4   0x00000130   Code   RO         1767    .emb_text           RTX_CM3.lib(hal_cm3.o)
    0x100002d4   0x00000000   Code   RO         2102    .emb_text           c_w.l(maybetermalloc1.o)
    0x100002d4   0x000000f8   Code   RO            4    .text               drehzahlmain.o
    0x100003cc   0x00000008   Code   RO           94    .text               rotationsensor.o
    0x100003d4   0x0000007c   Code   RO          171    .text               keythread.o
    0x10000450   0x000000ac   Code   RO          228    .text               rtx_conf_cm.o
    0x100004fc   0x00000178   Code   RO          255    .text               retarget_io.o
    0x10000674   0x00000040   Code   RO          293    .text               startup_lpc17xx.o
    0x100006b4   0x000002f4   Code   RO          302    .text               system_lpc17xx.o
    0x100009a8   0x00000118   Code   RO         1074    .text               max_II_configurator.lib(max_ii_configurator.o)
    0x10000ac0   0x000000d0   Code   RO         1152    .text               DrehzahlRTX.lib(rotmotor.o)
    0x10000b90   0x000000dc   Code   RO         1205    .text               DrehzahlRTX.lib(hexsw.o)
    0x10000c6c   0x00000108   Code   RO         1247    .text               DrehzahlRTX.lib(motkeys.o)
    0x10000d74   0x000000ec   Code   RO         1278    .text               DrehzahlRTX.lib(rotationdisplay.o)
    0x10000e60   0x00000008   Code   RO         1782    .text               c_w.l(libspace.o)
    0x10000e68   0x000000ee   Code   RO         1785    .text               c_w.l(lludivv7m.o)
    0x10000f56   0x00000002   PAD
    0x10000f58   0x00000018   Code   RO         1789    .text               c_w.l(noretval__2printf.o)
    0x10000f70   0x0000004e   Code   RO         1793    .text               c_w.l(_printf_pad.o)
    0x10000fbe   0x00000002   PAD
    0x10000fc0   0x00000078   Code   RO         1795    .text               c_w.l(_printf_dec.o)
    0x10001038   0x0000010e   Code   RO         1805    .text               c_w.l(__printf_wp.o)
    0x10001146   0x00000002   PAD
    0x10001148   0x00000090   Code   RO         1827    .text               c_w.l(fflush_locked.o)
    0x100011d8   0x00000012   Code   RO         1829    .text               c_w.l(exit.o)
    0x100011ea   0x00000002   PAD
    0x100011ec   0x00000080   Code   RO         1831    .text               c_w.l(strcmpv7m.o)
    0x1000126c   0x00000006   Code   RO         1833    .text               c_w.l(heapauxi.o)
    0x10001272   0x000000b2   Code   RO         1844    .text               c_w.l(_printf_intcommon.o)
    0x10001324   0x000000f8   Code   RO         1849    .text               c_w.l(fseek.o)
    0x1000141c   0x000000f0   Code   RO         1851    .text               c_w.l(stdio.o)
    0x1000150c   0x000001c8   Code   RO         1856    .text               c_w.l(initio_locked.o)
    0x100016d4   0x00000076   Code   RO         1886    .text               c_w.l(h1_free_mt.o)
    0x1000174a   0x00000002   PAD
    0x1000174c   0x00000030   Code   RO         1938    .text               c_w.l(_printf_char_common.o)
    0x1000177c   0x00000042   Code   RO         1946    .text               c_w.l(ftell.o)
    0x100017be   0x0000004c   Code   RO         1952    .text               c_w.l(fclose.o)
    0x1000180a   0x00000068   Code   RO         1958    .text               c_w.l(setvbuf_locked.o)
    0x10001872   0x00000002   PAD
    0x10001874   0x00000144   Code   RO         1960    .text               c_w.l(fopen_locked.o)
    0x100019b8   0x0000000e   Code   RO         1962    .text               c_w.l(defsig_rtred_outer.o)
    0x100019c6   0x0000004e   Code   RO         1966    .text               c_w.l(rt_memclr_w.o)
    0x10001a14   0x0000000c   Code   RO         2029    .text               c_w.l(sys_exit.o)
    0x10001a20   0x0000004a   Code   RO         2031    .text               c_w.l(sys_stackheap_outer.o)
    0x10001a6a   0x0000000a   Code   RO         2040    .text               c_w.l(rt_heap_descriptor_twolibspace.o)
    0x10001a74   0x00000004   Code   RO         2047    .text               c_w.l(rt_errno_addr_twolibspace.o)
    0x10001a78   0x00000004   Code   RO         2049    .text               c_w.l(hguard.o)
    0x10001a7c   0x0000008a   Code   RO         2051    .text               c_w.l(init_alloc.o)
    0x10001b06   0x0000009e   Code   RO         2059    .text               c_w.l(h1_alloc_mt.o)
    0x10001ba4   0x000001d6   Code   RO         2073    .text               c_w.l(flsbuf.o)
    0x10001d7a   0x0000000a   Code   RO         2075    .text               c_w.l(defsig_exit.o)
    0x10001d84   0x00000034   Code   RO         2081    .text               c_w.l(defsig_rtred_inner.o)
    0x10001db8   0x00000002   Code   RO         2099    .text               c_w.l(use_no_semi.o)
    0x10001dba   0x00000000   Code   RO         2101    .text               c_w.l(indicate_semi.o)
    0x10001dba   0x00000012   Code   RO         2108    .text               c_w.l(h1_init_mt.o)
    0x10001dcc   0x0000003e   Code   RO         2110    .text               c_w.l(h1_extend_mt.o)
    0x10001e0a   0x00000002   PAD
    0x10001e0c   0x00000040   Code   RO         2112    .text               c_w.l(_printf_char_file_locked.o)
    0x10001e4c   0x00000032   Code   RO         2120    .text               c_w.l(defsig_general.o)
    0x10001e7e   0x0000000e   Code   RO         2124    .text               c_w.l(defsig_rtmem_outer.o)
    0x10001e8c   0x0000000e   Code   RO         2139    .text               c_w.l(sys_wrch.o)
    0x10001e9a   0x00000002   PAD
    0x10001e9c   0x00000050   Code   RO         2151    .text               c_w.l(defsig_rtmem_inner.o)
    0x10001eec   0x00000004   Code   RO         1777    SVC_TABLE           RTX_CM3.lib(svc_table.o)
    0x10001ef0   0x00000054   Code   RO         1119    i.LCDwrite          EmbSysLPC17disp.lib(embsysarmdisp.o)
    0x10001f44   0x00000046   Code   RO         1666    i._init_box         RTX_CM3.lib(rt_membox.o)
    0x10001f8a   0x0000000e   Code   RO         1807    i._is_digit         c_w.l(__printf_wp.o)
    0x10001f98   0x00000074   Code   RO         1121    i.clearETTI4display  EmbSysLPC17disp.lib(embsysarmdisp.o)
    0x1000200c   0x00000030   Code   RO         1719    i.dbg_init          RTX_CM3.lib(hal_cm.o)
    0x1000203c   0x00000020   Code   RO         1720    i.dbg_task_notify   RTX_CM3.lib(hal_cm.o)
    0x1000205c   0x00000010   Code   RO         1721    i.dbg_task_switch   RTX_CM3.lib(hal_cm.o)
    0x1000206c   0x0000000e   Code   RO         1122    i.delay             EmbSysLPC17disp.lib(embsysarmdisp.o)
    0x1000207a   0x0000001a   Code   RO         1943    i.fputc             c_w.l(fputc.o)
    0x10002094   0x0000002c   Code   RO          333    i.isrMessagePut     RTX_CM3.lib(rt_cmsis.o)
    0x100020c0   0x00000024   Code   RO          335    i.isrSignalSet      RTX_CM3.lib(rt_cmsis.o)
    0x100020e4   0x00000028   Code   RO         1403    i.isr_evt_set       RTX_CM3.lib(rt_event.o)
    0x1000210c   0x0000000e   Code   RO         1522    i.isr_mbx_send      RTX_CM3.lib(rt_mailbox.o)
    0x1000211a   0x00000002   PAD
    0x1000211c   0x00000024   Code   RO         1126    i.lcd_write_cmd     EmbSysLPC17disp.lib(embsysarmdisp.o)
    0x10002140   0x00000024   Code   RO         1127    i.lcd_write_data    EmbSysLPC17disp.lib(embsysarmdisp.o)
    0x10002164   0x00000018   Code   RO          336    i.osDelay           RTX_CM3.lib(rt_cmsis.o)
    0x1000217c   0x00000024   Code   RO          337    i.osKernelInitialize  RTX_CM3.lib(rt_cmsis.o)
    0x100021a0   0x0000006c   Code   RO          339    i.osKernelStart     RTX_CM3.lib(rt_cmsis.o)
    0x1000220c   0x00000030   Code   RO          358    i.osSemaphoreCreate  RTX_CM3.lib(rt_cmsis.o)
    0x1000223c   0x00000018   Code   RO          363    i.osSignalSet       RTX_CM3.lib(rt_cmsis.o)
    0x10002254   0x00000018   Code   RO          364    i.osSignalWait      RTX_CM3.lib(rt_cmsis.o)
    0x1000226c   0x00000030   Code   RO          365    i.osThreadCreate    RTX_CM3.lib(rt_cmsis.o)
    0x1000229c   0x00000018   Code   RO          366    i.osThreadExit      RTX_CM3.lib(rt_cmsis.o)
    0x100022b4   0x00000018   Code   RO          367    i.osThreadGetId     RTX_CM3.lib(rt_cmsis.o)
    0x100022cc   0x00000018   Code   RO          369    i.osThreadSetPriority  RTX_CM3.lib(rt_cmsis.o)
    0x100022e4   0x00000028   Code   RO         1313    i.os_tick_init      RTX_CM3.lib(rt_system.o)
    0x1000230c   0x00000002   Code   RO         1314    i.os_tick_irqack    RTX_CM3.lib(rt_system.o)
    0x1000230e   0x0000001a   Code   RO         1667    i.rt_alloc_box      RTX_CM3.lib(rt_membox.o)
    0x10002328   0x0000003e   Code   RO         1695    i.rt_alloc_mem      RTX_CM3.lib(rt_memory.o)
    0x10002366   0x00000002   PAD
    0x10002368   0x00000038   Code   RO          954    i.rt_block          RTX_CM3.lib(rt_task.o)
    0x100023a0   0x00000048   Code   RO         1644    i.rt_chk_robin      RTX_CM3.lib(rt_robin.o)
    0x100023e8   0x00000070   Code   RO         1445    i.rt_dec_dly        RTX_CM3.lib(rt_list.o)
    0x10002458   0x00000044   Code   RO          955    i.rt_dispatch       RTX_CM3.lib(rt_task.o)
    0x1000249c   0x00000006   Code   RO         1611    i.rt_dly_wait       RTX_CM3.lib(rt_time.o)
    0x100024a2   0x00000002   PAD
    0x100024a4   0x00000050   Code   RO         1406    i.rt_evt_psh        RTX_CM3.lib(rt_event.o)
    0x100024f4   0x0000005c   Code   RO         1407    i.rt_evt_set        RTX_CM3.lib(rt_event.o)
    0x10002550   0x0000003c   Code   RO         1408    i.rt_evt_wait       RTX_CM3.lib(rt_event.o)
    0x1000258c   0x0000002c   Code   RO         1668    i.rt_free_box       RTX_CM3.lib(rt_membox.o)
    0x100025b8   0x00000028   Code   RO         1696    i.rt_free_mem       RTX_CM3.lib(rt_memory.o)
    0x100025e0   0x00000028   Code   RO         1446    i.rt_get_first      RTX_CM3.lib(rt_list.o)
    0x10002608   0x00000048   Code   RO          956    i.rt_init_context   RTX_CM3.lib(rt_task.o)
    0x10002650   0x0000001a   Code   RO         1697    i.rt_init_mem       RTX_CM3.lib(rt_memory.o)
    0x1000266a   0x00000002   PAD
    0x1000266c   0x00000018   Code   RO         1645    i.rt_init_robin     RTX_CM3.lib(rt_robin.o)
    0x10002684   0x00000080   Code   RO         1722    i.rt_init_stack     RTX_CM3.lib(hal_cm.o)
    0x10002704   0x00000008   Code   RO         1523    i.rt_mbx_check      RTX_CM3.lib(rt_mailbox.o)
    0x1000270c   0x0000001a   Code   RO         1524    i.rt_mbx_init       RTX_CM3.lib(rt_mailbox.o)
    0x10002726   0x00000002   PAD
    0x10002728   0x000000f0   Code   RO         1525    i.rt_mbx_psh        RTX_CM3.lib(rt_mailbox.o)
    0x10002818   0x00000044   Code   RO          383    i.rt_ms2tick        RTX_CM3.lib(rt_cmsis.o)
    0x1000285c   0x00000010   Code   RO         1039    i.rt_mut_init       RTX_CM3.lib(rt_mutex.o)
    0x1000286c   0x000000d8   Code   RO         1040    i.rt_mut_release    RTX_CM3.lib(rt_mutex.o)
    0x10002944   0x00000068   Code   RO         1041    i.rt_mut_wait       RTX_CM3.lib(rt_mutex.o)
    0x100029ac   0x0000007c   Code   RO         1317    i.rt_pop_req        RTX_CM3.lib(rt_system.o)
    0x10002a28   0x00000020   Code   RO         1318    i.rt_psh_req        RTX_CM3.lib(rt_system.o)
    0x10002a48   0x0000005c   Code   RO         1448    i.rt_psq_enq        RTX_CM3.lib(rt_list.o)
    0x10002aa4   0x00000048   Code   RO         1449    i.rt_put_dly        RTX_CM3.lib(rt_list.o)
    0x10002aec   0x00000036   Code   RO         1450    i.rt_put_prio       RTX_CM3.lib(rt_list.o)
    0x10002b22   0x00000002   PAD
    0x10002b24   0x00000014   Code   RO         1451    i.rt_put_rdy_first  RTX_CM3.lib(rt_list.o)
    0x10002b38   0x00000034   Code   RO         1452    i.rt_resort_prio    RTX_CM3.lib(rt_list.o)
    0x10002b6c   0x00000006   Code   RO         1723    i.rt_ret_val        RTX_CM3.lib(hal_cm.o)
    0x10002b72   0x00000008   Code   RO         1724    i.rt_ret_val2       RTX_CM3.lib(hal_cm.o)
    0x10002b7a   0x00000028   Code   RO         1453    i.rt_rmv_dly        RTX_CM3.lib(rt_list.o)
    0x10002ba2   0x00000002   PAD
    0x10002ba4   0x00000030   Code   RO         1454    i.rt_rmv_list       RTX_CM3.lib(rt_list.o)
    0x10002bd4   0x0000000c   Code   RO         1571    i.rt_sem_init       RTX_CM3.lib(rt_semaphore.o)
    0x10002be0   0x00000034   Code   RO         1572    i.rt_sem_psh        RTX_CM3.lib(rt_semaphore.o)
    0x10002c14   0x00000024   Code   RO         1320    i.rt_stk_check      RTX_CM3.lib(rt_system.o)
    0x10002c38   0x00000028   Code   RO          957    i.rt_switch_req     RTX_CM3.lib(rt_task.o)
    0x10002c60   0x000000cc   Code   RO          958    i.rt_sys_init       RTX_CM3.lib(rt_task.o)
    0x10002d2c   0x00000078   Code   RO          959    i.rt_sys_start      RTX_CM3.lib(rt_task.o)
    0x10002da4   0x00000040   Code   RO         1322    i.rt_systick        RTX_CM3.lib(rt_system.o)
    0x10002de4   0x00000012   Code   RO          384    i.rt_tid2ptcb       RTX_CM3.lib(rt_cmsis.o)
    0x10002df6   0x00000002   PAD
    0x10002df8   0x00000034   Code   RO          385    i.rt_timer_insert   RTX_CM3.lib(rt_cmsis.o)
    0x10002e2c   0x00000088   Code   RO          960    i.rt_tsk_create     RTX_CM3.lib(rt_task.o)
    0x10002eb4   0x0000017c   Code   RO          961    i.rt_tsk_delete     RTX_CM3.lib(rt_task.o)
    0x10003030   0x0000007c   Code   RO          963    i.rt_tsk_prio       RTX_CM3.lib(rt_task.o)
    0x100030ac   0x00000010   Code   RO          964    i.rt_tsk_self       RTX_CM3.lib(rt_task.o)
    0x100030bc   0x000000d0   Code   RO         1128    i.setPosETTI4display  EmbSysLPC17disp.lib(embsysarmdisp.o)
    0x1000318c   0x00000110   Code   RO         1130    i.stdout_putchar    EmbSysLPC17disp.lib(embsysarmdisp.o)
    0x1000329c   0x00000012   Code   RO          387    i.svcDelay          RTX_CM3.lib(rt_cmsis.o)
    0x100032ae   0x00000002   PAD
    0x100032b0   0x00000070   Code   RO          388    i.svcKernelInitialize  RTX_CM3.lib(rt_cmsis.o)
    0x10003320   0x00000048   Code   RO          390    i.svcKernelStart    RTX_CM3.lib(rt_cmsis.o)
    0x10003368   0x00000024   Code   RO          393    i.svcMessageCreate  RTX_CM3.lib(rt_cmsis.o)
    0x1000338c   0x00000024   Code   RO          401    i.svcSemaphoreCreate  RTX_CM3.lib(rt_cmsis.o)
    0x100033b0   0x00000024   Code   RO          406    i.svcSignalSet      RTX_CM3.lib(rt_cmsis.o)
    0x100033d4   0x00000054   Code   RO          407    i.svcSignalWait     RTX_CM3.lib(rt_cmsis.o)
    0x10003428   0x00000070   Code   RO          408    i.svcThreadCreate   RTX_CM3.lib(rt_cmsis.o)
    0x10003498   0x0000001c   Code   RO          409    i.svcThreadGetId    RTX_CM3.lib(rt_cmsis.o)
    0x100034b4   0x0000002e   Code   RO          411    i.svcThreadSetPriority  RTX_CM3.lib(rt_cmsis.o)
    0x100034e2   0x00000002   PAD
    0x100034e4   0x00000038   Code   RO          412    i.svcThreadTerminate  RTX_CM3.lib(rt_cmsis.o)
    0x1000351c   0x0000005c   Code   RO          423    i.sysTimerTick      RTX_CM3.lib(rt_cmsis.o)
    0x10003578   0x00000024   Data   RO            5    .constdata          drehzahlmain.o
    0x1000359c   0x00000046   Data   RO          230    .constdata          rtx_conf_cm.o
    0x100035e2   0x00000017   Data   RO          256    .constdata          retarget_io.o
    0x100035f9   0x0000000a   Data   RO         1131    .constdata          EmbSysLPC17disp.lib(embsysarmdisp.o)
    0x10003603   0x00000001   PAD
    0x10003604   0x00000094   Data   RO            6    .conststring        drehzahlmain.o
    0x10003698   0x00000020   Data   RO         2173    Region$$Table       anon$$obj.o


    Execution Region RW_IRAM1 (Base: 0x10005000, Size: 0x00001410, Max: 0x00003000, ABSOLUTE)

    Base Addr    Size         Type   Attr      Idx    E Section Name        Object

    0x10005000   0x0000002c   Data   RW            7    .data               drehzahlmain.o
    0x1000502c   0x00000024   Data   RW          231    .data               rtx_conf_cm.o
    0x10005050   0x00000004   Data   RW          303    .data               system_lpc17xx.o
    0x10005054   0x00000008   Data   RW          426    .data               RTX_CM3.lib(rt_cmsis.o)
    0x1000505c   0x00000008   Data   RW          966    .data               RTX_CM3.lib(rt_task.o)
    0x10005064   0x00000004   Data   RW         1132    .data               EmbSysLPC17disp.lib(embsysarmdisp.o)
    0x10005068   0x00000008   Data   RW         1325    .data               RTX_CM3.lib(rt_system.o)
    0x10005070   0x00000004   Data   RW         1615    .data               RTX_CM3.lib(rt_time.o)
    0x10005074   0x00000008   Data   RW         1646    .data               RTX_CM3.lib(rt_robin.o)
    0x1000507c   0x00000001   Data   RW         1725    .data               RTX_CM3.lib(hal_cm.o)
    0x1000507d   0x00000003   PAD
    0x10005080   0x00000004   Data   RW         1824    .data               c_w.l(stdio_streams.o)
    0x10005084   0x00000004   Data   RW         1825    .data               c_w.l(stdio_streams.o)
    0x10005088   0x00000004   Data   RW         1826    .data               c_w.l(stdio_streams.o)
    0x1000508c   0x00000004   Data   RW         1853    .data               c_w.l(streamlock.o)
    0x10005090   0x00000dbc   Zero   RW          229    .bss                rtx_conf_cm.o
    0x10005e4c   0x00000034   Zero   RW          965    .bss                RTX_CM3.lib(rt_task.o)
    0x10005e80   0x00000030   Zero   RW         1455    .bss                RTX_CM3.lib(rt_list.o)
    0x10005eb0   0x00000060   Zero   RW         1783    .bss                c_w.l(libspace.o)
    0x10005f10   0x00000054   Zero   RW         1821    .bss                c_w.l(stdio_streams.o)
    0x10005f64   0x00000054   Zero   RW         1822    .bss                c_w.l(stdio_streams.o)
    0x10005fb8   0x00000054   Zero   RW         1823    .bss                c_w.l(stdio_streams.o)
    0x1000600c   0x00000004   PAD
    0x10006010   0x00000200   Zero   RW          290    HEAP                startup_lpc17xx.o
    0x10006210   0x00000200   Zero   RW          289    STACK               startup_lpc17xx.o



  Load Region LR$$.ARM.__at_0x02FC (Base: 0x000002fc, Size: 0x00000004, Max: 0x00000004, ABSOLUTE)

    Execution Region ER$$.ARM.__at_0x02FC (Base: 0x000002fc, Size: 0x00000004, Max: 0x00000004, ABSOLUTE, UNINIT)

    Base Addr    Size         Type   Attr      Idx    E Section Name        Object

    0x000002fc   0x00000004   Code   RO          292    .ARM.__at_0x02FC    startup_lpc17xx.o


==============================================================================

Image component sizes


      Code (inc. data)   RO Data    RW Data    ZI Data      Debug   Object Name

       248         48        184         44          0      53555   drehzahlmain.o
       124          8          0          0          0        708   keythread.o
       376         26         23          0          0       3802   retarget_io.o
         8          0          0          0          0        828   rotationsensor.o
       200         34         70         36       3516       9121   rtx_conf_cm.o
        68         30        204          0       1024       1324   startup_lpc17xx.o
       756         30          0          4          0       1405   system_lpc17xx.o

    ----------------------------------------------------------------------
      1780        176        513         84       4540      70743   Object Totals
         0          0         32          0          0          0   (incl. Generated)
         0          0          0          0          0          0   (incl. Padding)

    ----------------------------------------------------------------------

      Code (inc. data)   RO Data    RW Data    ZI Data      Debug   Library Member Name

       220         28          0          0          0      24825   hexsw.o
       264         30          0          0          0      24912   motkeys.o
       236         42          0          0          0       2442   rotationdisplay.o
       208         12          0          0          0      21796   rotmotor.o
       766         42         10          4          0        532   embsysarmdisp.o
       238         24          0          1          0       3256   hal_cm.o
       304         36          0          0          0        760   hal_cm3.o
      1330        168          0          8          0      35037   rt_cmsis.o
       272         18          0          0          0       2618   rt_event.o
       530         34          0          0         48       8165   rt_list.o
       288          4          0          0          0       2393   rt_mailbox.o
       140          0          0          0          0       1901   rt_membox.o
       128          0          0          0          0       2275   rt_memory.o
       336         12          0          0          0       2057   rt_mutex.o
        96         22          0          8          0       1134   rt_robin.o
        64          4          0          0          0       1067   rt_semaphore.o
       298         52          0          8          0       6151   rt_system.o
      1216        174          0          8         52       9545   rt_task.o
         6          0          0          4          0        636   rt_time.o
         4          4          0          0          0        200   svc_table.o
         8          0          0          0          0         68   __main.o
       284          0          0          0          0        156   __printf_wp.o
         0          0          0          0          0          0   __rtentry.o
        20          0          0          0          0          0   __rtentry2.o
         6          0          0          0          0          0   __rtentry4.o
        52          8          0          0          0          0   __scatter.o
        26          0          0          0          0          0   __scatter_copy.o
        28          0          0          0          0          0   __scatter_zi.o
        48          6          0          0          0         96   _printf_char_common.o
        64          6          0          0          0         84   _printf_char_file_locked.o
       120         16          0          0          0         92   _printf_dec.o
       178          0          0          0          0         88   _printf_intcommon.o
        78          0          0          0          0        108   _printf_pad.o
         0          0          0          0          0          0   _printf_percent.o
         4          0          0          0          0          0   _printf_percent_end.o
         6          0          0          0          0          0   _printf_u.o
        10          0          0          0          0         68   defsig_exit.o
        50          0          0          0          0         88   defsig_general.o
        80         58          0          0          0         76   defsig_rtmem_inner.o
        14          0          0          0          0         80   defsig_rtmem_outer.o
        52         38          0          0          0         76   defsig_rtred_inner.o
        14          0          0          0          0         80   defsig_rtred_outer.o
        18          0          0          0          0         80   exit.o
        76          0          0          0          0         88   fclose.o
       144         10          0          0          0        128   fflush_locked.o
       470          0          0          0          0         88   flsbuf.o
       324          8          0          0          0        152   fopen_locked.o
        26          0          0          0          0         68   fputc.o
       248          6          0          0          0         84   fseek.o
        66          0          0          0          0         76   ftell.o
       158          0          0          0          0        128   h1_alloc_mt.o
        62          0          0          0          0         80   h1_extend_mt.o
       118          0          0          0          0        108   h1_free_mt.o
        18          0          0          0          0         84   h1_init_mt.o
         6          0          0          0          0        152   heapauxi.o
         4          0          0          0          0        136   hguard.o
         0          0          0          0          0          0   indicate_semi.o
       138          0          0          0          0        168   init_alloc.o
       456         48          0          0          0        116   initio_locked.o
         2          0          0          0          0          0   libinit.o
        14          0          0          0          0          0   libinit2.o
         2          0          0          0          0          0   libshutdown.o
         6          0          0          0          0          0   libshutdown2.o
         8          4          0          0         96         68   libspace.o
       238          0          0          0          0        100   lludivv7m.o
         0          0          0          0          0          0   maybetermalloc1.o
        24          4          0          0          0         84   noretval__2printf.o
         4          0          0          0          0         68   rt_errno_addr_twolibspace.o
        10          0          0          0          0         76   rt_heap_descriptor_twolibspace.o
        78          0          0          0          0         80   rt_memclr_w.o
         2          0          0          0          0          0   rtexit.o
        10          0          0          0          0          0   rtexit2.o
       104          0          0          0          0         88   setvbuf_locked.o
       240          6          0          0          0        156   stdio.o
         0          0          0         12        252          0   stdio_streams.o
       128          0          0          0          0         68   strcmpv7m.o
         0          0          0          4          0          0   streamlock.o
        12          4          0          0          0         68   sys_exit.o
        74          0          0          0          0         80   sys_stackheap_outer.o
        14          0          0          0          0         76   sys_wrch.o
         2          0          0          0          0         68   use_no_semi.o
       280         12          0          0          0       3484   max_ii_configurator.o

    ----------------------------------------------------------------------
     11708        940         11         60        452     159162   Library Totals
        38          0          1          3          4          0   (incl. Padding)

    ----------------------------------------------------------------------

      Code (inc. data)   RO Data    RW Data    ZI Data      Debug   Library Name

       928        112          0          0          0      73975   DrehzahlRTX.lib
       766         42         10          4          0        532   EmbSysLPC17disp.lib
      5250        552          0         37        100      77195   RTX_CM3.lib
      4446        222          0         16        348       3976   c_w.l
       280         12          0          0          0       3484   max_II_configurator.lib

    ----------------------------------------------------------------------
     11708        940         11         60        452     159162   Library Totals

    ----------------------------------------------------------------------

==============================================================================


      Code (inc. data)   RO Data    RW Data    ZI Data      Debug   

     13488       1116        524        144       4992     222829   Grand Totals
     13488       1116        524        144       4992     222829   ELF Image Totals
     13488       1116        524        144          0          0   ROM Totals

==============================================================================

    Total RO  Size (Code + RO Data)                14012 (  13.68kB)
    Total RW  Size (RW Data + ZI Data)              5136 (   5.02kB)
    Total ROM Size (Code + RO Data + RW Data)      14156 (  13.82kB)

==============================================================================

