<html>
<body>
<pre>
<h1>µVision Build Log</h1>
<h2>Tool Versions:</h2>
IDE-Version: µVision V5.17.0.0
Copyright (C) 2015 ARM Ltd and ARM Germany GmbH. All rights reserved.
License Information: Ferdinand Englberger UniBw M - ETTI - Institut 4 Flex license: MDK-ARM Professional: 25 user(s) (mdk_pro) Support: Apr 2017
 
Tool Versions:
Toolchain:       MDK-ARM Professional: 25 user(s)  Version: 5.17
Toolchain Path:  C:\Keil_v5\ARM\ARMCC\Bin
C Compiler:      Armcc.exe V5.06 update 1 (build 61)
Assembler:       Armasm.exe V5.06 update 1 (build 61)
Linker/Locator:  ArmLink.exe V5.06 update 1 (build 61)
Library Manager: ArmAr.exe V5.06 update 1 (build 61)
Hex Converter:   FromElf.exe V5.06 update 1 (build 61)
CPU DLL:         SARMCM3.DLL V5.17
Dialog DLL:      DARMP1.DLL V1.25.0.0
Target DLL:      UL2CM3.DLL V1.156.1.0
Dialog DLL:      TCM.DLL V1.14.6.0
 
<h2>Project:</h2>
D:\uni\Embedded_Systems_ARM\LPC17_Keil\Praktikum\PraktikumVorlage\02-GPIO_ISR_Template\EA.uvprojx
Project File Date:  01/07/2016

<h2>Output:</h2>
*** Using Compiler 'V5.06 update 1 (build 61)', folder: 'C:\Keil_v5\ARM\ARMCC\Bin'
Build target 'Simulator EA1'
assembling startup_LPC17xx.s...
compiling StepperMotor.c...
compiling RTX_Conf_CM.c...
compiling ea_test1.c...
compiling tastenleds.c...
Tastenleds\tastenleds.c(77): warning:  #940-D: missing return statement at end of non-void function "getbutton"
  }
Tastenleds\tastenleds.c(88): warning:  #940-D: missing return statement at end of non-void function "getNothalt"
  }
Tastenleds\tastenleds.c: 2 warnings, 0 errors
compiling possensor.c...
possensor\possensor.c(48): warning:  #940-D: missing return statement at end of non-void function "get_position"
  }
possensor\possensor.c: 1 warning, 0 errors
compiling system_LPC17xx.c...
linking...
Program Size: Code=6396 RO-data=308 RW-data=80 ZI-data=4608  
".\Simulator\obj\EA.axf" - 0 Error(s), 3 Warning(s).

<h2>Software Packages used:</h2>

Package Vendor: ARM
                http://www.keil.com/pack/ARM.CMSIS.4.5.0.pack
                ::CMSIS:RTOS:1.0 (API)
                CMSIS (Cortex Microcontroller Software Interface Standard)
   * Component: RTOS Version: 1.0
   * Component: CORE Version: 4.3.0
   * Component: Keil RTX Version: 4.80.0

Package Vendor: ETTI4
                http://w4s35204/Software%20Projekte%20Dateien/EmbSys_Library/ETTI4.Embedded.1.5.3.pack
                ETTI4::ETTI4:Embedded laboratory:GPIO-EA:4.5.0
                Embedded Systems laboratory files
   * Component: GPIO-EA Version: 4.5.0
   * Component: Configurator Version: 1.4.0

Package Vendor: Keil
                http://www.keil.com/pack/Keil.LPC1700_DFP.2.2.0.pack
                Keil::Device:Startup:1.0.0
                NXP LPC1700 Series Device Support, Drivers and Examples for MCB1700 and LPC1788-32
   * Component: Startup Version: 1.0.0

<h2>Collection of Component include folders:</h2>
  D:\uni\Embedded_Systems_ARM\LPC17_Keil\Praktikum\PraktikumVorlage\02-GPIO_ISR_Template\RTE
  D:\uni\Embedded_Systems_ARM\LPC17_Keil\Praktikum\PraktikumVorlage\02-GPIO_ISR_Template\RTE\Device\LPC1769
  C:\Keil_v5\ARM\PACK\ARM\CMSIS\4.5.0\CMSIS\Include
  C:\Keil_v5\ARM\PACK\ARM\CMSIS\4.5.0\CMSIS\RTOS\RTX\INC
  C:\Keil_v5\ARM\PACK\ETTI4\Embedded\1.5.3\config\includes
  C:\Keil_v5\ARM\PACK\ETTI4\Embedded\1.5.3\elevator\includes
  C:\Keil_v5\ARM\PACK\Keil\LPC1700_DFP\2.2.0\Device\Include

<h2>Collection of Component Files used:</h2>

   * Component: ::CMSIS:RTOS:1.0 (API)

   * Component: ARM::CMSIS:CORE:4.3.0

   * Component: ARM::CMSIS:RTOS:Keil RTX:4.80.0
      Source file:   CMSIS\RTOS\RTX\UserCodeTemplates\Semaphore.c
      Source file:   CMSIS\RTOS\RTX\UserCodeTemplates\Timer.c
      Include file:  CMSIS\RTOS\RTX\UserCodeTemplates\osObjects.h
      Include file:  CMSIS\RTOS\RTX\INC\cmsis_os.h
      Source file:   CMSIS\RTOS\RTX\UserCodeTemplates\MailQueue.c
      Source file:   CMSIS\RTOS\RTX\UserCodeTemplates\MsgQueue.c
      Source file:   CMSIS\RTOS\RTX\SRC\ARM\SVC_Table.s
      Source file:   CMSIS\RTOS\RTX\UserCodeTemplates\Thread.c
      Source file:   CMSIS\RTOS\RTX\UserCodeTemplates\Mutex.c
      Library file:  CMSIS\RTOS\RTX\LIB\ARM\RTX_CM3.lib
      Source file:   CMSIS\RTOS\RTX\Templates\RTX_Conf_CM.c
      Source file:   CMSIS\RTOS\RTX\UserCodeTemplates\MemPool.c
      Source file:   CMSIS\RTOS\RTX\UserCodeTemplates\main.c

   * Component: ETTI4::ETTI4:Embedded laboratory:GPIO-EA:4.5.0
      Library file:  elevator\lib\GPIO.lib
      Include file:  elevator\includes\alarm.h
      Include file:  elevator\includes\tastenleds.h
      Include file:  elevator\includes\motor.h
      Include file:  elevator\includes\possensor.h

   * Component: ETTI4::ETTI4:Embedded laboratory:Configurator:1.4.0
      Include file:  config\includes\max_II_configurator.h
      Library file:  config\lib\max_II_configurator.lib

   * Component: Keil::Device:Startup:1.0.0
      Source file:   Device\Source\ARM\startup_LPC17xx.s
      Include file:  RTE_Driver\Config\RTE_Device.h
      Source file:   Device\Source\system_LPC17xx.c
      Include file:  Device\Include\LPC17xx.h
Build Time Elapsed:  00:00:01
</pre>
</body>
</html>
